-- The C compiler identification is GNU 14.3.1
-- The CXX compiler identification is GNU 14.3.1
-- The ASM compiler identification is GNU
-- Found assembler: C:/ST/STM32CubeCLT_1.21.0/GNU-tools-for-STM32/bin/arm-none-eabi-gcc.exe
-- Detecting C compiler ABI info
-- Detecting C compiler ABI info - done
-- Check for working C compiler: C:/ST/STM32CubeCLT_1.21.0/GNU-tools-for-STM32/bin/arm-none-eabi-gcc.exe - skipped
-- Detecting C compile features
-- Detecting C compile features - done
-- Detecting CXX compiler ABI info
-- Detecting CXX compiler ABI info - done
-- Check for working CXX compiler: C:/ST/STM32CubeCLT_1.21.0/GNU-tools-for-STM32/bin/arm-none-eabi-g++.exe - skipped
-- Detecting CXX compile features
-- Detecting CXX compile features - done
-- Configuring done (4.5s)
-- Generating done (0.1s)
-- Build files have been written to: C:/Users/dust2/Documents/waterbee_controller/build
[1/101] Building C object CMakeFiles/ID_Solution.elf.dir/Working/Source_Files/Watchdog.c.obj
[2/101] Building C object CMakeFiles/ID_Solution.elf.dir/Working/Source_Files/Flash.c.obj
[3/101] Building C object CMakeFiles/ID_Solution.elf.dir/Working/Source_Files/NandInterface.c.obj
In file included from C:/Users/dust2/Documents/waterbee_controller/Working/Include_Files/NandInterface.h:3,
                 from C:/Users/dust2/Documents/waterbee_controller/Working/Source_Files/NandInterface.c:1:
C:/Users/dust2/Documents/waterbee_controller/Working/Include_Files/Main.h:5:9: warning: "NEW_BOARD" redefined
    5 | #define NEW_BOARD
      |         ^~~~~~~~~
<command-line>: note: this is the location of the previous definition
C:/Users/dust2/Documents/waterbee_controller/Working/Include_Files/Main.h:7:9: warning: "SENSOR_PH_EC" redefined
    7 | #define SENSOR_PH_EC
      |         ^~~~~~~~~~~~
<command-line>: note: this is the location of the previous definition
C:/Users/dust2/Documents/waterbee_controller/Working/Include_Files/Main.h:14:9: warning: "CH2" redefined
   14 | #define CH2
      |         ^~~
<command-line>: note: this is the location of the previous definition
[4/101] Building C object CMakeFiles/ID_Solution.elf.dir/Working/Source_Files/Interrupt.c.obj
In file included from C:/Users/dust2/Documents/waterbee_controller/Working/Include_Files/Interrupt.h:3,
                 from C:/Users/dust2/Documents/waterbee_controller/Working/Source_Files/Interrupt.c:1:
C:/Users/dust2/Documents/waterbee_controller/Working/Include_Files/Main.h:5:9: warning: "NEW_BOARD" redefined
    5 | #define NEW_BOARD
      |         ^~~~~~~~~
<command-line>: note: this is the location of the previous definition
C:/Users/dust2/Documents/waterbee_controller/Working/Include_Files/Main.h:7:9: warning: "SENSOR_PH_EC" redefined
    7 | #define SENSOR_PH_EC
      |         ^~~~~~~~~~~~
<command-line>: note: this is the location of the previous definition
C:/Users/dust2/Documents/waterbee_controller/Working/Include_Files/Main.h:14:9: warning: "CH2" redefined
   14 | #define CH2
      |         ^~~
<command-line>: note: this is the location of the previous definition
C:/Users/dust2/Documents/waterbee_controller/Working/Source_Files/Interrupt.c: In function 'CheckTrandData':
C:/Users/dust2/Documents/waterbee_controller/Working/Source_Files/Interrupt.c:129:16: warning: unused variable 'j' [-Wunused-variable]
  129 |         char i,j;
      |                ^
C:/Users/dust2/Documents/waterbee_controller/Working/Source_Files/Interrupt.c:129:14: warning: unused variable 'i' [-Wunused-variable]
  129 |         char i,j;
      |              ^
[5/101] Building C object CMakeFiles/ID_Solution.elf.dir/Working/Source_Files/Initialize.c.obj
In file included from C:/Users/dust2/Documents/waterbee_controller/Working/Include_Files/Initialize.h:3,
                 from C:/Users/dust2/Documents/waterbee_controller/Working/Source_Files/Initialize.c:1:
C:/Users/dust2/Documents/waterbee_controller/Working/Include_Files/Main.h:5:9: warning: "NEW_BOARD" redefined
    5 | #define NEW_BOARD
      |         ^~~~~~~~~
<command-line>: note: this is the location of the previous definition
C:/Users/dust2/Documents/waterbee_controller/Working/Include_Files/Main.h:7:9: warning: "SENSOR_PH_EC" redefined
    7 | #define SENSOR_PH_EC
      |         ^~~~~~~~~~~~
<command-line>: note: this is the location of the previous definition
C:/Users/dust2/Documents/waterbee_controller/Working/Include_Files/Main.h:14:9: warning: "CH2" redefined
   14 | #define CH2
      |         ^~~
<command-line>: note: this is the location of the previous definition
[6/101] Building C object CMakeFiles/ID_Solution.elf.dir/Working/Source_Files/RTC_Time.c.obj
In file included from C:/Users/dust2/Documents/waterbee_controller/Working/Source_Files/RTC_Time.c:2:
C:/Users/dust2/Documents/waterbee_controller/Working/Include_Files/Main.h:5:9: warning: "NEW_BOARD" redefined
    5 | #define NEW_BOARD
      |         ^~~~~~~~~
<command-line>: note: this is the location of the previous definition
C:/Users/dust2/Documents/waterbee_controller/Working/Include_Files/Main.h:7:9: warning: "SENSOR_PH_EC" redefined
    7 | #define SENSOR_PH_EC
      |         ^~~~~~~~~~~~
<command-line>: note: this is the location of the previous definition
C:/Users/dust2/Documents/waterbee_controller/Working/Include_Files/Main.h:14:9: warning: "CH2" redefined
   14 | #define CH2
      |         ^~~
<command-line>: note: this is the location of the previous definition
C:/Users/dust2/Documents/waterbee_controller/Working/Source_Files/RTC_Time.c: In function 'RTC_Configuration':
C:/Users/dust2/Documents/waterbee_controller/Working/Source_Files/RTC_Time.c:119:17: warning: this 'if' clause does not guard... [-Wmisleading-indentation]
  119 |                 if (i>0x1fffff); break;
      |                 ^~
C:/Users/dust2/Documents/waterbee_controller/Working/Source_Files/RTC_Time.c:119:34: note: ...this statement, but the latter is misleadingly indented as if it were guarded by the 'if'
  119 |                 if (i>0x1fffff); break;
      |                                  ^~~~~
[7/101] Building C object CMakeFiles/ID_Solution.elf.dir/Working/Source_Files/serial.c.obj
In file included from C:/Users/dust2/Documents/waterbee_controller/Working/Source_Files/serial.c:4:
C:/Users/dust2/Documents/waterbee_controller/Working/Include_Files/Main.h:5:9: warning: "NEW_BOARD" redefined
    5 | #define NEW_BOARD
      |         ^~~~~~~~~
<command-line>: note: this is the location of the previous definition
C:/Users/dust2/Documents/waterbee_controller/Working/Include_Files/Main.h:7:9: warning: "SENSOR_PH_EC" redefined
    7 | #define SENSOR_PH_EC
      |         ^~~~~~~~~~~~
<command-line>: note: this is the location of the previous definition
C:/Users/dust2/Documents/waterbee_controller/Working/Include_Files/Main.h:14:9: warning: "CH2" redefined
   14 | #define CH2
      |         ^~~
<command-line>: note: this is the location of the previous definition
C:/Users/dust2/Documents/waterbee_controller/Working/Source_Files/serial.c:8:29: warning: pointer targets in initialization of 'const uint8_t *' {aka 'const unsigned char *'} from 'char *' differ in signedness [-Wpointer-sign]
    8 | const uint8_t *HexaString = "0123456789ABCDEF";
      |                             ^~~~~~~~~~~~~~~~~~
[8/101] Building C object CMakeFiles/ID_Solution.elf.dir/Working/Source_Files/NAND.c.obj
In file included from C:/Users/dust2/Documents/waterbee_controller/Working/Include_Files/NAND.h:3,
                 from C:/Users/dust2/Documents/waterbee_controller/Working/Source_Files/NAND.c:1:
C:/Users/dust2/Documents/waterbee_controller/Working/Include_Files/Main.h:5:9: warning: "NEW_BOARD" redefined
    5 | #define NEW_BOARD
      |         ^~~~~~~~~
<command-line>: note: this is the location of the previous definition
C:/Users/dust2/Documents/waterbee_controller/Working/Include_Files/Main.h:7:9: warning: "SENSOR_PH_EC" redefined
    7 | #define SENSOR_PH_EC
      |         ^~~~~~~~~~~~
<command-line>: note: this is the location of the previous definition
C:/Users/dust2/Documents/waterbee_controller/Working/Include_Files/Main.h:14:9: warning: "CH2" redefined
   14 | #define CH2
      |         ^~~
<command-line>: note: this is the location of the previous definition
[9/101] Building C object CMakeFiles/ID_Solution.elf.dir/Working/Source_Files/DAC7512Interface.c.obj
In file included from C:/Users/dust2/Documents/waterbee_controller/Working/Include_Files/DAC7512Interface.h:4,
                 from C:/Users/dust2/Documents/waterbee_controller/Working/Source_Files/DAC7512Interface.c:1:
C:/Users/dust2/Documents/waterbee_controller/Working/Include_Files/Main.h:5:9: warning: "NEW_BOARD" redefined
    5 | #define NEW_BOARD
      |         ^~~~~~~~~
<command-line>: note: this is the location of the previous definition
C:/Users/dust2/Documents/waterbee_controller/Working/Include_Files/Main.h:7:9: warning: "SENSOR_PH_EC" redefined
    7 | #define SENSOR_PH_EC
      |         ^~~~~~~~~~~~
<command-line>: note: this is the location of the previous definition
C:/Users/dust2/Documents/waterbee_controller/Working/Include_Files/Main.h:14:9: warning: "CH2" redefined
   14 | #define CH2
      |         ^~~
<command-line>: note: this is the location of the previous definition
[10/101] Building C object CMakeFiles/ID_Solution.elf.dir/Working/Source_Files/Sensor_Manager.c.obj
In file included from C:/Users/dust2/Documents/waterbee_controller/Working/Source_Files/Sensor_Manager.c:9:
C:/Users/dust2/Documents/waterbee_controller/Working/Include_Files/Main.h:5:9: warning: "NEW_BOARD" redefined
    5 | #define NEW_BOARD
      |         ^~~~~~~~~
<command-line>: note: this is the location of the previous definition
C:/Users/dust2/Documents/waterbee_controller/Working/Include_Files/Main.h:7:9: warning: "SENSOR_PH_EC" redefined
    7 | #define SENSOR_PH_EC
      |         ^~~~~~~~~~~~
<command-line>: note: this is the location of the previous definition
C:/Users/dust2/Documents/waterbee_controller/Working/Include_Files/Main.h:14:9: warning: "CH2" redefined
   14 | #define CH2
      |         ^~~
<command-line>: note: this is the location of the previous definition
C:/Users/dust2/Documents/waterbee_controller/Working/Source_Files/Sensor_Manager.c: In function 'sensor_manager_update':
C:/Users/dust2/Documents/waterbee_controller/Working/Source_Files/Sensor_Manager.c:101:13: warning: unused variable 'i' [-Wunused-variable]
  101 |     uint8_t i;
      |             ^
[11/101] Building C object CMakeFiles/ID_Solution.elf.dir/Working/Source_Files/Communication.c.obj
In file included from C:/Users/dust2/Documents/waterbee_controller/Working/Include_Files/Communication.h:4,
                 from C:/Users/dust2/Documents/waterbee_controller/Working/Source_Files/Communication.c:7:
C:/Users/dust2/Documents/waterbee_controller/Working/Include_Files/Main.h:5:9: warning: "NEW_BOARD" redefined
    5 | #define NEW_BOARD
      |         ^~~~~~~~~
<command-line>: note: this is the location of the previous definition
C:/Users/dust2/Documents/waterbee_controller/Working/Include_Files/Main.h:7:9: warning: "SENSOR_PH_EC" redefined
    7 | #define SENSOR_PH_EC
      |         ^~~~~~~~~~~~
<command-line>: note: this is the location of the previous definition
C:/Users/dust2/Documents/waterbee_controller/Working/Include_Files/Main.h:14:9: warning: "CH2" redefined
   14 | #define CH2
      |         ^~~
<command-line>: note: this is the location of the previous definition
C:/Users/dust2/Documents/waterbee_controller/Working/Source_Files/Communication.c: In function 'S1PPm_Data_offset_function':
C:/Users/dust2/Documents/waterbee_controller/Working/Source_Files/Communication.c:218:24: warning: unused variable 'imsi2' [-Wunused-variable]
  218 |         uint32_t imsi, imsi2, imsi_S1, imsi_S2;
      |                        ^~~~~
C:/Users/dust2/Documents/waterbee_controller/Working/Source_Files/Communication.c:215:9: warning: unused variable 'i' [-Wunused-variable]
  215 |     int i = 0;
      |         ^
C:/Users/dust2/Documents/waterbee_controller/Working/Source_Files/Communication.c: In function 'SendCalData000':
C:/Users/dust2/Documents/waterbee_controller/Working/Source_Files/Communication.c:329:28: warning: format '%d' expects argument of type 'int', but argument 3 has type 'uint32_t' {aka 'long unsigned int'} [-Wformat=]
  329 |     sprintf(strBuffer2, "%5d", vaule);
      |                          ~~^   ~~~~~
      |                            |   |
      |                            int uint32_t {aka long unsigned int}
      |                          %5ld
C:/Users/dust2/Documents/waterbee_controller/Working/Source_Files/Communication.c: In function 'Modbus485Handler':
C:/Users/dust2/Documents/waterbee_controller/Working/Source_Files/Communication.c:575:113: warning: unsigned conversion from 'int' to 'uint16_t' {aka 'short unsigned int'} changes value from '200000' to '3392' [-Woverflow]
  575 |                                                                                 if (data_EC > 200000) data_EC = 200000;
      |                                                                                                                 ^~~~~~
C:/Users/dust2/Documents/waterbee_controller/Working/Source_Files/Communication.c:638:113: warning: unsigned conversion from 'int' to 'uint16_t' {aka 'short unsigned int'} changes value from '200000' to '3392' [-Woverflow]
  638 |                                                                                 if (data_EC > 200000) data_EC = 200000;
      |                                                                                                                 ^~~~~~
C:/Users/dust2/Documents/waterbee_controller/Working/Source_Files/Communication.c:514:18: warning: unused variable 'imsi' [-Wunused-variable]
  514 |         uint32_t imsi, imsi2;
      |                  ^~~~
[12/101] Building C object CMakeFiles/ID_Solution.elf.dir/Working/Source_Files/Tft.c.obj
In file included from C:/Users/dust2/Documents/waterbee_controller/Working/Include_Files/tft.h:4,
                 from C:/Users/dust2/Documents/waterbee_controller/Working/Source_Files/Tft.c:1:
C:/Users/dust2/Documents/waterbee_controller/Working/Include_Files/Main.h:5:9: warning: "NEW_BOARD" redefined
    5 | #define NEW_BOARD
      |         ^~~~~~~~~
<command-line>: note: this is the location of the previous definition
C:/Users/dust2/Documents/waterbee_controller/Working/Include_Files/Main.h:7:9: warning: "SENSOR_PH_EC" redefined
    7 | #define SENSOR_PH_EC
      |         ^~~~~~~~~~~~
<command-line>: note: this is the location of the previous definition
C:/Users/dust2/Documents/waterbee_controller/Working/Include_Files/Main.h:14:9: warning: "CH2" redefined
   14 | #define CH2
      |         ^~~
<command-line>: note: this is the location of the previous definition
C:/Users/dust2/Documents/waterbee_controller/Working/Source_Files/Tft.c:10: warning: ignoring '#pragma O0 ' [-Wunknown-pragmas]
   10 | #pragma  O0
C:/Users/dust2/Documents/waterbee_controller/Working/Source_Files/Tft.c: In function 'TFT_DrawImage':
C:/Users/dust2/Documents/waterbee_controller/Working/Source_Files/Tft.c:427:18: warning: unused variable 'data' [-Wunused-variable]
  427 |         uint16_t data;
      |                  ^~~~
[13/101] Building C object CMakeFiles/ID_Solution.elf.dir/Working/Source_Files/sensor_ph.c.obj
In file included from C:/Users/dust2/Documents/waterbee_controller/Working/Source_Files/sensor_ph.c:8:
C:/Users/dust2/Documents/waterbee_controller/Working/Include_Files/Main.h:5:9: warning: "NEW_BOARD" redefined
    5 | #define NEW_BOARD
      |         ^~~~~~~~~
<command-line>: note: this is the location of the previous definition
C:/Users/dust2/Documents/waterbee_controller/Working/Include_Files/Main.h:7:9: warning: "SENSOR_PH_EC" redefined
    7 | #define SENSOR_PH_EC
      |         ^~~~~~~~~~~~
<command-line>: note: this is the location of the previous definition
C:/Users/dust2/Documents/waterbee_controller/Working/Include_Files/Main.h:14:9: warning: "CH2" redefined
   14 | #define CH2
      |         ^~~
<command-line>: note: this is the location of the previous definition
[14/101] Building C object CMakeFiles/ID_Solution.elf.dir/Working/Source_Files/sensor_ec.c.obj
In file included from C:/Users/dust2/Documents/waterbee_controller/Working/Source_Files/sensor_ec.c:8:
C:/Users/dust2/Documents/waterbee_controller/Working/Include_Files/Main.h:5:9: warning: "NEW_BOARD" redefined
    5 | #define NEW_BOARD
      |         ^~~~~~~~~
<command-line>: note: this is the location of the previous definition
C:/Users/dust2/Documents/waterbee_controller/Working/Include_Files/Main.h:7:9: warning: "SENSOR_PH_EC" redefined
    7 | #define SENSOR_PH_EC
      |         ^~~~~~~~~~~~
<command-line>: note: this is the location of the previous definition
C:/Users/dust2/Documents/waterbee_controller/Working/Include_Files/Main.h:14:9: warning: "CH2" redefined
   14 | #define CH2
      |         ^~~
<command-line>: note: this is the location of the previous definition
[15/101] Building C object CMakeFiles/ID_Solution.elf.dir/Working/Source_Files/Display.c.obj
In file included from C:/Users/dust2/Documents/waterbee_controller/Working/Include_Files/Display.h:3,
                 from C:/Users/dust2/Documents/waterbee_controller/Working/Source_Files/Display.c:1:
C:/Users/dust2/Documents/waterbee_controller/Working/Include_Files/Main.h:5:9: warning: "NEW_BOARD" redefined
    5 | #define NEW_BOARD
      |         ^~~~~~~~~
<command-line>: note: this is the location of the previous definition
C:/Users/dust2/Documents/waterbee_controller/Working/Include_Files/Main.h:7:9: warning: "SENSOR_PH_EC" redefined
    7 | #define SENSOR_PH_EC
      |         ^~~~~~~~~~~~
<command-line>: note: this is the location of the previous definition
C:/Users/dust2/Documents/waterbee_controller/Working/Include_Files/Main.h:14:9: warning: "CH2" redefined
   14 | #define CH2
      |         ^~~
<command-line>: note: this is the location of the previous definition
C:/Users/dust2/Documents/waterbee_controller/Working/Source_Files/Display.c: In function 'DrawTrandDiamond':
C:/Users/dust2/Documents/waterbee_controller/Working/Source_Files/Display.c:20:24: warning: unused variable 'x4' [-Wunused-variable]
   20 |         uint32_t x3,y3,x4,y4;
      |                        ^~
C:/Users/dust2/Documents/waterbee_controller/Working/Source_Files/Display.c:20:21: warning: variable 'y3' set but not used [-Wunused-but-set-variable]
   20 |         uint32_t x3,y3,x4,y4;
      |                     ^~
C:/Users/dust2/Documents/waterbee_controller/Working/Source_Files/Display.c: In function 'DrawTrandText':
C:/Users/dust2/Documents/waterbee_controller/Working/Source_Files/Display.c:121:13: warning: unused variable 'imsi_text' [-Wunused-variable]
  121 |         int imsi_text[6] = {1,6,12,24,7,14};
      |             ^~~~~~~~~
C:/Users/dust2/Documents/waterbee_controller/Working/Source_Files/Display.c: In function 'DrawCalibLog':
C:/Users/dust2/Documents/waterbee_controller/Working/Source_Files/Display.c:195:27: warning: format '%d' expects argument of type 'int', but argument 3 has type 'long unsigned int' [-Wformat=]
  195 |     sprintf(strBuffer, "%2d", cur + 1);
      |                         ~~^   ~~~~~~~
      |                           |       |
      |                           int     long unsigned int
      |                         %2ld
C:/Users/dust2/Documents/waterbee_controller/Working/Source_Files/Display.c:197:27: warning: format '%d' expects argument of type 'int', but argument 3 has type 'long unsigned int' [-Wformat=]
  197 |     sprintf(strBuffer, "%2d", cur + 2);
      |                         ~~^   ~~~~~~~
      |                           |       |
      |                           int     long unsigned int
      |                         %2ld
C:/Users/dust2/Documents/waterbee_controller/Working/Source_Files/Display.c:199:27: warning: format '%d' expects argument of type 'int', but argument 3 has type 'long unsigned int' [-Wformat=]
  199 |     sprintf(strBuffer, "%2d", cur + 3);
      |                         ~~^   ~~~~~~~
      |                           |       |
      |                           int     long unsigned int
      |                         %2ld
C:/Users/dust2/Documents/waterbee_controller/Working/Source_Files/Display.c:201:27: warning: format '%d' expects argument of type 'int', but argument 3 has type 'long unsigned int' [-Wformat=]
  201 |     sprintf(strBuffer, "%2d", cur + 4);
      |                         ~~^   ~~~~~~~
      |                           |       |
      |                           int     long unsigned int
      |                         %2ld
C:/Users/dust2/Documents/waterbee_controller/Working/Source_Files/Display.c:234:64: warning: format '%d' expects argument of type 'int', but argument 3 has type 'long unsigned int' [-Wformat=]
  234 |                                         sprintf(strBuffer, " %1d.%02d", calibLog[i].calibrationValue / 100, calibLog[i].calibrationValue % 100);
      |                                                              ~~^        ~~~~~~~~~~~~~~~~~~~~~~~~~~~~~~~~~~
      |                                                                |                                     |
      |                                                                int                                   long unsigned int
      |                                                              %1ld
C:/Users/dust2/Documents/waterbee_controller/Working/Source_Files/Display.c:234:69: warning: format '%d' expects argument of type 'int', but argument 4 has type 'long unsigned int' [-Wformat=]
  234 |                                         sprintf(strBuffer, " %1d.%02d", calibLog[i].calibrationValue / 100, calibLog[i].calibrationValue % 100);
      |                                                                  ~~~^                                       ~~~~~~~~~~~~~~~~~~~~~~~~~~~~~~~~~~
      |                                                                     |                                                                    |
      |                                                                     int                                                                  long unsigned int
      |                                                                  %02ld
C:/Users/dust2/Documents/waterbee_controller/Working/Source_Files/Display.c:242:80: warning: format '%d' expects argument of type 'int', but argument 3 has type 'long unsigned int' [-Wformat=]
  242 |                                                         sprintf(strBuffer, " %1d.%01d", calibLog[i].calibrationValue / 100, calibLog[i].calibrationValue % 100);
      |                                                                              ~~^        ~~~~~~~~~~~~~~~~~~~~~~~~~~~~~~~~~~
      |                                                                                |                                     |
      |                                                                                int                                   long unsigned int
      |                                                                              %1ld
C:/Users/dust2/Documents/waterbee_controller/Working/Source_Files/Display.c:242:85: warning: format '%d' expects argument of type 'int', but argument 4 has type 'long unsigned int' [-Wformat=]
  242 |                                                         sprintf(strBuffer, " %1d.%01d", calibLog[i].calibrationValue / 100, calibLog[i].calibrationValue % 100);
      |                                                                                  ~~~^                                       ~~~~~~~~~~~~~~~~~~~~~~~~~~~~~~~~~~
      |                                                                                     |                                                                    |
      |                                                                                     int                                                                  long unsigned int
      |                                                                                  %01ld
C:/Users/dust2/Documents/waterbee_controller/Working/Source_Files/Display.c:247:80: warning: format '%d' expects argument of type 'int', but argument 3 has type 'long unsigned int' [-Wformat=]
  247 |                                                         sprintf(strBuffer, " %1d.%01d", calibLog[i].calibrationValue / 10, calibLog[i].calibrationValue % 10);
      |                                                                              ~~^        ~~~~~~~~~~~~~~~~~~~~~~~~~~~~~~~~~
      |                                                                                |                                     |
      |                                                                                int                                   long unsigned int
      |                                                                              %1ld
C:/Users/dust2/Documents/waterbee_controller/Working/Source_Files/Display.c:247:85: warning: format '%d' expects argument of type 'int', but argument 4 has type 'long unsigned int' [-Wformat=]
  247 |                                                         sprintf(strBuffer, " %1d.%01d", calibLog[i].calibrationValue / 10, calibLog[i].calibrationValue % 10);
      |                                                                                  ~~~^                                      ~~~~~~~~~~~~~~~~~~~~~~~~~~~~~~~~~
      |                                                                                     |                                                                   |
      |                                                                                     int                                                                 long unsigned int
      |                                                                                  %01ld
C:/Users/dust2/Documents/waterbee_controller/Working/Source_Files/Display.c:254:72: warning: format '%d' expects argument of type 'int', but argument 3 has type 'long unsigned int' [-Wformat=]
  254 |                                                 sprintf(strBuffer, " %1d.%03d", calibLog[i].calibrationValue / 1000, calibLog[i].calibrationValue % 1000);
      |                                                                      ~~^        ~~~~~~~~~~~~~~~~~~~~~~~~~~~~~~~~~~~
      |                                                                        |                                     |
      |                                                                        int                                   long unsigned int
      |                                                                      %1ld
C:/Users/dust2/Documents/waterbee_controller/Working/Source_Files/Display.c:254:77: warning: format '%d' expects argument of type 'int', but argument 4 has type 'long unsigned int' [-Wformat=]
  254 |                                                 sprintf(strBuffer, " %1d.%03d", calibLog[i].calibrationValue / 1000, calibLog[i].calibrationValue % 1000);
      |                                                                          ~~~^                                        ~~~~~~~~~~~~~~~~~~~~~~~~~~~~~~~~~~~
      |                                                                             |                                                                     |
      |                                                                             int                                                                   long unsigned int
      |                                                                          %03ld
C:/Users/dust2/Documents/waterbee_controller/Working/Source_Files/Display.c:228:39: warning: unused variable 'f0' [-Wunused-variable]
  228 |                         water_field_t f0 = sensor_manager_get_display_field(0);
      |                                       ^~
C:/Users/dust2/Documents/waterbee_controller/Working/Source_Files/Display.c: In function 'DrawRelay1Wash':
C:/Users/dust2/Documents/waterbee_controller/Working/Source_Files/Display.c:286:35: warning: format '%d' expects argument of type 'int', but argument 3 has type 'uint32_t' {aka 'long unsigned int'} [-Wformat=]
  286 |             sprintf(strBuffer, "%3d", tempConfigData.relayConfig.relay1WashCycle);
      |                                 ~~^   ~~~~~~~~~~~~~~~~~~~~~~~~~~~~~~~~~~~~~~~~~~
      |                                   |                             |
      |                                   int                           uint32_t {aka long unsigned int}
      |                                 %3ld
C:/Users/dust2/Documents/waterbee_controller/Working/Source_Files/Display.c:291:35: warning: format '%d' expects argument of type 'int', but argument 3 has type 'uint32_t' {aka 'long unsigned int'} [-Wformat=]
  291 |             sprintf(strBuffer, "%3d", tempConfigData.relayConfig.relay1WashTime);
      |                                 ~~^   ~~~~~~~~~~~~~~~~~~~~~~~~~~~~~~~~~~~~~~~~~
      |                                   |                             |
      |                                   int                           uint32_t {aka long unsigned int}
      |                                 %3ld
C:/Users/dust2/Documents/waterbee_controller/Working/Source_Files/Display.c:298:35: warning: format '%d' expects argument of type 'int', but argument 3 has type 'uint32_t' {aka 'long unsigned int'} [-Wformat=]
  298 |             sprintf(strBuffer, "%3d", tempConfigData.relayConfig.relay1WashCycle);
      |                                 ~~^   ~~~~~~~~~~~~~~~~~~~~~~~~~~~~~~~~~~~~~~~~~~
      |                                   |                             |
      |                                   int                           uint32_t {aka long unsigned int}
      |                                 %3ld
C:/Users/dust2/Documents/waterbee_controller/Working/Source_Files/Display.c:302:35: warning: format '%d' expects argument of type 'int', but argument 3 has type 'uint32_t' {aka 'long unsigned int'} [-Wformat=]
  302 |             sprintf(strBuffer, "%3d", tempConfigData.relayConfig.relay1WashTime);
      |                                 ~~^   ~~~~~~~~~~~~~~~~~~~~~~~~~~~~~~~~~~~~~~~~~
      |                                   |                             |
      |                                   int                           uint32_t {aka long unsigned int}
      |                                 %3ld
C:/Users/dust2/Documents/waterbee_controller/Working/Source_Files/Display.c: In function 'DrawRelay3Wash':
C:/Users/dust2/Documents/waterbee_controller/Working/Source_Files/Display.c:358:35: warning: format '%d' expects argument of type 'int', but argument 3 has type 'uint32_t' {aka 'long unsigned int'} [-Wformat=]
  358 |             sprintf(strBuffer, "%3d", tempConfigData.relayConfig.relay3WashCycle);
      |                                 ~~^   ~~~~~~~~~~~~~~~~~~~~~~~~~~~~~~~~~~~~~~~~~~
      |                                   |                             |
      |                                   int                           uint32_t {aka long unsigned int}
      |                                 %3ld
C:/Users/dust2/Documents/waterbee_controller/Working/Source_Files/Display.c:362:35: warning: format '%d' expects argument of type 'int', but argument 3 has type 'uint32_t' {aka 'long unsigned int'} [-Wformat=]
  362 |             sprintf(strBuffer, "%3d", tempConfigData.relayConfig.relay3WashTime);
      |                                 ~~^   ~~~~~~~~~~~~~~~~~~~~~~~~~~~~~~~~~~~~~~~~~
      |                                   |                             |
      |                                   int                           uint32_t {aka long unsigned int}
      |                                 %3ld
C:/Users/dust2/Documents/waterbee_controller/Working/Source_Files/Display.c: In function 'DrawAdjustFilter':
C:/Users/dust2/Documents/waterbee_controller/Working/Source_Files/Display.c:384:31: warning: format '%d' expects argument of type 'int', but argument 3 has type 'uint32_t' {aka 'long unsigned int'} [-Wformat=]
  384 |         sprintf(strBuffer, "%3d", tempConfigData.adjustConfig.filterS1);
      |                             ~~^   ~~~~~~~~~~~~~~~~~~~~~~~~~~~~~~~~~~~~
      |                               |                              |
      |                               int                            uint32_t {aka long unsigned int}
      |                             %3ld
C:/Users/dust2/Documents/waterbee_controller/Working/Source_Files/Display.c:389:31: warning: format '%d' expects argument of type 'int', but argument 3 has type 'uint32_t' {aka 'long unsigned int'} [-Wformat=]
  389 |         sprintf(strBuffer, "%3d", tempConfigData.adjustConfig.filterS2);
      |                             ~~^   ~~~~~~~~~~~~~~~~~~~~~~~~~~~~~~~~~~~~
      |                               |                              |
      |                               int                            uint32_t {aka long unsigned int}
      |                             %3ld
C:/Users/dust2/Documents/waterbee_controller/Working/Source_Files/Display.c: In function 'DrawAdjustOffset':
C:/Users/dust2/Documents/waterbee_controller/Working/Source_Files/Display.c:420:40: warning: format '%d' expects argument of type 'int', but argument 3 has type 'long int' [-Wformat=]
  420 |                 sprintf(strBuffer, "-%2d.%02d", offsetintVal2 / 100, offsetintVal2 % 100);
      |                                      ~~^        ~~~~~~~~~~~~~~~~~~~
      |                                        |                      |
      |                                        int                    long int
      |                                      %2ld
C:/Users/dust2/Documents/waterbee_controller/Working/Source_Files/Display.c:420:45: warning: format '%d' expects argument of type 'int', but argument 4 has type 'long int' [-Wformat=]
  420 |                 sprintf(strBuffer, "-%2d.%02d", offsetintVal2 / 100, offsetintVal2 % 100);
      |                                          ~~~^                        ~~~~~~~~~~~~~~~~~~~
      |                                             |                                      |
      |                                             int                                    long int
      |                                          %02ld
C:/Users/dust2/Documents/waterbee_controller/Working/Source_Files/Display.c:424:39: warning: format '%d' expects argument of type 'int', but argument 3 has type 'long int' [-Wformat=]
  424 |                 sprintf(strBuffer, "-%d.%02d", offsetintVal2 / 100, offsetintVal2 % 100);
      |                                      ~^        ~~~~~~~~~~~~~~~~~~~
      |                                       |                      |
      |                                       int                    long int
      |                                      %ld
C:/Users/dust2/Documents/waterbee_controller/Working/Source_Files/Display.c:424:44: warning: format '%d' expects argument of type 'int', but argument 4 has type 'long int' [-Wformat=]
  424 |                 sprintf(strBuffer, "-%d.%02d", offsetintVal2 / 100, offsetintVal2 % 100);
      |                                         ~~~^                        ~~~~~~~~~~~~~~~~~~~
      |                                            |                                      |
      |                                            int                                    long int
      |                                         %02ld
C:/Users/dust2/Documents/waterbee_controller/Working/Source_Files/Display.c:429:40: warning: format '%d' expects argument of type 'int', but argument 3 has type 'long int' [-Wformat=]
  429 |                 sprintf(strBuffer, " %2d.%02d", offsetintVal2 / 100, offsetintVal2 % 100);
      |                                      ~~^        ~~~~~~~~~~~~~~~~~~~
      |                                        |                      |
      |                                        int                    long int
      |                                      %2ld
C:/Users/dust2/Documents/waterbee_controller/Working/Source_Files/Display.c:429:45: warning: format '%d' expects argument of type 'int', but argument 4 has type 'long int' [-Wformat=]
  429 |                 sprintf(strBuffer, " %2d.%02d", offsetintVal2 / 100, offsetintVal2 % 100);
      |                                          ~~~^                        ~~~~~~~~~~~~~~~~~~~
      |                                             |                                      |
      |                                             int                                    long int
      |                                          %02ld
C:/Users/dust2/Documents/waterbee_controller/Working/Source_Files/Display.c:433:39: warning: format '%d' expects argument of type 'int', but argument 3 has type 'long int' [-Wformat=]
  433 |                 sprintf(strBuffer, " %d.%02d", offsetintVal2 / 100, offsetintVal2 % 100);
      |                                      ~^        ~~~~~~~~~~~~~~~~~~~
      |                                       |                      |
      |                                       int                    long int
      |                                      %ld
C:/Users/dust2/Documents/waterbee_controller/Working/Source_Files/Display.c:433:44: warning: format '%d' expects argument of type 'int', but argument 4 has type 'long int' [-Wformat=]
  433 |                 sprintf(strBuffer, " %d.%02d", offsetintVal2 / 100, offsetintVal2 % 100);
      |                                         ~~~^                        ~~~~~~~~~~~~~~~~~~~
      |                                            |                                      |
      |                                            int                                    long int
      |                                         %02ld
C:/Users/dust2/Documents/waterbee_controller/Working/Source_Files/Display.c: In function 'DrawAdjustGradient':
C:/Users/dust2/Documents/waterbee_controller/Working/Source_Files/Display.c:444:30: warning: format '%d' expects argument of type 'int', but argument 3 has type 'long unsigned int' [-Wformat=]
  444 |         sprintf(strBuffer, "%d.%02d", tempConfigData.adjustConfig.gradientS1 / 100, (tempConfigData.adjustConfig.gradientS1 % 100));
      |                             ~^        ~~~~~~~~~~~~~~~~~~~~~~~~~~~~~~~~~~~~~~~~~~~~
      |                              |                                               |
      |                              int                                             long unsigned int
      |                             %ld
C:/Users/dust2/Documents/waterbee_controller/Working/Source_Files/Display.c:444:35: warning: format '%d' expects argument of type 'int', but argument 4 has type 'long unsigned int' [-Wformat=]
  444 |         sprintf(strBuffer, "%d.%02d", tempConfigData.adjustConfig.gradientS1 / 100, (tempConfigData.adjustConfig.gradientS1 % 100));
      |                                ~~~^                                                 ~~~~~~~~~~~~~~~~~~~~~~~~~~~~~~~~~~~~~~~~~~~~~~
      |                                   |                                                                                         |
      |                                   int                                                                                       long unsigned int
      |                                %02ld
C:/Users/dust2/Documents/waterbee_controller/Working/Source_Files/Display.c:449:30: warning: format '%d' expects argument of type 'int', but argument 3 has type 'long unsigned int' [-Wformat=]
  449 |         sprintf(strBuffer, "%d.%02d", tempConfigData.adjustConfig.gradientS2 / 100, (tempConfigData.adjustConfig.gradientS2 % 100));
      |                             ~^        ~~~~~~~~~~~~~~~~~~~~~~~~~~~~~~~~~~~~~~~~~~~~
      |                              |                                               |
      |                              int                                             long unsigned int
      |                             %ld
C:/Users/dust2/Documents/waterbee_controller/Working/Source_Files/Display.c:449:35: warning: format '%d' expects argument of type 'int', but argument 4 has type 'long unsigned int' [-Wformat=]
  449 |         sprintf(strBuffer, "%d.%02d", tempConfigData.adjustConfig.gradientS2 / 100, (tempConfigData.adjustConfig.gradientS2 % 100));
      |                                ~~~^                                                 ~~~~~~~~~~~~~~~~~~~~~~~~~~~~~~~~~~~~~~~~~~~~~~
      |                                   |                                                                                         |
      |                                   int                                                                                       long unsigned int
      |                                %02ld
C:/Users/dust2/Documents/waterbee_controller/Working/Source_Files/Display.c: In function 'DrawCalibAuto':
C:/Users/dust2/Documents/waterbee_controller/Working/Source_Files/Display.c:475:51: warning: format '%d' expects argument of type 'int', but argument 3 has type 'long int' [-Wformat=]
  475 |                             sprintf(strBuffer, "-%d.%01d", tempIntVal / 100, (tempIntVal % 100)/10);
      |                                                  ~^        ~~~~~~~~~~~~~~~~
      |                                                   |                   |
      |                                                   int                 long int
      |                                                  %ld
C:/Users/dust2/Documents/waterbee_controller/Working/Source_Files/Display.c:475:56: warning: format '%d' expects argument of type 'int', but argument 4 has type 'long int' [-Wformat=]
  475 |                             sprintf(strBuffer, "-%d.%01d", tempIntVal / 100, (tempIntVal % 100)/10);
      |                                                     ~~~^                     ~~~~~~~~~~~~~~~~~~~~~
      |                                                        |                                       |
      |                                                        int                                     long int
      |                                                     %01ld
C:/Users/dust2/Documents/waterbee_controller/Working/Source_Files/Display.c:477:51: warning: format '%d' expects argument of type 'int', but argument 3 has type 'long int' [-Wformat=]
  477 |                             sprintf(strBuffer, " %d.%01d", compareSignValue / 100, (compareSignValue % 100)/10);
      |                                                  ~^        ~~~~~~~~~~~~~~~~~~~~~~
      |                                                   |                         |
      |                                                   int                       long int
      |                                                  %ld
C:/Users/dust2/Documents/waterbee_controller/Working/Source_Files/Display.c:477:56: warning: format '%d' expects argument of type 'int', but argument 4 has type 'long int' [-Wformat=]
  477 |                             sprintf(strBuffer, " %d.%01d", compareSignValue / 100, (compareSignValue % 100)/10);
      |                                                     ~~~^                           ~~~~~~~~~~~~~~~~~~~~~~~~~~~
      |                                                        |                                                   |
      |                                                        int                                                 long int
      |                                                     %01ld
C:/Users/dust2/Documents/waterbee_controller/Working/Source_Files/Display.c:482:64: warning: format '%d' expects argument of type 'int', but argument 3 has type 'long int' [-Wformat=]
  482 |                                         sprintf(strBuffer, "%01d", (tempIntVal % 100)/10);
      |                                                             ~~~^   ~~~~~~~~~~~~~~~~~~~~~
      |                                                                |                     |
      |                                                                int                   long int
      |                                                             %01ld
C:/Users/dust2/Documents/waterbee_controller/Working/Source_Files/Display.c:489:51: warning: format '%d' expects argument of type 'int', but argument 3 has type 'long int' [-Wformat=]
  489 |                             sprintf(strBuffer, "-%d.%01d", tempIntVal / 100, (tempIntVal % 100)/10);
      |                                                  ~^        ~~~~~~~~~~~~~~~~
      |                                                   |                   |
      |                                                   int                 long int
      |                                                  %ld
C:/Users/dust2/Documents/waterbee_controller/Working/Source_Files/Display.c:489:56: warning: format '%d' expects argument of type 'int', but argument 4 has type 'long int' [-Wformat=]
  489 |                             sprintf(strBuffer, "-%d.%01d", tempIntVal / 100, (tempIntVal % 100)/10);
      |                                                     ~~~^                     ~~~~~~~~~~~~~~~~~~~~~
      |                                                        |                                       |
      |                                                        int                                     long int
      |                                                     %01ld
C:/Users/dust2/Documents/waterbee_controller/Working/Source_Files/Display.c:491:51: warning: format '%d' expects argument of type 'int', but argument 3 has type 'long int' [-Wformat=]
  491 |                             sprintf(strBuffer, " %d.%01d", compareSignValue / 100, (compareSignValue % 100)/10);
      |                                                  ~^        ~~~~~~~~~~~~~~~~~~~~~~
      |                                                   |                         |
      |                                                   int                       long int
      |                                                  %ld
C:/Users/dust2/Documents/waterbee_controller/Working/Source_Files/Display.c:491:56: warning: format '%d' expects argument of type 'int', but argument 4 has type 'long int' [-Wformat=]
  491 |                             sprintf(strBuffer, " %d.%01d", compareSignValue / 100, (compareSignValue % 100)/10);
      |                                                     ~~~^                           ~~~~~~~~~~~~~~~~~~~~~~~~~~~
      |                                                        |                                                   |
      |                                                        int                                                 long int
      |                                                     %01ld
C:/Users/dust2/Documents/waterbee_controller/Working/Source_Files/Display.c:496:64: warning: format '%d' expects argument of type 'int', but argument 3 has type 'long int' [-Wformat=]
  496 |                                         sprintf(strBuffer, "%01d", (tempIntVal % 100)/10);
      |                                                             ~~~^   ~~~~~~~~~~~~~~~~~~~~~
      |                                                                |                     |
      |                                                                int                   long int
      |                                                             %01ld
C:/Users/dust2/Documents/waterbee_controller/Working/Source_Files/Display.c:506:51: warning: format '%d' expects argument of type 'int', but argument 3 has type 'long int' [-Wformat=]
  506 |                             sprintf(strBuffer, "-%d.%01d", tempIntVal / 100, (tempIntVal % 100)/10);
      |                                                  ~^        ~~~~~~~~~~~~~~~~
      |                                                   |                   |
      |                                                   int                 long int
      |                                                  %ld
C:/Users/dust2/Documents/waterbee_controller/Working/Source_Files/Display.c:506:56: warning: format '%d' expects argument of type 'int', but argument 4 has type 'long int' [-Wformat=]
  506 |                             sprintf(strBuffer, "-%d.%01d", tempIntVal / 100, (tempIntVal % 100)/10);
      |                                                     ~~~^                     ~~~~~~~~~~~~~~~~~~~~~
      |                                                        |                                       |
      |                                                        int                                     long int
      |                                                     %01ld
C:/Users/dust2/Documents/waterbee_controller/Working/Source_Files/Display.c:508:51: warning: format '%d' expects argument of type 'int', but argument 3 has type 'long int' [-Wformat=]
  508 |                             sprintf(strBuffer, " %d.%01d", compareSignValue / 100, (compareSignValue % 100)/10);
      |                                                  ~^        ~~~~~~~~~~~~~~~~~~~~~~
      |                                                   |                         |
      |                                                   int                       long int
      |                                                  %ld
C:/Users/dust2/Documents/waterbee_controller/Working/Source_Files/Display.c:508:56: warning: format '%d' expects argument of type 'int', but argument 4 has type 'long int' [-Wformat=]
  508 |                             sprintf(strBuffer, " %d.%01d", compareSignValue / 100, (compareSignValue % 100)/10);
      |                                                     ~~~^                           ~~~~~~~~~~~~~~~~~~~~~~~~~~~
      |                                                        |                                                   |
      |                                                        int                                                 long int
      |                                                     %01ld
C:/Users/dust2/Documents/waterbee_controller/Working/Source_Files/Display.c:514:64: warning: format '%d' expects argument of type 'int', but argument 3 has type 'long int' [-Wformat=]
  514 |                                         sprintf(strBuffer, "%01d", (tempIntVal % 100)/10);
      |                                                             ~~~^   ~~~~~~~~~~~~~~~~~~~~~
      |                                                                |                     |
      |                                                                int                   long int
      |                                                             %01ld
C:/Users/dust2/Documents/waterbee_controller/Working/Source_Files/Display.c:521:51: warning: format '%d' expects argument of type 'int', but argument 3 has type 'long int' [-Wformat=]
  521 |                             sprintf(strBuffer, "-%d.%01d", tempIntVal / 100, (tempIntVal % 100)/10);
      |                                                  ~^        ~~~~~~~~~~~~~~~~
      |                                                   |                   |
      |                                                   int                 long int
      |                                                  %ld
C:/Users/dust2/Documents/waterbee_controller/Working/Source_Files/Display.c:521:56: warning: format '%d' expects argument of type 'int', but argument 4 has type 'long int' [-Wformat=]
  521 |                             sprintf(strBuffer, "-%d.%01d", tempIntVal / 100, (tempIntVal % 100)/10);
      |                                                     ~~~^                     ~~~~~~~~~~~~~~~~~~~~~
      |                                                        |                                       |
      |                                                        int                                     long int
      |                                                     %01ld
C:/Users/dust2/Documents/waterbee_controller/Working/Source_Files/Display.c:523:51: warning: format '%d' expects argument of type 'int', but argument 3 has type 'long int' [-Wformat=]
  523 |                             sprintf(strBuffer, " %d.%01d", compareSignValue / 100, (compareSignValue % 100)/10);
      |                                                  ~^        ~~~~~~~~~~~~~~~~~~~~~~
      |                                                   |                         |
      |                                                   int                       long int
      |                                                  %ld
C:/Users/dust2/Documents/waterbee_controller/Working/Source_Files/Display.c:523:56: warning: format '%d' expects argument of type 'int', but argument 4 has type 'long int' [-Wformat=]
  523 |                             sprintf(strBuffer, " %d.%01d", compareSignValue / 100, (compareSignValue % 100)/10);
      |                                                     ~~~^                           ~~~~~~~~~~~~~~~~~~~~~~~~~~~
      |                                                        |                                                   |
      |                                                        int                                                 long int
      |                                                     %01ld
C:/Users/dust2/Documents/waterbee_controller/Working/Source_Files/Display.c:529:64: warning: format '%d' expects argument of type 'int', but argument 3 has type 'long int' [-Wformat=]
  529 |                                         sprintf(strBuffer, "%01d", (tempIntVal % 100)/10);
      |                                                             ~~~^   ~~~~~~~~~~~~~~~~~~~~~
      |                                                                |                     |
      |                                                                int                   long int
      |                                                             %01ld
C:/Users/dust2/Documents/waterbee_controller/Working/Source_Files/Display.c:542:38: warning: format '%d' expects argument of type 'int', but argument 3 has type 'long int' [-Wformat=]
  542 |                 sprintf(strBuffer, "%d.%d", tempConfigData.calibrationConfig.S1Value / 1000, (tempConfigData.calibrationConfig.S1Value / 100) % 10);
      |                                     ~^      ~~~~~~~~~~~~~~~~~~~~~~~~~~~~~~~~~~~~~~~~~~~~~~~
      |                                      |                                               |
      |                                      int                                             long int
      |                                     %ld
C:/Users/dust2/Documents/waterbee_controller/Working/Source_Files/Display.c:542:41: warning: format '%d' expects argument of type 'int', but argument 4 has type 'long int' [-Wformat=]
  542 |                 sprintf(strBuffer, "%d.%d", tempConfigData.calibrationConfig.S1Value / 1000, (tempConfigData.calibrationConfig.S1Value / 100) % 10);
      |                                        ~^                                                    ~~~~~~~~~~~~~~~~~~~~~~~~~~~~~~~~~~~~~~~~~~~~~~~~~~~~~
      |                                         |                                                                                                     |
      |                                         int                                                                                                   long int
      |                                        %ld
C:/Users/dust2/Documents/waterbee_controller/Working/Source_Files/Display.c:547:55: warning: format '%d' expects argument of type 'int', but argument 3 has type 'long int' [-Wformat=]
  547 |                                 sprintf(strBuffer, "%2d", tempConfigData.calibrationConfig.S1Value % 100);
      |                                                     ~~^   ~~~~~~~~~~~~~~~~~~~~~~~~~~~~~~~~~~~~~~~~~~~~~~
      |                                                       |                                            |
      |                                                       int                                          long int
      |                                                     %2ld
C:/Users/dust2/Documents/waterbee_controller/Working/Source_Files/Display.c:553:38: warning: format '%d' expects argument of type 'int', but argument 3 has type 'long int' [-Wformat=]
  553 |                 sprintf(strBuffer, "%d.%d", tempConfigData.calibrationConfig.S1Value / 1000, (tempConfigData.calibrationConfig.S1Value / 100) % 10);
      |                                     ~^      ~~~~~~~~~~~~~~~~~~~~~~~~~~~~~~~~~~~~~~~~~~~~~~~
      |                                      |                                               |
      |                                      int                                             long int
      |                                     %ld
C:/Users/dust2/Documents/waterbee_controller/Working/Source_Files/Display.c:553:41: warning: format '%d' expects argument of type 'int', but argument 4 has type 'long int' [-Wformat=]
  553 |                 sprintf(strBuffer, "%d.%d", tempConfigData.calibrationConfig.S1Value / 1000, (tempConfigData.calibrationConfig.S1Value / 100) % 10);
      |                                        ~^                                                    ~~~~~~~~~~~~~~~~~~~~~~~~~~~~~~~~~~~~~~~~~~~~~~~~~~~~~
      |                                         |                                                                                                     |
      |                                         int                                                                                                   long int
      |                                        %ld
C:/Users/dust2/Documents/waterbee_controller/Working/Source_Files/Display.c:558:55: warning: format '%d' expects argument of type 'int', but argument 3 has type 'long int' [-Wformat=]
  558 |                                 sprintf(strBuffer, "%2d", tempConfigData.calibrationConfig.S1Value % 100);
      |                                                     ~~^   ~~~~~~~~~~~~~~~~~~~~~~~~~~~~~~~~~~~~~~~~~~~~~~
      |                                                       |                                            |
      |                                                       int                                          long int
      |                                                     %2ld
C:/Users/dust2/Documents/waterbee_controller/Working/Source_Files/Display.c: In function 'DrawCalibManual':
C:/Users/dust2/Documents/waterbee_controller/Working/Source_Files/Display.c:578:47: warning: format '%d' expects argument of type 'int', but argument 3 has type 'long unsigned int' [-Wformat=]
  578 |                         sprintf(strBuffer, " %d.%d", tempConfigData.calibrationConfig.S1manualCal / 100, (tempConfigData.calibrationConfig.S1manualCal / 10) % 10);
      |                                              ~^      ~~~~~~~~~~~~~~~~~~~~~~~~~~~~~~~~~~~~~~~~~~~~~~~~~~
      |                                               |                                                   |
      |                                               int                                                 long unsigned int
      |                                              %ld
C:/Users/dust2/Documents/waterbee_controller/Working/Source_Files/Display.c:578:50: warning: format '%d' expects argument of type 'int', but argument 4 has type 'long unsigned int' [-Wformat=]
  578 |                         sprintf(strBuffer, " %d.%d", tempConfigData.calibrationConfig.S1manualCal / 100, (tempConfigData.calibrationConfig.S1manualCal / 10) % 10);
      |                                                 ~^                                                       ~~~~~~~~~~~~~~~~~~~~~~~~~~~~~~~~~~~~~~~~~~~~~~~~~~~~~~~~
      |                                                  |                                                                                                           |
      |                                                  int                                                                                                         long unsigned int
      |                                                 %ld
C:/Users/dust2/Documents/waterbee_controller/Working/Source_Files/Display.c:582:46: warning: format '%d' expects argument of type 'int', but argument 3 has type 'long unsigned int' [-Wformat=]
  582 |                         sprintf(strBuffer, "%d", tempConfigData.calibrationConfig.S1manualCal % 10);
      |                                             ~^   ~~~~~~~~~~~~~~~~~~~~~~~~~~~~~~~~~~~~~~~~~~~~~~~~~
      |                                              |                                                |
      |                                              int                                              long unsigned int
      |                                             %ld
C:/Users/dust2/Documents/waterbee_controller/Working/Source_Files/Display.c:588:47: warning: format '%d' expects argument of type 'int', but argument 3 has type 'long unsigned int' [-Wformat=]
  588 |                         sprintf(strBuffer, " %d.%d", tempConfigData.calibrationConfig.S1manualCal / 100, (tempConfigData.calibrationConfig.S1manualCal / 10) % 10);
      |                                              ~^      ~~~~~~~~~~~~~~~~~~~~~~~~~~~~~~~~~~~~~~~~~~~~~~~~~~
      |                                               |                                                   |
      |                                               int                                                 long unsigned int
      |                                              %ld
C:/Users/dust2/Documents/waterbee_controller/Working/Source_Files/Display.c:588:50: warning: format '%d' expects argument of type 'int', but argument 4 has type 'long unsigned int' [-Wformat=]
  588 |                         sprintf(strBuffer, " %d.%d", tempConfigData.calibrationConfig.S1manualCal / 100, (tempConfigData.calibrationConfig.S1manualCal / 10) % 10);
      |                                                 ~^                                                       ~~~~~~~~~~~~~~~~~~~~~~~~~~~~~~~~~~~~~~~~~~~~~~~~~~~~~~~~
      |                                                  |                                                                                                           |
      |                                                  int                                                                                                         long unsigned int
      |                                                 %ld
C:/Users/dust2/Documents/waterbee_controller/Working/Source_Files/Display.c:592:46: warning: format '%d' expects argument of type 'int', but argument 3 has type 'long unsigned int' [-Wformat=]
  592 |                         sprintf(strBuffer, "%d", tempConfigData.calibrationConfig.S1manualCal % 10);
      |                                             ~^   ~~~~~~~~~~~~~~~~~~~~~~~~~~~~~~~~~~~~~~~~~~~~~~~~~
      |                                              |                                                |
      |                                              int                                              long unsigned int
      |                                             %ld
C:/Users/dust2/Documents/waterbee_controller/Working/Source_Files/Display.c:601:47: warning: format '%d' expects argument of type 'int', but argument 3 has type 'long unsigned int' [-Wformat=]
  601 |                         sprintf(strBuffer, " %d.%d", tempConfigData.calibrationConfig.S1manualCal / 100, (tempConfigData.calibrationConfig.S1manualCal / 10) % 10);
      |                                              ~^      ~~~~~~~~~~~~~~~~~~~~~~~~~~~~~~~~~~~~~~~~~~~~~~~~~~
      |                                               |                                                   |
      |                                               int                                                 long unsigned int
      |                                              %ld
C:/Users/dust2/Documents/waterbee_controller/Working/Source_Files/Display.c:601:50: warning: format '%d' expects argument of type 'int', but argument 4 has type 'long unsigned int' [-Wformat=]
  601 |                         sprintf(strBuffer, " %d.%d", tempConfigData.calibrationConfig.S1manualCal / 100, (tempConfigData.calibrationConfig.S1manualCal / 10) % 10);
      |                                                 ~^                                                       ~~~~~~~~~~~~~~~~~~~~~~~~~~~~~~~~~~~~~~~~~~~~~~~~~~~~~~~~
      |                                                  |                                                                                                           |
      |                                                  int                                                                                                         long unsigned int
      |                                                 %ld
C:/Users/dust2/Documents/waterbee_controller/Working/Source_Files/Display.c:605:46: warning: format '%d' expects argument of type 'int', but argument 3 has type 'long unsigned int' [-Wformat=]
  605 |                         sprintf(strBuffer, "%d", tempConfigData.calibrationConfig.S1manualCal % 10);
      |                                             ~^   ~~~~~~~~~~~~~~~~~~~~~~~~~~~~~~~~~~~~~~~~~~~~~~~~~
      |                                              |                                                |
      |                                              int                                              long unsigned int
      |                                             %ld
C:/Users/dust2/Documents/waterbee_controller/Working/Source_Files/Display.c:611:47: warning: format '%d' expects argument of type 'int', but argument 3 has type 'long unsigned int' [-Wformat=]
  611 |                         sprintf(strBuffer, " %d.%d", tempConfigData.calibrationConfig.S1manualCal / 100, (tempConfigData.calibrationConfig.S1manualCal / 10) % 10);
      |                                              ~^      ~~~~~~~~~~~~~~~~~~~~~~~~~~~~~~~~~~~~~~~~~~~~~~~~~~
      |                                               |                                                   |
      |                                               int                                                 long unsigned int
      |                                              %ld
C:/Users/dust2/Documents/waterbee_controller/Working/Source_Files/Display.c:611:50: warning: format '%d' expects argument of type 'int', but argument 4 has type 'long unsigned int' [-Wformat=]
  611 |                         sprintf(strBuffer, " %d.%d", tempConfigData.calibrationConfig.S1manualCal / 100, (tempConfigData.calibrationConfig.S1manualCal / 10) % 10);
      |                                                 ~^                                                       ~~~~~~~~~~~~~~~~~~~~~~~~~~~~~~~~~~~~~~~~~~~~~~~~~~~~~~~~
      |                                                  |                                                                                                           |
      |                                                  int                                                                                                         long unsigned int
      |                                                 %ld
C:/Users/dust2/Documents/waterbee_controller/Working/Source_Files/Display.c:615:46: warning: format '%d' expects argument of type 'int', but argument 3 has type 'long unsigned int' [-Wformat=]
  615 |                         sprintf(strBuffer, "%d", tempConfigData.calibrationConfig.S1manualCal % 10);
      |                                             ~^   ~~~~~~~~~~~~~~~~~~~~~~~~~~~~~~~~~~~~~~~~~~~~~~~~~
      |                                              |                                                |
      |                                              int                                              long unsigned int
      |                                             %ld
C:/Users/dust2/Documents/waterbee_controller/Working/Source_Files/Display.c:630:47: warning: format '%d' expects argument of type 'int', but argument 3 has type 'long unsigned int' [-Wformat=]
  630 |                         sprintf(strBuffer, " %d.%d ", tempConfigData.calibrationConfig.S2manualCal / 1000, (tempConfigData.calibrationConfig.S2manualCal / 100) % 10);
      |                                              ~^       ~~~~~~~~~~~~~~~~~~~~~~~~~~~~~~~~~~~~~~~~~~~~~~~~~~~
      |                                               |                                                    |
      |                                               int                                                  long unsigned int
      |                                              %ld
C:/Users/dust2/Documents/waterbee_controller/Working/Source_Files/Display.c:630:50: warning: format '%d' expects argument of type 'int', but argument 4 has type 'long unsigned int' [-Wformat=]
  630 |                         sprintf(strBuffer, " %d.%d ", tempConfigData.calibrationConfig.S2manualCal / 1000, (tempConfigData.calibrationConfig.S2manualCal / 100) % 10);
      |                                                 ~^                                                         ~~~~~~~~~~~~~~~~~~~~~~~~~~~~~~~~~~~~~~~~~~~~~~~~~~~~~~~~~
      |                                                  |                                                                                                              |
      |                                                  int                                                                                                            long unsigned int
      |                                                 %ld
C:/Users/dust2/Documents/waterbee_controller/Working/Source_Files/Display.c:634:48: warning: format '%d' expects argument of type 'int', but argument 3 has type 'long unsigned int' [-Wformat=]
  634 |                         sprintf(strBuffer, "%02d ", tempConfigData.calibrationConfig.S2manualCal % 100);
      |                                             ~~~^    ~~~~~~~~~~~~~~~~~~~~~~~~~~~~~~~~~~~~~~~~~~~~~~~~~~
      |                                                |                                                 |
      |                                                int                                               long unsigned int
      |                                             %02ld
C:/Users/dust2/Documents/waterbee_controller/Working/Source_Files/Display.c:641:47: warning: format '%d' expects argument of type 'int', but argument 3 has type 'long unsigned int' [-Wformat=]
  641 |                         sprintf(strBuffer, " %d.%d ", tempConfigData.calibrationConfig.S2manualCal / 1000, (tempConfigData.calibrationConfig.S2manualCal / 100) % 10);
      |                                              ~^       ~~~~~~~~~~~~~~~~~~~~~~~~~~~~~~~~~~~~~~~~~~~~~~~~~~~
      |                                               |                                                    |
      |                                               int                                                  long unsigned int
      |                                              %ld
C:/Users/dust2/Documents/waterbee_controller/Working/Source_Files/Display.c:641:50: warning: format '%d' expects argument of type 'int', but argument 4 has type 'long unsigned int' [-Wformat=]
  641 |                         sprintf(strBuffer, " %d.%d ", tempConfigData.calibrationConfig.S2manualCal / 1000, (tempConfigData.calibrationConfig.S2manualCal / 100) % 10);
      |                                                 ~^                                                         ~~~~~~~~~~~~~~~~~~~~~~~~~~~~~~~~~~~~~~~~~~~~~~~~~~~~~~~~~
      |                                                  |                                                                                                              |
      |                                                  int                                                                                                            long unsigned int
      |                                                 %ld
C:/Users/dust2/Documents/waterbee_controller/Working/Source_Files/Display.c:645:48: warning: format '%d' expects argument of type 'int', but argument 3 has type 'long unsigned int' [-Wformat=]
  645 |                         sprintf(strBuffer, "%02d ", tempConfigData.calibrationConfig.S2manualCal % 100);
      |                                             ~~~^    ~~~~~~~~~~~~~~~~~~~~~~~~~~~~~~~~~~~~~~~~~~~~~~~~~~
      |                                                |                                                 |
      |                                                int                                               long unsigned int
      |                                             %02ld
C:/Users/dust2/Documents/waterbee_controller/Working/Source_Files/Display.c:655:47: warning: format '%d' expects argument of type 'int', but argument 3 has type 'long unsigned int' [-Wformat=]
  655 |                         sprintf(strBuffer, " %d.%d ", tempConfigData.calibrationConfig.S2manualCal / 1000, (tempConfigData.calibrationConfig.S2manualCal / 100) % 10);
      |                                              ~^       ~~~~~~~~~~~~~~~~~~~~~~~~~~~~~~~~~~~~~~~~~~~~~~~~~~~
      |                                               |                                                    |
      |                                               int                                                  long unsigned int
      |                                              %ld
C:/Users/dust2/Documents/waterbee_controller/Working/Source_Files/Display.c:655:50: warning: format '%d' expects argument of type 'int', but argument 4 has type 'long unsigned int' [-Wformat=]
  655 |                         sprintf(strBuffer, " %d.%d ", tempConfigData.calibrationConfig.S2manualCal / 1000, (tempConfigData.calibrationConfig.S2manualCal / 100) % 10);
      |                                                 ~^                                                         ~~~~~~~~~~~~~~~~~~~~~~~~~~~~~~~~~~~~~~~~~~~~~~~~~~~~~~~~~
      |                                                  |                                                                                                              |
      |                                                  int                                                                                                            long unsigned int
      |                                                 %ld
C:/Users/dust2/Documents/waterbee_controller/Working/Source_Files/Display.c:659:48: warning: format '%d' expects argument of type 'int', but argument 3 has type 'long unsigned int' [-Wformat=]
  659 |                         sprintf(strBuffer, "%02d ", tempConfigData.calibrationConfig.S2manualCal % 100);
      |                                             ~~~^    ~~~~~~~~~~~~~~~~~~~~~~~~~~~~~~~~~~~~~~~~~~~~~~~~~~
      |                                                |                                                 |
      |                                                int                                               long unsigned int
      |                                             %02ld
C:/Users/dust2/Documents/waterbee_controller/Working/Source_Files/Display.c:665:47: warning: format '%d' expects argument of type 'int', but argument 3 has type 'long unsigned int' [-Wformat=]
  665 |                         sprintf(strBuffer, " %d.%d ", tempConfigData.calibrationConfig.S2manualCal / 1000, (tempConfigData.calibrationConfig.S2manualCal / 100) % 10);
      |                                              ~^       ~~~~~~~~~~~~~~~~~~~~~~~~~~~~~~~~~~~~~~~~~~~~~~~~~~~
      |                                               |                                                    |
      |                                               int                                                  long unsigned int
      |                                              %ld
C:/Users/dust2/Documents/waterbee_controller/Working/Source_Files/Display.c:665:50: warning: format '%d' expects argument of type 'int', but argument 4 has type 'long unsigned int' [-Wformat=]
  665 |                         sprintf(strBuffer, " %d.%d ", tempConfigData.calibrationConfig.S2manualCal / 1000, (tempConfigData.calibrationConfig.S2manualCal / 100) % 10);
      |                                                 ~^                                                         ~~~~~~~~~~~~~~~~~~~~~~~~~~~~~~~~~~~~~~~~~~~~~~~~~~~~~~~~~
      |                                                  |                                                                                                              |
      |                                                  int                                                                                                            long unsigned int
      |                                                 %ld
C:/Users/dust2/Documents/waterbee_controller/Working/Source_Files/Display.c:669:48: warning: format '%d' expects argument of type 'int', but argument 3 has type 'long unsigned int' [-Wformat=]
  669 |                         sprintf(strBuffer, "%02d ", tempConfigData.calibrationConfig.S2manualCal % 100);
      |                                             ~~~^    ~~~~~~~~~~~~~~~~~~~~~~~~~~~~~~~~~~~~~~~~~~~~~~~~~~
      |                                                |                                                 |
      |                                                int                                               long unsigned int
      |                                             %02ld
C:/Users/dust2/Documents/waterbee_controller/Working/Source_Files/Display.c: In function 'DrawCalibZero':
C:/Users/dust2/Documents/waterbee_controller/Working/Source_Files/Display.c:694:39: warning: format '%d' expects argument of type 'int', but argument 3 has type 'long int' [-Wformat=]
  694 |                 sprintf(strBuffer, "-%d.%d", zerointVal / 100, (zerointVal / 10) % 10);
      |                                      ~^      ~~~~~~~~~~~~~~~~
      |                                       |                 |
      |                                       int               long int
      |                                      %ld
C:/Users/dust2/Documents/waterbee_controller/Working/Source_Files/Display.c:694:42: warning: format '%d' expects argument of type 'int', but argument 4 has type 'long int' [-Wformat=]
  694 |                 sprintf(strBuffer, "-%d.%d", zerointVal / 100, (zerointVal / 10) % 10);
      |                                         ~^                     ~~~~~~~~~~~~~~~~~~~~~~
      |                                          |                                       |
      |                                          int                                     long int
      |                                         %ld
C:/Users/dust2/Documents/waterbee_controller/Working/Source_Files/Display.c:698:54: warning: format '%d' expects argument of type 'int', but argument 3 has type 'long int' [-Wformat=]
  698 |                                 sprintf(strBuffer, "%d", zerointVal % 10);
      |                                                     ~^   ~~~~~~~~~~~~~~~
      |                                                      |              |
      |                                                      int            long int
      |                                                     %ld
C:/Users/dust2/Documents/waterbee_controller/Working/Source_Files/Display.c:706:47: warning: format '%d' expects argument of type 'int', but argument 3 has type 'long int' [-Wformat=]
  706 |                         sprintf(strBuffer, " %d.%d", tempConfigData.calibrationConfig.S1zeroCal / 100, (tempConfigData.calibrationConfig.S1zeroCal / 10) % 10);
      |                                              ~^      ~~~~~~~~~~~~~~~~~~~~~~~~~~~~~~~~~~~~~~~~~~~~~~~~
      |                                               |                                                 |
      |                                               int                                               long int
      |                                              %ld
C:/Users/dust2/Documents/waterbee_controller/Working/Source_Files/Display.c:706:50: warning: format '%d' expects argument of type 'int', but argument 4 has type 'long int' [-Wformat=]
  706 |                         sprintf(strBuffer, " %d.%d", tempConfigData.calibrationConfig.S1zeroCal / 100, (tempConfigData.calibrationConfig.S1zeroCal / 10) % 10);
      |                                                 ~^                                                     ~~~~~~~~~~~~~~~~~~~~~~~~~~~~~~~~~~~~~~~~~~~~~~~~~~~~~~
      |                                                  |                                                                                                       |
      |                                                  int                                                                                                     long int
      |                                                 %ld
C:/Users/dust2/Documents/waterbee_controller/Working/Source_Files/Display.c:710:46: warning: format '%d' expects argument of type 'int', but argument 3 has type 'long int' [-Wformat=]
  710 |                         sprintf(strBuffer, "%d", tempConfigData.calibrationConfig.S1zeroCal % 10);
      |                                             ~^   ~~~~~~~~~~~~~~~~~~~~~~~~~~~~~~~~~~~~~~~~~~~~~~~
      |                                              |                                              |
      |                                              int                                            long int
      |                                             %ld
C:/Users/dust2/Documents/waterbee_controller/Working/Source_Files/Display.c:717:47: warning: format '%d' expects argument of type 'int', but argument 3 has type 'long int' [-Wformat=]
  717 |                         sprintf(strBuffer, " %d.%d", tempConfigData.calibrationConfig.S1zeroCal / 100, (tempConfigData.calibrationConfig.S1zeroCal / 10) % 10);
      |                                              ~^      ~~~~~~~~~~~~~~~~~~~~~~~~~~~~~~~~~~~~~~~~~~~~~~~~
      |                                               |                                                 |
      |                                               int                                               long int
      |                                              %ld
C:/Users/dust2/Documents/waterbee_controller/Working/Source_Files/Display.c:717:50: warning: format '%d' expects argument of type 'int', but argument 4 has type 'long int' [-Wformat=]
  717 |                         sprintf(strBuffer, " %d.%d", tempConfigData.calibrationConfig.S1zeroCal / 100, (tempConfigData.calibrationConfig.S1zeroCal / 10) % 10);
      |                                                 ~^                                                     ~~~~~~~~~~~~~~~~~~~~~~~~~~~~~~~~~~~~~~~~~~~~~~~~~~~~~~
      |                                                  |                                                                                                       |
      |                                                  int                                                                                                     long int
      |                                                 %ld
C:/Users/dust2/Documents/waterbee_controller/Working/Source_Files/Display.c:722:46: warning: format '%d' expects argument of type 'int', but argument 3 has type 'long int' [-Wformat=]
  722 |                         sprintf(strBuffer, "%d", tempConfigData.calibrationConfig.S1zeroCal % 10);
      |                                             ~^   ~~~~~~~~~~~~~~~~~~~~~~~~~~~~~~~~~~~~~~~~~~~~~~~
      |                                              |                                              |
      |                                              int                                            long int
      |                                             %ld
C:/Users/dust2/Documents/waterbee_controller/Working/Source_Files/Display.c:731:39: warning: format '%d' expects argument of type 'int', but argument 3 has type 'long int' [-Wformat=]
  731 |                 sprintf(strBuffer, "-%d.%d", zerointVal / 100, (zerointVal / 10) % 10);
      |                                      ~^      ~~~~~~~~~~~~~~~~
      |                                       |                 |
      |                                       int               long int
      |                                      %ld
C:/Users/dust2/Documents/waterbee_controller/Working/Source_Files/Display.c:731:42: warning: format '%d' expects argument of type 'int', but argument 4 has type 'long int' [-Wformat=]
  731 |                 sprintf(strBuffer, "-%d.%d", zerointVal / 100, (zerointVal / 10) % 10);
      |                                         ~^                     ~~~~~~~~~~~~~~~~~~~~~~
      |                                          |                                       |
      |                                          int                                     long int
      |                                         %ld
C:/Users/dust2/Documents/waterbee_controller/Working/Source_Files/Display.c:735:38: warning: format '%d' expects argument of type 'int', but argument 3 has type 'long int' [-Wformat=]
  735 |                 sprintf(strBuffer, "%d", zerointVal % 10);
      |                                     ~^   ~~~~~~~~~~~~~~~
      |                                      |              |
      |                                      int            long int
      |                                     %ld
C:/Users/dust2/Documents/waterbee_controller/Working/Source_Files/Display.c:743:47: warning: format '%d' expects argument of type 'int', but argument 3 has type 'long int' [-Wformat=]
  743 |                         sprintf(strBuffer, " %d.%d", tempConfigData.calibrationConfig.S1zeroCal / 100, (tempConfigData.calibrationConfig.S1zeroCal / 10) % 10);
      |                                              ~^      ~~~~~~~~~~~~~~~~~~~~~~~~~~~~~~~~~~~~~~~~~~~~~~~~
      |                                               |                                                 |
      |                                               int                                               long int
      |                                              %ld
C:/Users/dust2/Documents/waterbee_controller/Working/Source_Files/Display.c:743:50: warning: format '%d' expects argument of type 'int', but argument 4 has type 'long int' [-Wformat=]
  743 |                         sprintf(strBuffer, " %d.%d", tempConfigData.calibrationConfig.S1zeroCal / 100, (tempConfigData.calibrationConfig.S1zeroCal / 10) % 10);
      |                                                 ~^                                                     ~~~~~~~~~~~~~~~~~~~~~~~~~~~~~~~~~~~~~~~~~~~~~~~~~~~~~~
      |                                                  |                                                                                                       |
      |                                                  int                                                                                                     long int
      |                                                 %ld
C:/Users/dust2/Documents/waterbee_controller/Working/Source_Files/Display.c:747:46: warning: format '%d' expects argument of type 'int', but argument 3 has type 'long int' [-Wformat=]
  747 |                         sprintf(strBuffer, "%d", tempConfigData.calibrationConfig.S1zeroCal % 10);
      |                                             ~^   ~~~~~~~~~~~~~~~~~~~~~~~~~~~~~~~~~~~~~~~~~~~~~~~
      |                                              |                                              |
      |                                              int                                            long int
      |                                             %ld
C:/Users/dust2/Documents/waterbee_controller/Working/Source_Files/Display.c:754:47: warning: format '%d' expects argument of type 'int', but argument 3 has type 'long int' [-Wformat=]
  754 |                         sprintf(strBuffer, " %d.%d", tempConfigData.calibrationConfig.S1zeroCal / 100, (tempConfigData.calibrationConfig.S1zeroCal / 10) % 10);
      |                                              ~^      ~~~~~~~~~~~~~~~~~~~~~~~~~~~~~~~~~~~~~~~~~~~~~~~~
      |                                               |                                                 |
      |                                               int                                               long int
      |                                              %ld
C:/Users/dust2/Documents/waterbee_controller/Working/Source_Files/Display.c:754:50: warning: format '%d' expects argument of type 'int', but argument 4 has type 'long int' [-Wformat=]
  754 |                         sprintf(strBuffer, " %d.%d", tempConfigData.calibrationConfig.S1zeroCal / 100, (tempConfigData.calibrationConfig.S1zeroCal / 10) % 10);
      |                                                 ~^                                                     ~~~~~~~~~~~~~~~~~~~~~~~~~~~~~~~~~~~~~~~~~~~~~~~~~~~~~~
      |                                                  |                                                                                                       |
      |                                                  int                                                                                                     long int
      |                                                 %ld
C:/Users/dust2/Documents/waterbee_controller/Working/Source_Files/Display.c:758:46: warning: format '%d' expects argument of type 'int', but argument 3 has type 'long int' [-Wformat=]
  758 |                         sprintf(strBuffer, "%d", tempConfigData.calibrationConfig.S1zeroCal % 10);
      |                                             ~^   ~~~~~~~~~~~~~~~~~~~~~~~~~~~~~~~~~~~~~~~~~~~~~~~
      |                                              |                                              |
      |                                              int                                            long int
      |                                             %ld
C:/Users/dust2/Documents/waterbee_controller/Working/Source_Files/Display.c:778:39: warning: format '%d' expects argument of type 'int', but argument 3 has type 'long int' [-Wformat=]
  778 |                 sprintf(strBuffer, "-%d.%d", zerointVal / 1000, (zerointVal / 100) % 10);
      |                                      ~^      ~~~~~~~~~~~~~~~~~
      |                                       |                 |
      |                                       int               long int
      |                                      %ld
C:/Users/dust2/Documents/waterbee_controller/Working/Source_Files/Display.c:778:42: warning: format '%d' expects argument of type 'int', but argument 4 has type 'long int' [-Wformat=]
  778 |                 sprintf(strBuffer, "-%d.%d", zerointVal / 1000, (zerointVal / 100) % 10);
      |                                         ~^                      ~~~~~~~~~~~~~~~~~~~~~~~
      |                                          |                                         |
      |                                          int                                       long int
      |                                         %ld
C:/Users/dust2/Documents/waterbee_controller/Working/Source_Files/Display.c:782:40: warning: format '%d' expects argument of type 'int', but argument 3 has type 'long int' [-Wformat=]
  782 |                 sprintf(strBuffer, "%02d", zerointVal % 100);
      |                                     ~~~^   ~~~~~~~~~~~~~~~~
      |                                        |              |
      |                                        int            long int
      |                                     %02ld
C:/Users/dust2/Documents/waterbee_controller/Working/Source_Files/Display.c:789:39: warning: format '%d' expects argument of type 'int', but argument 3 has type 'long int' [-Wformat=]
  789 |                 sprintf(strBuffer, " %d.%d", tempConfigData.calibrationConfig.S2zeroCal / 1000, (tempConfigData.calibrationConfig.S2zeroCal / 100) % 10);
      |                                      ~^      ~~~~~~~~~~~~~~~~~~~~~~~~~~~~~~~~~~~~~~~~~~~~~~~~~
      |                                       |                                                 |
      |                                       int                                               long int
      |                                      %ld
C:/Users/dust2/Documents/waterbee_controller/Working/Source_Files/Display.c:789:42: warning: format '%d' expects argument of type 'int', but argument 4 has type 'long int' [-Wformat=]
  789 |                 sprintf(strBuffer, " %d.%d", tempConfigData.calibrationConfig.S2zeroCal / 1000, (tempConfigData.calibrationConfig.S2zeroCal / 100) % 10);
      |                                         ~^                                                      ~~~~~~~~~~~~~~~~~~~~~~~~~~~~~~~~~~~~~~~~~~~~~~~~~~~~~~~
      |                                          |                                                                                                         |
      |                                          int                                                                                                       long int
      |                                         %ld
C:/Users/dust2/Documents/waterbee_controller/Working/Source_Files/Display.c:793:40: warning: format '%d' expects argument of type 'int', but argument 3 has type 'long int' [-Wformat=]
  793 |                 sprintf(strBuffer, "%02d", tempConfigData.calibrationConfig.S2zeroCal % 100);
      |                                     ~~~^   ~~~~~~~~~~~~~~~~~~~~~~~~~~~~~~~~~~~~~~~~~~~~~~~~
      |                                        |                                              |
      |                                        int                                            long int
      |                                     %02ld
C:/Users/dust2/Documents/waterbee_controller/Working/Source_Files/Display.c:802:39: warning: format '%d' expects argument of type 'int', but argument 3 has type 'long int' [-Wformat=]
  802 |                 sprintf(strBuffer, "-%d.%d", zerointVal / 1000, (zerointVal / 100) % 10);
      |                                      ~^      ~~~~~~~~~~~~~~~~~
      |                                       |                 |
      |                                       int               long int
      |                                      %ld
C:/Users/dust2/Documents/waterbee_controller/Working/Source_Files/Display.c:802:42: warning: format '%d' expects argument of type 'int', but argument 4 has type 'long int' [-Wformat=]
  802 |                 sprintf(strBuffer, "-%d.%d", zerointVal / 1000, (zerointVal / 100) % 10);
      |                                         ~^                      ~~~~~~~~~~~~~~~~~~~~~~~
      |                                          |                                         |
      |                                          int                                       long int
      |                                         %ld
C:/Users/dust2/Documents/waterbee_controller/Working/Source_Files/Display.c:806:40: warning: format '%d' expects argument of type 'int', but argument 3 has type 'long int' [-Wformat=]
  806 |                 sprintf(strBuffer, "%02d", zerointVal % 100);
      |                                     ~~~^   ~~~~~~~~~~~~~~~~
      |                                        |              |
      |                                        int            long int
      |                                     %02ld
C:/Users/dust2/Documents/waterbee_controller/Working/Source_Files/Display.c:813:39: warning: format '%d' expects argument of type 'int', but argument 3 has type 'long int' [-Wformat=]
  813 |                 sprintf(strBuffer, " %d.%d", tempConfigData.calibrationConfig.S2zeroCal / 1000, (tempConfigData.calibrationConfig.S2zeroCal / 100) % 10);
      |                                      ~^      ~~~~~~~~~~~~~~~~~~~~~~~~~~~~~~~~~~~~~~~~~~~~~~~~~
      |                                       |                                                 |
      |                                       int                                               long int
      |                                      %ld
C:/Users/dust2/Documents/waterbee_controller/Working/Source_Files/Display.c:813:42: warning: format '%d' expects argument of type 'int', but argument 4 has type 'long int' [-Wformat=]
  813 |                 sprintf(strBuffer, " %d.%d", tempConfigData.calibrationConfig.S2zeroCal / 1000, (tempConfigData.calibrationConfig.S2zeroCal / 100) % 10);
      |                                         ~^                                                      ~~~~~~~~~~~~~~~~~~~~~~~~~~~~~~~~~~~~~~~~~~~~~~~~~~~~~~~
      |                                          |                                                                                                         |
      |                                          int                                                                                                       long int
      |                                         %ld
C:/Users/dust2/Documents/waterbee_controller/Working/Source_Files/Display.c:817:40: warning: format '%d' expects argument of type 'int', but argument 3 has type 'long int' [-Wformat=]
  817 |                 sprintf(strBuffer, "%02d", tempConfigData.calibrationConfig.S2zeroCal % 100);
      |                                     ~~~^   ~~~~~~~~~~~~~~~~~~~~~~~~~~~~~~~~~~~~~~~~~~~~~~~~
      |                                        |                                              |
      |                                        int                                            long int
      |                                     %02ld
C:/Users/dust2/Documents/waterbee_controller/Working/Source_Files/Display.c: In function 'DrawCalibPH4':
C:/Users/dust2/Documents/waterbee_controller/Working/Source_Files/Display.c:840:35: warning: format '%d' expects argument of type 'int', but argument 3 has type 'long int' [-Wformat=]
  840 |             sprintf(strBuffer, "-%d.%02d", zerointVal / 100, zerointVal%100);
      |                                  ~^        ~~~~~~~~~~~~~~~~
      |                                   |                   |
      |                                   int                 long int
      |                                  %ld
C:/Users/dust2/Documents/waterbee_controller/Working/Source_Files/Display.c:840:40: warning: format '%d' expects argument of type 'int', but argument 4 has type 'long int' [-Wformat=]
  840 |             sprintf(strBuffer, "-%d.%02d", zerointVal / 100, zerointVal%100);
      |                                     ~~~^                     ~~~~~~~~~~~~~~
      |                                        |                               |
      |                                        int                             long int
      |                                     %02ld
C:/Users/dust2/Documents/waterbee_controller/Working/Source_Files/Display.c:844:35: warning: format '%d' expects argument of type 'int', but argument 3 has type 'long int' [-Wformat=]
  844 |             sprintf(strBuffer, " %d.%02d", zerointVal / 100, zerointVal%100);
      |                                  ~^        ~~~~~~~~~~~~~~~~
      |                                   |                   |
      |                                   int                 long int
      |                                  %ld
C:/Users/dust2/Documents/waterbee_controller/Working/Source_Files/Display.c:844:40: warning: format '%d' expects argument of type 'int', but argument 4 has type 'long int' [-Wformat=]
  844 |             sprintf(strBuffer, " %d.%02d", zerointVal / 100, zerointVal%100);
      |                                     ~~~^                     ~~~~~~~~~~~~~~
      |                                        |                               |
      |                                        int                             long int
      |                                     %02ld
C:/Users/dust2/Documents/waterbee_controller/Working/Source_Files/Display.c: In function 'DrawCalibPH7':
C:/Users/dust2/Documents/waterbee_controller/Working/Source_Files/Display.c:863:35: warning: format '%d' expects argument of type 'int', but argument 3 has type 'long int' [-Wformat=]
  863 |             sprintf(strBuffer, "-%d.%02d", zerointVal / 100, zerointVal%100);
      |                                  ~^        ~~~~~~~~~~~~~~~~
      |                                   |                   |
      |                                   int                 long int
      |                                  %ld
C:/Users/dust2/Documents/waterbee_controller/Working/Source_Files/Display.c:863:40: warning: format '%d' expects argument of type 'int', but argument 4 has type 'long int' [-Wformat=]
  863 |             sprintf(strBuffer, "-%d.%02d", zerointVal / 100, zerointVal%100);
      |                                     ~~~^                     ~~~~~~~~~~~~~~
      |                                        |                               |
      |                                        int                             long int
      |                                     %02ld
C:/Users/dust2/Documents/waterbee_controller/Working/Source_Files/Display.c:867:35: warning: format '%d' expects argument of type 'int', but argument 3 has type 'long int' [-Wformat=]
  867 |             sprintf(strBuffer, " %d.%02d", zerointVal / 100, zerointVal%100);
      |                                  ~^        ~~~~~~~~~~~~~~~~
      |                                   |                   |
      |                                   int                 long int
      |                                  %ld
C:/Users/dust2/Documents/waterbee_controller/Working/Source_Files/Display.c:867:40: warning: format '%d' expects argument of type 'int', but argument 4 has type 'long int' [-Wformat=]
  867 |             sprintf(strBuffer, " %d.%02d", zerointVal / 100, zerointVal%100);
      |                                     ~~~^                     ~~~~~~~~~~~~~~
      |                                        |                               |
      |                                        int                             long int
      |                                     %02ld
C:/Users/dust2/Documents/waterbee_controller/Working/Source_Files/Display.c: In function 'DrawCalib_EC':
C:/Users/dust2/Documents/waterbee_controller/Working/Source_Files/Display.c:885:35: warning: format '%d' expects argument of type 'int', but argument 3 has type 'long int' [-Wformat=]
  885 |             sprintf(strBuffer, "-%d.%01d", zerointVal/10, zerointVal%10);
      |                                  ~^        ~~~~~~~~~~~~~
      |                                   |                  |
      |                                   int                long int
      |                                  %ld
C:/Users/dust2/Documents/waterbee_controller/Working/Source_Files/Display.c:885:40: warning: format '%d' expects argument of type 'int', but argument 4 has type 'long int' [-Wformat=]
  885 |             sprintf(strBuffer, "-%d.%01d", zerointVal/10, zerointVal%10);
      |                                     ~~~^                  ~~~~~~~~~~~~~
      |                                        |                            |
      |                                        int                          long int
      |                                     %01ld
C:/Users/dust2/Documents/waterbee_controller/Working/Source_Files/Display.c:889:35: warning: format '%d' expects argument of type 'int', but argument 3 has type 'long int' [-Wformat=]
  889 |             sprintf(strBuffer, " %d.%01d", zerointVal/10, zerointVal%10);
      |                                  ~^        ~~~~~~~~~~~~~
      |                                   |                  |
      |                                   int                long int
      |                                  %ld
C:/Users/dust2/Documents/waterbee_controller/Working/Source_Files/Display.c:889:40: warning: format '%d' expects argument of type 'int', but argument 4 has type 'long int' [-Wformat=]
  889 |             sprintf(strBuffer, " %d.%01d", zerointVal/10, zerointVal%10);
      |                                     ~~~^                  ~~~~~~~~~~~~~
      |                                        |                            |
      |                                        int                          long int
      |                                     %01ld
C:/Users/dust2/Documents/waterbee_controller/Working/Source_Files/Display.c: In function 'DrawCalibBuff':
C:/Users/dust2/Documents/waterbee_controller/Working/Source_Files/Display.c:907:39: warning: format '%d' expects argument of type 'int', but argument 3 has type 'long int' [-Wformat=]
  907 |                 sprintf(strBuffer, "-%d.%d", zerointVal / 100, (zerointVal / 10) % 10);
      |                                      ~^      ~~~~~~~~~~~~~~~~
      |                                       |                 |
      |                                       int               long int
      |                                      %ld
C:/Users/dust2/Documents/waterbee_controller/Working/Source_Files/Display.c:907:42: warning: format '%d' expects argument of type 'int', but argument 4 has type 'long int' [-Wformat=]
  907 |                 sprintf(strBuffer, "-%d.%d", zerointVal / 100, (zerointVal / 10) % 10);
      |                                         ~^                     ~~~~~~~~~~~~~~~~~~~~~~
      |                                          |                                       |
      |                                          int                                     long int
      |                                         %ld
C:/Users/dust2/Documents/waterbee_controller/Working/Source_Files/Display.c:911:54: warning: format '%d' expects argument of type 'int', but argument 3 has type 'long int' [-Wformat=]
  911 |                                 sprintf(strBuffer, "%d", zerointVal % 10);
      |                                                     ~^   ~~~~~~~~~~~~~~~
      |                                                      |              |
      |                                                      int            long int
      |                                                     %ld
C:/Users/dust2/Documents/waterbee_controller/Working/Source_Files/Display.c:919:47: warning: format '%d' expects argument of type 'int', but argument 3 has type 'long int' [-Wformat=]
  919 |                         sprintf(strBuffer, " %d.%d", tempConfigData.calibrationConfig.S1zeroCal / 100, (tempConfigData.calibrationConfig.S1zeroCal / 10) % 10);
      |                                              ~^      ~~~~~~~~~~~~~~~~~~~~~~~~~~~~~~~~~~~~~~~~~~~~~~~~
      |                                               |                                                 |
      |                                               int                                               long int
      |                                              %ld
C:/Users/dust2/Documents/waterbee_controller/Working/Source_Files/Display.c:919:50: warning: format '%d' expects argument of type 'int', but argument 4 has type 'long int' [-Wformat=]
  919 |                         sprintf(strBuffer, " %d.%d", tempConfigData.calibrationConfig.S1zeroCal / 100, (tempConfigData.calibrationConfig.S1zeroCal / 10) % 10);
      |                                                 ~^                                                     ~~~~~~~~~~~~~~~~~~~~~~~~~~~~~~~~~~~~~~~~~~~~~~~~~~~~~~
      |                                                  |                                                                                                       |
      |                                                  int                                                                                                     long int
      |                                                 %ld
C:/Users/dust2/Documents/waterbee_controller/Working/Source_Files/Display.c:923:46: warning: format '%d' expects argument of type 'int', but argument 3 has type 'long int' [-Wformat=]
  923 |                         sprintf(strBuffer, "%d", tempConfigData.calibrationConfig.S1zeroCal % 10);
      |                                             ~^   ~~~~~~~~~~~~~~~~~~~~~~~~~~~~~~~~~~~~~~~~~~~~~~~
      |                                              |                                              |
      |                                              int                                            long int
      |                                             %ld
C:/Users/dust2/Documents/waterbee_controller/Working/Source_Files/Display.c:930:47: warning: format '%d' expects argument of type 'int', but argument 3 has type 'long int' [-Wformat=]
  930 |                         sprintf(strBuffer, " %d.%d", tempConfigData.calibrationConfig.S1zeroCal / 100, (tempConfigData.calibrationConfig.S1zeroCal / 10) % 10);
      |                                              ~^      ~~~~~~~~~~~~~~~~~~~~~~~~~~~~~~~~~~~~~~~~~~~~~~~~
      |                                               |                                                 |
      |                                               int                                               long int
      |                                              %ld
C:/Users/dust2/Documents/waterbee_controller/Working/Source_Files/Display.c:930:50: warning: format '%d' expects argument of type 'int', but argument 4 has type 'long int' [-Wformat=]
  930 |                         sprintf(strBuffer, " %d.%d", tempConfigData.calibrationConfig.S1zeroCal / 100, (tempConfigData.calibrationConfig.S1zeroCal / 10) % 10);
      |                                                 ~^                                                     ~~~~~~~~~~~~~~~~~~~~~~~~~~~~~~~~~~~~~~~~~~~~~~~~~~~~~~
      |                                                  |                                                                                                       |
      |                                                  int                                                                                                     long int
      |                                                 %ld
C:/Users/dust2/Documents/waterbee_controller/Working/Source_Files/Display.c:935:46: warning: format '%d' expects argument of type 'int', but argument 3 has type 'long int' [-Wformat=]
  935 |                         sprintf(strBuffer, "%d", tempConfigData.calibrationConfig.S1zeroCal % 10);
      |                                             ~^   ~~~~~~~~~~~~~~~~~~~~~~~~~~~~~~~~~~~~~~~~~~~~~~~
      |                                              |                                              |
      |                                              int                                            long int
      |                                             %ld
C:/Users/dust2/Documents/waterbee_controller/Working/Source_Files/Display.c:944:39: warning: format '%d' expects argument of type 'int', but argument 3 has type 'long int' [-Wformat=]
  944 |                 sprintf(strBuffer, "-%d.%d", zerointVal / 100, (zerointVal / 10) % 10);
      |                                      ~^      ~~~~~~~~~~~~~~~~
      |                                       |                 |
      |                                       int               long int
      |                                      %ld
C:/Users/dust2/Documents/waterbee_controller/Working/Source_Files/Display.c:944:42: warning: format '%d' expects argument of type 'int', but argument 4 has type 'long int' [-Wformat=]
  944 |                 sprintf(strBuffer, "-%d.%d", zerointVal / 100, (zerointVal / 10) % 10);
      |                                         ~^                     ~~~~~~~~~~~~~~~~~~~~~~
      |                                          |                                       |
      |                                          int                                     long int
      |                                         %ld
C:/Users/dust2/Documents/waterbee_controller/Working/Source_Files/Display.c:948:38: warning: format '%d' expects argument of type 'int', but argument 3 has type 'long int' [-Wformat=]
  948 |                 sprintf(strBuffer, "%d", zerointVal % 10);
      |                                     ~^   ~~~~~~~~~~~~~~~
      |                                      |              |
      |                                      int            long int
      |                                     %ld
C:/Users/dust2/Documents/waterbee_controller/Working/Source_Files/Display.c:956:47: warning: format '%d' expects argument of type 'int', but argument 3 has type 'long int' [-Wformat=]
  956 |                         sprintf(strBuffer, " %d.%d", tempConfigData.calibrationConfig.S1zeroCal / 100, (tempConfigData.calibrationConfig.S1zeroCal / 10) % 10);
      |                                              ~^      ~~~~~~~~~~~~~~~~~~~~~~~~~~~~~~~~~~~~~~~~~~~~~~~~
      |                                               |                                                 |
      |                                               int                                               long int
      |                                              %ld
C:/Users/dust2/Documents/waterbee_controller/Working/Source_Files/Display.c:956:50: warning: format '%d' expects argument of type 'int', but argument 4 has type 'long int' [-Wformat=]
  956 |                         sprintf(strBuffer, " %d.%d", tempConfigData.calibrationConfig.S1zeroCal / 100, (tempConfigData.calibrationConfig.S1zeroCal / 10) % 10);
      |                                                 ~^                                                     ~~~~~~~~~~~~~~~~~~~~~~~~~~~~~~~~~~~~~~~~~~~~~~~~~~~~~~
      |                                                  |                                                                                                       |
      |                                                  int                                                                                                     long int
      |                                                 %ld
C:/Users/dust2/Documents/waterbee_controller/Working/Source_Files/Display.c:960:46: warning: format '%d' expects argument of type 'int', but argument 3 has type 'long int' [-Wformat=]
  960 |                         sprintf(strBuffer, "%d", tempConfigData.calibrationConfig.S1zeroCal % 10);
      |                                             ~^   ~~~~~~~~~~~~~~~~~~~~~~~~~~~~~~~~~~~~~~~~~~~~~~~
      |                                              |                                              |
      |                                              int                                            long int
      |                                             %ld
C:/Users/dust2/Documents/waterbee_controller/Working/Source_Files/Display.c:967:47: warning: format '%d' expects argument of type 'int', but argument 3 has type 'long int' [-Wformat=]
  967 |                         sprintf(strBuffer, " %d.%d", tempConfigData.calibrationConfig.S1zeroCal / 100, (tempConfigData.calibrationConfig.S1zeroCal / 10) % 10);
      |                                              ~^      ~~~~~~~~~~~~~~~~~~~~~~~~~~~~~~~~~~~~~~~~~~~~~~~~
      |                                               |                                                 |
      |                                               int                                               long int
      |                                              %ld
C:/Users/dust2/Documents/waterbee_controller/Working/Source_Files/Display.c:967:50: warning: format '%d' expects argument of type 'int', but argument 4 has type 'long int' [-Wformat=]
  967 |                         sprintf(strBuffer, " %d.%d", tempConfigData.calibrationConfig.S1zeroCal / 100, (tempConfigData.calibrationConfig.S1zeroCal / 10) % 10);
      |                                                 ~^                                                     ~~~~~~~~~~~~~~~~~~~~~~~~~~~~~~~~~~~~~~~~~~~~~~~~~~~~~~
      |                                                  |                                                                                                       |
      |                                                  int                                                                                                     long int
      |                                                 %ld
C:/Users/dust2/Documents/waterbee_controller/Working/Source_Files/Display.c:971:46: warning: format '%d' expects argument of type 'int', but argument 3 has type 'long int' [-Wformat=]
  971 |                         sprintf(strBuffer, "%d", tempConfigData.calibrationConfig.S1zeroCal % 10);
      |                                             ~^   ~~~~~~~~~~~~~~~~~~~~~~~~~~~~~~~~~~~~~~~~~~~~~~~
      |                                              |                                              |
      |                                              int                                            long int
      |                                             %ld
C:/Users/dust2/Documents/waterbee_controller/Working/Source_Files/Display.c:991:39: warning: format '%d' expects argument of type 'int', but argument 3 has type 'long int' [-Wformat=]
  991 |                 sprintf(strBuffer, "-%d.%d", zerointVal / 1000, (zerointVal / 100) % 10);
      |                                      ~^      ~~~~~~~~~~~~~~~~~
      |                                       |                 |
      |                                       int               long int
      |                                      %ld
C:/Users/dust2/Documents/waterbee_controller/Working/Source_Files/Display.c:991:42: warning: format '%d' expects argument of type 'int', but argument 4 has type 'long int' [-Wformat=]
  991 |                 sprintf(strBuffer, "-%d.%d", zerointVal / 1000, (zerointVal / 100) % 10);
      |                                         ~^                      ~~~~~~~~~~~~~~~~~~~~~~~
      |                                          |                                         |
      |                                          int                                       long int
      |                                         %ld
C:/Users/dust2/Documents/waterbee_controller/Working/Source_Files/Display.c:995:40: warning: format '%d' expects argument of type 'int', but argument 3 has type 'long int' [-Wformat=]
  995 |                 sprintf(strBuffer, "%02d", zerointVal % 100);
      |                                     ~~~^   ~~~~~~~~~~~~~~~~
      |                                        |              |
      |                                        int            long int
      |                                     %02ld
C:/Users/dust2/Documents/waterbee_controller/Working/Source_Files/Display.c:1002:39: warning: format '%d' expects argument of type 'int', but argument 3 has type 'long int' [-Wformat=]
 1002 |                 sprintf(strBuffer, " %d.%d", tempConfigData.calibrationConfig.S2zeroCal / 1000, (tempConfigData.calibrationConfig.S2zeroCal / 100) % 10);
      |                                      ~^      ~~~~~~~~~~~~~~~~~~~~~~~~~~~~~~~~~~~~~~~~~~~~~~~~~
      |                                       |                                                 |
      |                                       int                                               long int
      |                                      %ld
C:/Users/dust2/Documents/waterbee_controller/Working/Source_Files/Display.c:1002:42: warning: format '%d' expects argument of type 'int', but argument 4 has type 'long int' [-Wformat=]
 1002 |                 sprintf(strBuffer, " %d.%d", tempConfigData.calibrationConfig.S2zeroCal / 1000, (tempConfigData.calibrationConfig.S2zeroCal / 100) % 10);
      |                                         ~^                                                      ~~~~~~~~~~~~~~~~~~~~~~~~~~~~~~~~~~~~~~~~~~~~~~~~~~~~~~~
      |                                          |                                                                                                         |
      |                                          int                                                                                                       long int
      |                                         %ld
C:/Users/dust2/Documents/waterbee_controller/Working/Source_Files/Display.c:1006:40: warning: format '%d' expects argument of type 'int', but argument 3 has type 'long int' [-Wformat=]
 1006 |                 sprintf(strBuffer, "%02d", tempConfigData.calibrationConfig.S2zeroCal % 100);
      |                                     ~~~^   ~~~~~~~~~~~~~~~~~~~~~~~~~~~~~~~~~~~~~~~~~~~~~~~~
      |                                        |                                              |
      |                                        int                                            long int
      |                                     %02ld
C:/Users/dust2/Documents/waterbee_controller/Working/Source_Files/Display.c:1015:39: warning: format '%d' expects argument of type 'int', but argument 3 has type 'long int' [-Wformat=]
 1015 |                 sprintf(strBuffer, "-%d.%d", zerointVal / 1000, (zerointVal / 100) % 10);
      |                                      ~^      ~~~~~~~~~~~~~~~~~
      |                                       |                 |
      |                                       int               long int
      |                                      %ld
C:/Users/dust2/Documents/waterbee_controller/Working/Source_Files/Display.c:1015:42: warning: format '%d' expects argument of type 'int', but argument 4 has type 'long int' [-Wformat=]
 1015 |                 sprintf(strBuffer, "-%d.%d", zerointVal / 1000, (zerointVal / 100) % 10);
      |                                         ~^                      ~~~~~~~~~~~~~~~~~~~~~~~
      |                                          |                                         |
      |                                          int                                       long int
      |                                         %ld
C:/Users/dust2/Documents/waterbee_controller/Working/Source_Files/Display.c:1019:40: warning: format '%d' expects argument of type 'int', but argument 3 has type 'long int' [-Wformat=]
 1019 |                 sprintf(strBuffer, "%02d", zerointVal % 100);
      |                                     ~~~^   ~~~~~~~~~~~~~~~~
      |                                        |              |
      |                                        int            long int
      |                                     %02ld
C:/Users/dust2/Documents/waterbee_controller/Working/Source_Files/Display.c:1026:39: warning: format '%d' expects argument of type 'int', but argument 3 has type 'long int' [-Wformat=]
 1026 |                 sprintf(strBuffer, " %d.%d", tempConfigData.calibrationConfig.S2zeroCal / 1000, (tempConfigData.calibrationConfig.S2zeroCal / 100) % 10);
      |                                      ~^      ~~~~~~~~~~~~~~~~~~~~~~~~~~~~~~~~~~~~~~~~~~~~~~~~~
      |                                       |                                                 |
      |                                       int                                               long int
      |                                      %ld
C:/Users/dust2/Documents/waterbee_controller/Working/Source_Files/Display.c:1026:42: warning: format '%d' expects argument of type 'int', but argument 4 has type 'long int' [-Wformat=]
 1026 |                 sprintf(strBuffer, " %d.%d", tempConfigData.calibrationConfig.S2zeroCal / 1000, (tempConfigData.calibrationConfig.S2zeroCal / 100) % 10);
      |                                         ~^                                                      ~~~~~~~~~~~~~~~~~~~~~~~~~~~~~~~~~~~~~~~~~~~~~~~~~~~~~~~
      |                                          |                                                                                                         |
      |                                          int                                                                                                       long int
      |                                         %ld
C:/Users/dust2/Documents/waterbee_controller/Working/Source_Files/Display.c:1030:40: warning: format '%d' expects argument of type 'int', but argument 3 has type 'long int' [-Wformat=]
 1030 |                 sprintf(strBuffer, "%02d", tempConfigData.calibrationConfig.S2zeroCal % 100);
      |                                     ~~~^   ~~~~~~~~~~~~~~~~~~~~~~~~~~~~~~~~~~~~~~~~~~~~~~~~
      |                                        |                                              |
      |                                        int                                            long int
      |                                     %02ld
C:/Users/dust2/Documents/waterbee_controller/Working/Source_Files/Display.c: In function 'DrawCalibSpan':
C:/Users/dust2/Documents/waterbee_controller/Working/Source_Files/Display.c:1067:47: warning: format '%d' expects argument of type 'int', but argument 3 has type 'long int' [-Wformat=]
 1067 |                         sprintf(strBuffer, " %d.%d", tempConfigData.calibrationConfig.PH_Span_Cal / 100, (tempConfigData.calibrationConfig.PH_Span_Cal / 10) % 10);
      |                                              ~^      ~~~~~~~~~~~~~~~~~~~~~~~~~~~~~~~~~~~~~~~~~~~~~~~~~~
      |                                               |                                                   |
      |                                               int                                                 long int
      |                                              %ld
C:/Users/dust2/Documents/waterbee_controller/Working/Source_Files/Display.c:1067:50: warning: format '%d' expects argument of type 'int', but argument 4 has type 'long int' [-Wformat=]
 1067 |                         sprintf(strBuffer, " %d.%d", tempConfigData.calibrationConfig.PH_Span_Cal / 100, (tempConfigData.calibrationConfig.PH_Span_Cal / 10) % 10);
      |                                                 ~^                                                       ~~~~~~~~~~~~~~~~~~~~~~~~~~~~~~~~~~~~~~~~~~~~~~~~~~~~~~~~
      |                                                  |                                                                                                           |
      |                                                  int                                                                                                         long int
      |                                                 %ld
C:/Users/dust2/Documents/waterbee_controller/Working/Source_Files/Display.c:1071:46: warning: format '%d' expects argument of type 'int', but argument 3 has type 'long int' [-Wformat=]
 1071 |                         sprintf(strBuffer, "%d", tempConfigData.calibrationConfig.PH_Span_Cal % 10);
      |                                             ~^   ~~~~~~~~~~~~~~~~~~~~~~~~~~~~~~~~~~~~~~~~~~~~~~~~~
      |                                              |                                                |
      |                                              int                                              long int
      |                                             %ld
C:/Users/dust2/Documents/waterbee_controller/Working/Source_Files/Display.c:1077:47: warning: format '%d' expects argument of type 'int', but argument 3 has type 'long int' [-Wformat=]
 1077 |                         sprintf(strBuffer, " %d.%d", tempConfigData.calibrationConfig.PH_Span_Cal / 100, (tempConfigData.calibrationConfig.PH_Span_Cal / 10) % 10);
      |                                              ~^      ~~~~~~~~~~~~~~~~~~~~~~~~~~~~~~~~~~~~~~~~~~~~~~~~~~
      |                                               |                                                   |
      |                                               int                                                 long int
      |                                              %ld
C:/Users/dust2/Documents/waterbee_controller/Working/Source_Files/Display.c:1077:50: warning: format '%d' expects argument of type 'int', but argument 4 has type 'long int' [-Wformat=]
 1077 |                         sprintf(strBuffer, " %d.%d", tempConfigData.calibrationConfig.PH_Span_Cal / 100, (tempConfigData.calibrationConfig.PH_Span_Cal / 10) % 10);
      |                                                 ~^                                                       ~~~~~~~~~~~~~~~~~~~~~~~~~~~~~~~~~~~~~~~~~~~~~~~~~~~~~~~~
      |                                                  |                                                                                                           |
      |                                                  int                                                                                                         long int
      |                                                 %ld
C:/Users/dust2/Documents/waterbee_controller/Working/Source_Files/Display.c:1081:46: warning: format '%d' expects argument of type 'int', but argument 3 has type 'long int' [-Wformat=]
 1081 |                         sprintf(strBuffer, "%d", tempConfigData.calibrationConfig.PH_Span_Cal % 10);
      |                                             ~^   ~~~~~~~~~~~~~~~~~~~~~~~~~~~~~~~~~~~~~~~~~~~~~~~~~
      |                                              |                                                |
      |                                              int                                              long int
      |                                             %ld
C:/Users/dust2/Documents/waterbee_controller/Working/Source_Files/Display.c:1090:47: warning: format '%d' expects argument of type 'int', but argument 3 has type 'long int' [-Wformat=]
 1090 |                         sprintf(strBuffer, " %d.%d", tempConfigData.calibrationConfig.PH_Span_Cal / 100, (tempConfigData.calibrationConfig.PH_Span_Cal / 10) % 10);
      |                                              ~^      ~~~~~~~~~~~~~~~~~~~~~~~~~~~~~~~~~~~~~~~~~~~~~~~~~~
      |                                               |                                                   |
      |                                               int                                                 long int
      |                                              %ld
C:/Users/dust2/Documents/waterbee_controller/Working/Source_Files/Display.c:1090:50: warning: format '%d' expects argument of type 'int', but argument 4 has type 'long int' [-Wformat=]
 1090 |                         sprintf(strBuffer, " %d.%d", tempConfigData.calibrationConfig.PH_Span_Cal / 100, (tempConfigData.calibrationConfig.PH_Span_Cal / 10) % 10);
      |                                                 ~^                                                       ~~~~~~~~~~~~~~~~~~~~~~~~~~~~~~~~~~~~~~~~~~~~~~~~~~~~~~~~
      |                                                  |                                                                                                           |
      |                                                  int                                                                                                         long int
      |                                                 %ld
C:/Users/dust2/Documents/waterbee_controller/Working/Source_Files/Display.c:1094:46: warning: format '%d' expects argument of type 'int', but argument 3 has type 'long int' [-Wformat=]
 1094 |                         sprintf(strBuffer, "%d", tempConfigData.calibrationConfig.PH_Span_Cal % 10);
      |                                             ~^   ~~~~~~~~~~~~~~~~~~~~~~~~~~~~~~~~~~~~~~~~~~~~~~~~~
      |                                              |                                                |
      |                                              int                                              long int
      |                                             %ld
C:/Users/dust2/Documents/waterbee_controller/Working/Source_Files/Display.c:1100:47: warning: format '%d' expects argument of type 'int', but argument 3 has type 'long int' [-Wformat=]
 1100 |                         sprintf(strBuffer, " %d.%d", tempConfigData.calibrationConfig.PH_Span_Cal / 100, (tempConfigData.calibrationConfig.PH_Span_Cal / 10) % 10);
      |                                              ~^      ~~~~~~~~~~~~~~~~~~~~~~~~~~~~~~~~~~~~~~~~~~~~~~~~~~
      |                                               |                                                   |
      |                                               int                                                 long int
      |                                              %ld
C:/Users/dust2/Documents/waterbee_controller/Working/Source_Files/Display.c:1100:50: warning: format '%d' expects argument of type 'int', but argument 4 has type 'long int' [-Wformat=]
 1100 |                         sprintf(strBuffer, " %d.%d", tempConfigData.calibrationConfig.PH_Span_Cal / 100, (tempConfigData.calibrationConfig.PH_Span_Cal / 10) % 10);
      |                                                 ~^                                                       ~~~~~~~~~~~~~~~~~~~~~~~~~~~~~~~~~~~~~~~~~~~~~~~~~~~~~~~~
      |                                                  |                                                                                                           |
      |                                                  int                                                                                                         long int
      |                                                 %ld
C:/Users/dust2/Documents/waterbee_controller/Working/Source_Files/Display.c:1104:46: warning: format '%d' expects argument of type 'int', but argument 3 has type 'long int' [-Wformat=]
 1104 |                         sprintf(strBuffer, "%d", tempConfigData.calibrationConfig.PH_Span_Cal % 10);
      |                                             ~^   ~~~~~~~~~~~~~~~~~~~~~~~~~~~~~~~~~~~~~~~~~~~~~~~~~
      |                                              |                                                |
      |                                              int                                              long int
      |                                             %ld
C:/Users/dust2/Documents/waterbee_controller/Working/Source_Files/Display.c:1120:47: warning: format '%d' expects argument of type 'int', but argument 3 has type 'long int' [-Wformat=]
 1120 |                         sprintf(strBuffer, " %d", tempConfigData.calibrationConfig.EC_Span_Cal / 100);
      |                                              ~^   ~~~~~~~~~~~~~~~~~~~~~~~~~~~~~~~~~~~~~~~~~~~~~~~~~~
      |                                               |                                                |
      |                                               int                                              long int
      |                                              %ld
C:/Users/dust2/Documents/waterbee_controller/Working/Source_Files/Display.c:1123:46: warning: format '%d' expects argument of type 'int', but argument 3 has type 'long int' [-Wformat=]
 1123 |                         sprintf(strBuffer, "%d.%d ", (tempConfigData.calibrationConfig.EC_Span_Cal%100)/10,   tempConfigData.calibrationConfig.EC_Span_Cal % 10);
      |                                             ~^       ~~~~~~~~~~~~~~~~~~~~~~~~~~~~~~~~~~~~~~~~~~~~~~~~~~~~~
      |                                              |                                                         |
      |                                              int                                                       long int
      |                                             %ld
C:/Users/dust2/Documents/waterbee_controller/Working/Source_Files/Display.c:1123:49: warning: format '%d' expects argument of type 'int', but argument 4 has type 'long int' [-Wformat=]
 1123 |                         sprintf(strBuffer, "%d.%d ", (tempConfigData.calibrationConfig.EC_Span_Cal%100)/10,   tempConfigData.calibrationConfig.EC_Span_Cal % 10);
      |                                                ~^                                                             ~~~~~~~~~~~~~~~~~~~~~~~~~~~~~~~~~~~~~~~~~~~~~~~~~
      |                                                 |                                                                                                          |
      |                                                 int                                                                                                        long int
      |                                                %ld
C:/Users/dust2/Documents/waterbee_controller/Working/Source_Files/Display.c:1127:48: warning: format '%d' expects argument of type 'int', but argument 3 has type 'long int' [-Wformat=]
 1127 |                         sprintf(strBuffer, "  %d", tempConfigData.calibrationConfig.EC_Span_Cal / 100);
      |                                               ~^   ~~~~~~~~~~~~~~~~~~~~~~~~~~~~~~~~~~~~~~~~~~~~~~~~~~
      |                                                |                                                |
      |                                                int                                              long int
      |                                               %ld
C:/Users/dust2/Documents/waterbee_controller/Working/Source_Files/Display.c:1130:46: warning: format '%d' expects argument of type 'int', but argument 3 has type 'long int' [-Wformat=]
 1130 |                         sprintf(strBuffer, "%d.%d ", (tempConfigData.calibrationConfig.EC_Span_Cal%100)/10,   tempConfigData.calibrationConfig.EC_Span_Cal % 10);
      |                                             ~^       ~~~~~~~~~~~~~~~~~~~~~~~~~~~~~~~~~~~~~~~~~~~~~~~~~~~~~
      |                                              |                                                         |
      |                                              int                                                       long int
      |                                             %ld
C:/Users/dust2/Documents/waterbee_controller/Working/Source_Files/Display.c:1130:49: warning: format '%d' expects argument of type 'int', but argument 4 has type 'long int' [-Wformat=]
 1130 |                         sprintf(strBuffer, "%d.%d ", (tempConfigData.calibrationConfig.EC_Span_Cal%100)/10,   tempConfigData.calibrationConfig.EC_Span_Cal % 10);
      |                                                ~^                                                             ~~~~~~~~~~~~~~~~~~~~~~~~~~~~~~~~~~~~~~~~~~~~~~~~~
      |                                                 |                                                                                                          |
      |                                                 int                                                                                                        long int
      |                                                %ld
C:/Users/dust2/Documents/waterbee_controller/Working/Source_Files/Display.c:1134:49: warning: format '%d' expects argument of type 'int', but argument 3 has type 'long int' [-Wformat=]
 1134 |                         sprintf(strBuffer, "   %d", tempConfigData.calibrationConfig.EC_Span_Cal / 100);
      |                                                ~^   ~~~~~~~~~~~~~~~~~~~~~~~~~~~~~~~~~~~~~~~~~~~~~~~~~~
      |                                                 |                                                |
      |                                                 int                                              long int
      |                                                %ld
C:/Users/dust2/Documents/waterbee_controller/Working/Source_Files/Display.c:1137:46: warning: format '%d' expects argument of type 'int', but argument 3 has type 'long int' [-Wformat=]
 1137 |                         sprintf(strBuffer, "%d.%d ", (tempConfigData.calibrationConfig.EC_Span_Cal%100)/10,   tempConfigData.calibrationConfig.EC_Span_Cal % 10);
      |                                             ~^       ~~~~~~~~~~~~~~~~~~~~~~~~~~~~~~~~~~~~~~~~~~~~~~~~~~~~~
      |                                              |                                                         |
      |                                              int                                                       long int
      |                                             %ld
C:/Users/dust2/Documents/waterbee_controller/Working/Source_Files/Display.c:1137:49: warning: format '%d' expects argument of type 'int', but argument 4 has type 'long int' [-Wformat=]
 1137 |                         sprintf(strBuffer, "%d.%d ", (tempConfigData.calibrationConfig.EC_Span_Cal%100)/10,   tempConfigData.calibrationConfig.EC_Span_Cal % 10);
      |                                                ~^                                                             ~~~~~~~~~~~~~~~~~~~~~~~~~~~~~~~~~~~~~~~~~~~~~~~~~
      |                                                 |                                                                                                          |
      |                                                 int                                                                                                        long int
      |                                                %ld
C:/Users/dust2/Documents/waterbee_controller/Working/Source_Files/Display.c:1141:51: warning: format '%d' expects argument of type 'int', but argument 3 has type 'long int' [-Wformat=]
 1141 |                         sprintf(strBuffer, "     %d", tempConfigData.calibrationConfig.EC_Span_Cal / 100);
      |                                                  ~^   ~~~~~~~~~~~~~~~~~~~~~~~~~~~~~~~~~~~~~~~~~~~~~~~~~~
      |                                                   |                                                |
      |                                                   int                                              long int
      |                                                  %ld
C:/Users/dust2/Documents/waterbee_controller/Working/Source_Files/Display.c:1144:46: warning: format '%d' expects argument of type 'int', but argument 3 has type 'long int' [-Wformat=]
 1144 |                         sprintf(strBuffer, "%d.%d ", (tempConfigData.calibrationConfig.EC_Span_Cal%100)/10,   tempConfigData.calibrationConfig.EC_Span_Cal % 10);
      |                                             ~^       ~~~~~~~~~~~~~~~~~~~~~~~~~~~~~~~~~~~~~~~~~~~~~~~~~~~~~
      |                                              |                                                         |
      |                                              int                                                       long int
      |                                             %ld
C:/Users/dust2/Documents/waterbee_controller/Working/Source_Files/Display.c:1144:49: warning: format '%d' expects argument of type 'int', but argument 4 has type 'long int' [-Wformat=]
 1144 |                         sprintf(strBuffer, "%d.%d ", (tempConfigData.calibrationConfig.EC_Span_Cal%100)/10,   tempConfigData.calibrationConfig.EC_Span_Cal % 10);
      |                                                ~^                                                             ~~~~~~~~~~~~~~~~~~~~~~~~~~~~~~~~~~~~~~~~~~~~~~~~~
      |                                                 |                                                                                                          |
      |                                                 int                                                                                                        long int
      |                                                %ld
C:/Users/dust2/Documents/waterbee_controller/Working/Source_Files/Display.c:1152:47: warning: format '%d' expects argument of type 'int', but argument 3 has type 'long int' [-Wformat=]
 1152 |                         sprintf(strBuffer, " %d", tempConfigData.calibrationConfig.EC_Span_Cal / 100);
      |                                              ~^   ~~~~~~~~~~~~~~~~~~~~~~~~~~~~~~~~~~~~~~~~~~~~~~~~~~
      |                                               |                                                |
      |                                               int                                              long int
      |                                              %ld
C:/Users/dust2/Documents/waterbee_controller/Working/Source_Files/Display.c:1155:46: warning: format '%d' expects argument of type 'int', but argument 3 has type 'long int' [-Wformat=]
 1155 |                         sprintf(strBuffer, "%d.%d ", (tempConfigData.calibrationConfig.EC_Span_Cal%100)/10,   tempConfigData.calibrationConfig.EC_Span_Cal % 10);
      |                                             ~^       ~~~~~~~~~~~~~~~~~~~~~~~~~~~~~~~~~~~~~~~~~~~~~~~~~~~~~
      |                                              |                                                         |
      |                                              int                                                       long int
      |                                             %ld
C:/Users/dust2/Documents/waterbee_controller/Working/Source_Files/Display.c:1155:49: warning: format '%d' expects argument of type 'int', but argument 4 has type 'long int' [-Wformat=]
 1155 |                         sprintf(strBuffer, "%d.%d ", (tempConfigData.calibrationConfig.EC_Span_Cal%100)/10,   tempConfigData.calibrationConfig.EC_Span_Cal % 10);
      |                                                ~^                                                             ~~~~~~~~~~~~~~~~~~~~~~~~~~~~~~~~~~~~~~~~~~~~~~~~~
      |                                                 |                                                                                                          |
      |                                                 int                                                                                                        long int
      |                                                %ld
C:/Users/dust2/Documents/waterbee_controller/Working/Source_Files/Display.c:1159:48: warning: format '%d' expects argument of type 'int', but argument 3 has type 'long int' [-Wformat=]
 1159 |                         sprintf(strBuffer, "  %d", tempConfigData.calibrationConfig.EC_Span_Cal / 100);
      |                                               ~^   ~~~~~~~~~~~~~~~~~~~~~~~~~~~~~~~~~~~~~~~~~~~~~~~~~~
      |                                                |                                                |
      |                                                int                                              long int
      |                                               %ld
C:/Users/dust2/Documents/waterbee_controller/Working/Source_Files/Display.c:1162:46: warning: format '%d' expects argument of type 'int', but argument 3 has type 'long int' [-Wformat=]
 1162 |                         sprintf(strBuffer, "%d.%d ", (tempConfigData.calibrationConfig.EC_Span_Cal%100)/10,   tempConfigData.calibrationConfig.EC_Span_Cal % 10);
      |                                             ~^       ~~~~~~~~~~~~~~~~~~~~~~~~~~~~~~~~~~~~~~~~~~~~~~~~~~~~~
      |                                              |                                                         |
      |                                              int                                                       long int
      |                                             %ld
C:/Users/dust2/Documents/waterbee_controller/Working/Source_Files/Display.c:1162:49: warning: format '%d' expects argument of type 'int', but argument 4 has type 'long int' [-Wformat=]
 1162 |                         sprintf(strBuffer, "%d.%d ", (tempConfigData.calibrationConfig.EC_Span_Cal%100)/10,   tempConfigData.calibrationConfig.EC_Span_Cal % 10);
      |                                                ~^                                                             ~~~~~~~~~~~~~~~~~~~~~~~~~~~~~~~~~~~~~~~~~~~~~~~~~
      |                                                 |                                                                                                          |
      |                                                 int                                                                                                        long int
      |                                                %ld
C:/Users/dust2/Documents/waterbee_controller/Working/Source_Files/Display.c:1166:49: warning: format '%d' expects argument of type 'int', but argument 3 has type 'long int' [-Wformat=]
 1166 |                         sprintf(strBuffer, "   %d", tempConfigData.calibrationConfig.EC_Span_Cal / 100);
      |                                                ~^   ~~~~~~~~~~~~~~~~~~~~~~~~~~~~~~~~~~~~~~~~~~~~~~~~~~
      |                                                 |                                                |
      |                                                 int                                              long int
      |                                                %ld
C:/Users/dust2/Documents/waterbee_controller/Working/Source_Files/Display.c:1169:46: warning: format '%d' expects argument of type 'int', but argument 3 has type 'long int' [-Wformat=]
 1169 |                         sprintf(strBuffer, "%d.%d ", (tempConfigData.calibrationConfig.EC_Span_Cal%100)/10,   tempConfigData.calibrationConfig.EC_Span_Cal % 10);
      |                                             ~^       ~~~~~~~~~~~~~~~~~~~~~~~~~~~~~~~~~~~~~~~~~~~~~~~~~~~~~
      |                                              |                                                         |
      |                                              int                                                       long int
      |                                             %ld
C:/Users/dust2/Documents/waterbee_controller/Working/Source_Files/Display.c:1169:49: warning: format '%d' expects argument of type 'int', but argument 4 has type 'long int' [-Wformat=]
 1169 |                         sprintf(strBuffer, "%d.%d ", (tempConfigData.calibrationConfig.EC_Span_Cal%100)/10,   tempConfigData.calibrationConfig.EC_Span_Cal % 10);
      |                                                ~^                                                             ~~~~~~~~~~~~~~~~~~~~~~~~~~~~~~~~~~~~~~~~~~~~~~~~~
      |                                                 |                                                                                                          |
      |                                                 int                                                                                                        long int
      |                                                %ld
C:/Users/dust2/Documents/waterbee_controller/Working/Source_Files/Display.c:1173:51: warning: format '%d' expects argument of type 'int', but argument 3 has type 'long int' [-Wformat=]
 1173 |                         sprintf(strBuffer, "     %d", tempConfigData.calibrationConfig.EC_Span_Cal / 100);
      |                                                  ~^   ~~~~~~~~~~~~~~~~~~~~~~~~~~~~~~~~~~~~~~~~~~~~~~~~~~
      |                                                   |                                                |
      |                                                   int                                              long int
      |                                                  %ld
C:/Users/dust2/Documents/waterbee_controller/Working/Source_Files/Display.c:1176:46: warning: format '%d' expects argument of type 'int', but argument 3 has type 'long int' [-Wformat=]
 1176 |                         sprintf(strBuffer, "%d.%d ", (tempConfigData.calibrationConfig.EC_Span_Cal%100)/10,   tempConfigData.calibrationConfig.EC_Span_Cal % 10);
      |                                             ~^       ~~~~~~~~~~~~~~~~~~~~~~~~~~~~~~~~~~~~~~~~~~~~~~~~~~~~~
      |                                              |                                                         |
      |                                              int                                                       long int
      |                                             %ld
C:/Users/dust2/Documents/waterbee_controller/Working/Source_Files/Display.c:1176:49: warning: format '%d' expects argument of type 'int', but argument 4 has type 'long int' [-Wformat=]
 1176 |                         sprintf(strBuffer, "%d.%d ", (tempConfigData.calibrationConfig.EC_Span_Cal%100)/10,   tempConfigData.calibrationConfig.EC_Span_Cal % 10);
      |                                                ~^                                                             ~~~~~~~~~~~~~~~~~~~~~~~~~~~~~~~~~~~~~~~~~~~~~~~~~
      |                                                 |                                                                                                          |
      |                                                 int                                                                                                        long int
      |                                                %ld
C:/Users/dust2/Documents/waterbee_controller/Working/Source_Files/Display.c: In function 'DrawCalibTemp':
C:/Users/dust2/Documents/waterbee_controller/Working/Source_Files/Display.c:1222:51: warning: format '%d' expects argument of type 'int', but argument 3 has type 'long int' [-Wformat=]
 1222 |                             sprintf(strBuffer, "-%d.%01d", tempIntVal / 10, (tempIntVal % 10));
      |                                                  ~^        ~~~~~~~~~~~~~~~
      |                                                   |                   |
      |                                                   int                 long int
      |                                                  %ld
C:/Users/dust2/Documents/waterbee_controller/Working/Source_Files/Display.c:1222:56: warning: format '%d' expects argument of type 'int', but argument 4 has type 'long int' [-Wformat=]
 1222 |                             sprintf(strBuffer, "-%d.%01d", tempIntVal / 10, (tempIntVal % 10));
      |                                                     ~~~^                    ~~~~~~~~~~~~~~~~~
      |                                                        |                                |
      |                                                        int                              long int
      |                                                     %01ld
C:/Users/dust2/Documents/waterbee_controller/Working/Source_Files/Display.c:1224:51: warning: format '%d' expects argument of type 'int', but argument 3 has type 'long int' [-Wformat=]
 1224 |                             sprintf(strBuffer, " %d.%01d", TEMP_Span_Cal / 10, (TEMP_Span_Cal % 10));
      |                                                  ~^        ~~~~~~~~~~~~~~~~~~
      |                                                   |                      |
      |                                                   int                    long int
      |                                                  %ld
C:/Users/dust2/Documents/waterbee_controller/Working/Source_Files/Display.c:1224:56: warning: format '%d' expects argument of type 'int', but argument 4 has type 'long int' [-Wformat=]
 1224 |                             sprintf(strBuffer, " %d.%01d", TEMP_Span_Cal / 10, (TEMP_Span_Cal % 10));
      |                                                     ~~~^                       ~~~~~~~~~~~~~~~~~~~~
      |                                                        |                                      |
      |                                                        int                                    long int
      |                                                     %01ld
C:/Users/dust2/Documents/waterbee_controller/Working/Source_Files/Display.c:1229:64: warning: format '%d' expects argument of type 'int', but argument 3 has type 'long int' [-Wformat=]
 1229 |                                         sprintf(strBuffer, "%01d", (tempIntVal % 10));
      |                                                             ~~~^   ~~~~~~~~~~~~~~~~~
      |                                                                |               |
      |                                                                int             long int
      |                                                             %01ld
C:/Users/dust2/Documents/waterbee_controller/Working/Source_Files/Display.c:1236:51: warning: format '%d' expects argument of type 'int', but argument 3 has type 'long int' [-Wformat=]
 1236 |                             sprintf(strBuffer, "-%d.%01d", tempIntVal / 10, (tempIntVal % 10));
      |                                                  ~^        ~~~~~~~~~~~~~~~
      |                                                   |                   |
      |                                                   int                 long int
      |                                                  %ld
C:/Users/dust2/Documents/waterbee_controller/Working/Source_Files/Display.c:1236:56: warning: format '%d' expects argument of type 'int', but argument 4 has type 'long int' [-Wformat=]
 1236 |                             sprintf(strBuffer, "-%d.%01d", tempIntVal / 10, (tempIntVal % 10));
      |                                                     ~~~^                    ~~~~~~~~~~~~~~~~~
      |                                                        |                                |
      |                                                        int                              long int
      |                                                     %01ld
C:/Users/dust2/Documents/waterbee_controller/Working/Source_Files/Display.c:1238:51: warning: format '%d' expects argument of type 'int', but argument 3 has type 'long int' [-Wformat=]
 1238 |                             sprintf(strBuffer, " %d.%01d", TEMP_Span_Cal / 10, (TEMP_Span_Cal % 10));
      |                                                  ~^        ~~~~~~~~~~~~~~~~~~
      |                                                   |                      |
      |                                                   int                    long int
      |                                                  %ld
C:/Users/dust2/Documents/waterbee_controller/Working/Source_Files/Display.c:1238:56: warning: format '%d' expects argument of type 'int', but argument 4 has type 'long int' [-Wformat=]
 1238 |                             sprintf(strBuffer, " %d.%01d", TEMP_Span_Cal / 10, (TEMP_Span_Cal % 10));
      |                                                     ~~~^                       ~~~~~~~~~~~~~~~~~~~~
      |                                                        |                                      |
      |                                                        int                                    long int
      |                                                     %01ld
C:/Users/dust2/Documents/waterbee_controller/Working/Source_Files/Display.c:1243:64: warning: format '%d' expects argument of type 'int', but argument 3 has type 'long int' [-Wformat=]
 1243 |                                         sprintf(strBuffer, "%01d", (tempIntVal % 10));
      |                                                             ~~~^   ~~~~~~~~~~~~~~~~~
      |                                                                |               |
      |                                                                int             long int
      |                                                             %01ld
C:/Users/dust2/Documents/waterbee_controller/Working/Source_Files/Display.c:1253:51: warning: format '%d' expects argument of type 'int', but argument 3 has type 'long int' [-Wformat=]
 1253 |                             sprintf(strBuffer, "-%d.%01d", tempIntVal / 10, (tempIntVal % 10));
      |                                                  ~^        ~~~~~~~~~~~~~~~
      |                                                   |                   |
      |                                                   int                 long int
      |                                                  %ld
C:/Users/dust2/Documents/waterbee_controller/Working/Source_Files/Display.c:1253:56: warning: format '%d' expects argument of type 'int', but argument 4 has type 'long int' [-Wformat=]
 1253 |                             sprintf(strBuffer, "-%d.%01d", tempIntVal / 10, (tempIntVal % 10));
      |                                                     ~~~^                    ~~~~~~~~~~~~~~~~~
      |                                                        |                                |
      |                                                        int                              long int
      |                                                     %01ld
C:/Users/dust2/Documents/waterbee_controller/Working/Source_Files/Display.c:1255:51: warning: format '%d' expects argument of type 'int', but argument 3 has type 'long int' [-Wformat=]
 1255 |                             sprintf(strBuffer, " %d.%01d", TEMP_Span_Cal / 10, (TEMP_Span_Cal % 10));
      |                                                  ~^        ~~~~~~~~~~~~~~~~~~
      |                                                   |                      |
      |                                                   int                    long int
      |                                                  %ld
C:/Users/dust2/Documents/waterbee_controller/Working/Source_Files/Display.c:1255:56: warning: format '%d' expects argument of type 'int', but argument 4 has type 'long int' [-Wformat=]
 1255 |                             sprintf(strBuffer, " %d.%01d", TEMP_Span_Cal / 10, (TEMP_Span_Cal % 10));
      |                                                     ~~~^                       ~~~~~~~~~~~~~~~~~~~~
      |                                                        |                                      |
      |                                                        int                                    long int
      |                                                     %01ld
C:/Users/dust2/Documents/waterbee_controller/Working/Source_Files/Display.c:1261:64: warning: format '%d' expects argument of type 'int', but argument 3 has type 'long int' [-Wformat=]
 1261 |                                         sprintf(strBuffer, "%01d", (tempIntVal % 10));
      |                                                             ~~~^   ~~~~~~~~~~~~~~~~~
      |                                                                |               |
      |                                                                int             long int
      |                                                             %01ld
C:/Users/dust2/Documents/waterbee_controller/Working/Source_Files/Display.c:1268:51: warning: format '%d' expects argument of type 'int', but argument 3 has type 'long int' [-Wformat=]
 1268 |                             sprintf(strBuffer, "-%d.%01d", tempIntVal / 10, (tempIntVal % 10));
      |                                                  ~^        ~~~~~~~~~~~~~~~
      |                                                   |                   |
      |                                                   int                 long int
      |                                                  %ld
C:/Users/dust2/Documents/waterbee_controller/Working/Source_Files/Display.c:1268:56: warning: format '%d' expects argument of type 'int', but argument 4 has type 'long int' [-Wformat=]
 1268 |                             sprintf(strBuffer, "-%d.%01d", tempIntVal / 10, (tempIntVal % 10));
      |                                                     ~~~^                    ~~~~~~~~~~~~~~~~~
      |                                                        |                                |
      |                                                        int                              long int
      |                                                     %01ld
C:/Users/dust2/Documents/waterbee_controller/Working/Source_Files/Display.c:1270:51: warning: format '%d' expects argument of type 'int', but argument 3 has type 'long int' [-Wformat=]
 1270 |                             sprintf(strBuffer, " %d.%01d", TEMP_Span_Cal / 10, (TEMP_Span_Cal % 10));
      |                                                  ~^        ~~~~~~~~~~~~~~~~~~
      |                                                   |                      |
      |                                                   int                    long int
      |                                                  %ld
C:/Users/dust2/Documents/waterbee_controller/Working/Source_Files/Display.c:1270:56: warning: format '%d' expects argument of type 'int', but argument 4 has type 'long int' [-Wformat=]
 1270 |                             sprintf(strBuffer, " %d.%01d", TEMP_Span_Cal / 10, (TEMP_Span_Cal % 10));
      |                                                     ~~~^                       ~~~~~~~~~~~~~~~~~~~~
      |                                                        |                                      |
      |                                                        int                                    long int
      |                                                     %01ld
C:/Users/dust2/Documents/waterbee_controller/Working/Source_Files/Display.c:1276:64: warning: format '%d' expects argument of type 'int', but argument 3 has type 'long int' [-Wformat=]
 1276 |                                         sprintf(strBuffer, "%01d", (tempIntVal % 10));
      |                                                             ~~~^   ~~~~~~~~~~~~~~~~~
      |                                                                |               |
      |                                                                int             long int
      |                                                             %01ld
C:/Users/dust2/Documents/waterbee_controller/Working/Source_Files/Display.c: In function 'DrawOutputConfig':
C:/Users/dust2/Documents/waterbee_controller/Working/Source_Files/Display.c:1298:44: warning: format '%d' expects argument of type 'int', but argument 3 has type 'long unsigned int' [-Wformat=]
 1298 |                     sprintf(strBuffer, "%03d", tempConfigData.outputConfig.outputReal4mA / 100);
      |                                         ~~~^   ~~~~~~~~~~~~~~~~~~~~~~~~~~~~~~~~~~~~~~~~~~~~~~~
      |                                            |                                             |
      |                                            int                                           long unsigned int
      |                                         %03ld
C:/Users/dust2/Documents/waterbee_controller/Working/Source_Files/Display.c:1301:44: warning: format '%d' expects argument of type 'int', but argument 3 has type 'long unsigned int' [-Wformat=]
 1301 |                     sprintf(strBuffer, "%02d", tempConfigData.outputConfig.outputReal4mA%100);
      |                                         ~~~^   ~~~~~~~~~~~~~~~~~~~~~~~~~~~~~~~~~~~~~~~~~~~~~
      |                                            |                                            |
      |                                            int                                          long unsigned int
      |                                         %02ld
C:/Users/dust2/Documents/waterbee_controller/Working/Source_Files/Display.c:1306:44: warning: format '%d' expects argument of type 'int', but argument 3 has type 'long unsigned int' [-Wformat=]
 1306 |                     sprintf(strBuffer, "%03d", tempConfigData.outputConfig.outputReal4mA2 / 100);
      |                                         ~~~^   ~~~~~~~~~~~~~~~~~~~~~~~~~~~~~~~~~~~~~~~~~~~~~~~~
      |                                            |                                              |
      |                                            int                                            long unsigned int
      |                                         %03ld
C:/Users/dust2/Documents/waterbee_controller/Working/Source_Files/Display.c:1309:44: warning: format '%d' expects argument of type 'int', but argument 3 has type 'long unsigned int' [-Wformat=]
 1309 |                     sprintf(strBuffer, "%02d", tempConfigData.outputConfig.outputReal4mA2%100);
      |                                         ~~~^   ~~~~~~~~~~~~~~~~~~~~~~~~~~~~~~~~~~~~~~~~~~~~~~
      |                                            |                                             |
      |                                            int                                           long unsigned int
      |                                         %02ld
C:/Users/dust2/Documents/waterbee_controller/Working/Source_Files/Display.c:1317:44: warning: format '%d' expects argument of type 'int', but argument 3 has type 'long unsigned int' [-Wformat=]
 1317 |                     sprintf(strBuffer, "%03d", tempConfigData.outputConfig.outputReal4mA / 100);
      |                                         ~~~^   ~~~~~~~~~~~~~~~~~~~~~~~~~~~~~~~~~~~~~~~~~~~~~~~
      |                                            |                                             |
      |                                            int                                           long unsigned int
      |                                         %03ld
C:/Users/dust2/Documents/waterbee_controller/Working/Source_Files/Display.c:1320:44: warning: format '%d' expects argument of type 'int', but argument 3 has type 'long unsigned int' [-Wformat=]
 1320 |                     sprintf(strBuffer, "%02d", tempConfigData.outputConfig.outputReal4mA%100);
      |                                         ~~~^   ~~~~~~~~~~~~~~~~~~~~~~~~~~~~~~~~~~~~~~~~~~~~~
      |                                            |                                            |
      |                                            int                                          long unsigned int
      |                                         %02ld
C:/Users/dust2/Documents/waterbee_controller/Working/Source_Files/Display.c:1325:44: warning: format '%d' expects argument of type 'int', but argument 3 has type 'long unsigned int' [-Wformat=]
 1325 |                     sprintf(strBuffer, "%03d", tempConfigData.outputConfig.outputReal4mA2 / 100);
      |                                         ~~~^   ~~~~~~~~~~~~~~~~~~~~~~~~~~~~~~~~~~~~~~~~~~~~~~~~
      |                                            |                                              |
      |                                            int                                            long unsigned int
      |                                         %03ld
C:/Users/dust2/Documents/waterbee_controller/Working/Source_Files/Display.c:1328:44: warning: format '%d' expects argument of type 'int', but argument 3 has type 'long unsigned int' [-Wformat=]
 1328 |                     sprintf(strBuffer, "%02d", tempConfigData.outputConfig.outputReal4mA2%100);
      |                                         ~~~^   ~~~~~~~~~~~~~~~~~~~~~~~~~~~~~~~~~~~~~~~~~~~~~~
      |                                            |                                             |
      |                                            int                                           long unsigned int
      |                                         %02ld
C:/Users/dust2/Documents/waterbee_controller/Working/Source_Files/Display.c:1335:44: warning: format '%d' expects argument of type 'int', but argument 3 has type 'long unsigned int' [-Wformat=]
 1335 |                     sprintf(strBuffer, "%03d", tempConfigData.outputConfig.outputReal20mA / 100);
      |                                         ~~~^   ~~~~~~~~~~~~~~~~~~~~~~~~~~~~~~~~~~~~~~~~~~~~~~~~
      |                                            |                                              |
      |                                            int                                            long unsigned int
      |                                         %03ld
C:/Users/dust2/Documents/waterbee_controller/Working/Source_Files/Display.c:1338:44: warning: format '%d' expects argument of type 'int', but argument 3 has type 'long unsigned int' [-Wformat=]
 1338 |                     sprintf(strBuffer, "%02d", tempConfigData.outputConfig.outputReal20mA%100);
      |                                         ~~~^   ~~~~~~~~~~~~~~~~~~~~~~~~~~~~~~~~~~~~~~~~~~~~~~
      |                                            |                                             |
      |                                            int                                           long unsigned int
      |                                         %02ld
C:/Users/dust2/Documents/waterbee_controller/Working/Source_Files/Display.c:1343:44: warning: format '%d' expects argument of type 'int', but argument 3 has type 'long unsigned int' [-Wformat=]
 1343 |                     sprintf(strBuffer, "%03d", tempConfigData.outputConfig.outputReal20mA2 / 100);
      |                                         ~~~^   ~~~~~~~~~~~~~~~~~~~~~~~~~~~~~~~~~~~~~~~~~~~~~~~~~
      |                                            |                                               |
      |                                            int                                             long unsigned int
      |                                         %03ld
C:/Users/dust2/Documents/waterbee_controller/Working/Source_Files/Display.c:1346:44: warning: format '%d' expects argument of type 'int', but argument 3 has type 'long unsigned int' [-Wformat=]
 1346 |                     sprintf(strBuffer, "%02d", tempConfigData.outputConfig.outputReal20mA2%100);
      |                                         ~~~^   ~~~~~~~~~~~~~~~~~~~~~~~~~~~~~~~~~~~~~~~~~~~~~~~
      |                                            |                                              |
      |                                            int                                            long unsigned int
      |                                         %02ld
C:/Users/dust2/Documents/waterbee_controller/Working/Source_Files/Display.c:1353:44: warning: format '%d' expects argument of type 'int', but argument 3 has type 'long unsigned int' [-Wformat=]
 1353 |                     sprintf(strBuffer, "%03d", tempConfigData.outputConfig.outputReal20mA / 100);
      |                                         ~~~^   ~~~~~~~~~~~~~~~~~~~~~~~~~~~~~~~~~~~~~~~~~~~~~~~~
      |                                            |                                              |
      |                                            int                                            long unsigned int
      |                                         %03ld
C:/Users/dust2/Documents/waterbee_controller/Working/Source_Files/Display.c:1356:44: warning: format '%d' expects argument of type 'int', but argument 3 has type 'long unsigned int' [-Wformat=]
 1356 |                     sprintf(strBuffer, "%02d", tempConfigData.outputConfig.outputReal20mA%100);
      |                                         ~~~^   ~~~~~~~~~~~~~~~~~~~~~~~~~~~~~~~~~~~~~~~~~~~~~~
      |                                            |                                             |
      |                                            int                                           long unsigned int
      |                                         %02ld
C:/Users/dust2/Documents/waterbee_controller/Working/Source_Files/Display.c:1361:44: warning: format '%d' expects argument of type 'int', but argument 3 has type 'long unsigned int' [-Wformat=]
 1361 |                     sprintf(strBuffer, "%03d", tempConfigData.outputConfig.outputReal20mA2 / 100);
      |                                         ~~~^   ~~~~~~~~~~~~~~~~~~~~~~~~~~~~~~~~~~~~~~~~~~~~~~~~~
      |                                            |                                               |
      |                                            int                                             long unsigned int
      |                                         %03ld
C:/Users/dust2/Documents/waterbee_controller/Working/Source_Files/Display.c:1364:44: warning: format '%d' expects argument of type 'int', but argument 3 has type 'long unsigned int' [-Wformat=]
 1364 |                     sprintf(strBuffer, "%02d", tempConfigData.outputConfig.outputReal20mA2%100);
      |                                         ~~~^   ~~~~~~~~~~~~~~~~~~~~~~~~~~~~~~~~~~~~~~~~~~~~~~~
      |                                            |                                              |
      |                                            int                                            long unsigned int
      |                                         %02ld
C:/Users/dust2/Documents/waterbee_controller/Working/Source_Files/Display.c: In function 'DrawAlarmConfig':
C:/Users/dust2/Documents/waterbee_controller/Working/Source_Files/Display.c:1379:39: warning: format '%d' expects argument of type 'int', but argument 3 has type 'long unsigned int' [-Wformat=]
 1379 |                 sprintf(strBuffer, " %d.%d", tempConfigData.alarmConfig.highLimit / 100, (tempConfigData.alarmConfig.highLimit % 100) / 10);
      |                                      ~^      ~~~~~~~~~~~~~~~~~~~~~~~~~~~~~~~~~~~~~~~~~~
      |                                       |                                           |
      |                                       int                                         long unsigned int
      |                                      %ld
C:/Users/dust2/Documents/waterbee_controller/Working/Source_Files/Display.c:1379:42: warning: format '%d' expects argument of type 'int', but argument 4 has type 'long unsigned int' [-Wformat=]
 1379 |                 sprintf(strBuffer, " %d.%d", tempConfigData.alarmConfig.highLimit / 100, (tempConfigData.alarmConfig.highLimit % 100) / 10);
      |                                         ~^                                               ~~~~~~~~~~~~~~~~~~~~~~~~~~~~~~~~~~~~~~~~~~~~~~~~~
      |                                          |                                                                                            |
      |                                          int                                                                                          long unsigned int
      |                                         %ld
C:/Users/dust2/Documents/waterbee_controller/Working/Source_Files/Display.c:1384:40: warning: format '%d' expects argument of type 'int', but argument 3 has type 'long unsigned int' [-Wformat=]
 1384 |                 sprintf(strBuffer, "%01d", tempConfigData.alarmConfig.highLimit % 10);
      |                                     ~~~^   ~~~~~~~~~~~~~~~~~~~~~~~~~~~~~~~~~~~~~~~~~
      |                                        |                                        |
      |                                        int                                      long unsigned int
      |                                     %01ld
C:/Users/dust2/Documents/waterbee_controller/Working/Source_Files/Display.c:1389:39: warning: format '%d' expects argument of type 'int', but argument 3 has type 'long unsigned int' [-Wformat=]
 1389 |                 sprintf(strBuffer, " %d.%d", tempConfigData.alarmConfig.highLimit / 100, (tempConfigData.alarmConfig.highLimit % 100) / 10);
      |                                      ~^      ~~~~~~~~~~~~~~~~~~~~~~~~~~~~~~~~~~~~~~~~~~
      |                                       |                                           |
      |                                       int                                         long unsigned int
      |                                      %ld
C:/Users/dust2/Documents/waterbee_controller/Working/Source_Files/Display.c:1389:42: warning: format '%d' expects argument of type 'int', but argument 4 has type 'long unsigned int' [-Wformat=]
 1389 |                 sprintf(strBuffer, " %d.%d", tempConfigData.alarmConfig.highLimit / 100, (tempConfigData.alarmConfig.highLimit % 100) / 10);
      |                                         ~^                                               ~~~~~~~~~~~~~~~~~~~~~~~~~~~~~~~~~~~~~~~~~~~~~~~~~
      |                                          |                                                                                            |
      |                                          int                                                                                          long unsigned int
      |                                         %ld
C:/Users/dust2/Documents/waterbee_controller/Working/Source_Files/Display.c:1394:40: warning: format '%d' expects argument of type 'int', but argument 3 has type 'long unsigned int' [-Wformat=]
 1394 |                 sprintf(strBuffer, "%01d", tempConfigData.alarmConfig.highLimit % 10);
      |                                     ~~~^   ~~~~~~~~~~~~~~~~~~~~~~~~~~~~~~~~~~~~~~~~~
      |                                        |                                        |
      |                                        int                                      long unsigned int
      |                                     %01ld
C:/Users/dust2/Documents/waterbee_controller/Working/Source_Files/Display.c:1399:39: warning: format '%d' expects argument of type 'int', but argument 3 has type 'long unsigned int' [-Wformat=]
 1399 |                 sprintf(strBuffer, " %d.%d", tempConfigData.alarmConfig.lowLimit / 100, (tempConfigData.alarmConfig.lowLimit % 100) / 10);
      |                                      ~^      ~~~~~~~~~~~~~~~~~~~~~~~~~~~~~~~~~~~~~~~~~
      |                                       |                                          |
      |                                       int                                        long unsigned int
      |                                      %ld
C:/Users/dust2/Documents/waterbee_controller/Working/Source_Files/Display.c:1399:42: warning: format '%d' expects argument of type 'int', but argument 4 has type 'long unsigned int' [-Wformat=]
 1399 |                 sprintf(strBuffer, " %d.%d", tempConfigData.alarmConfig.lowLimit / 100, (tempConfigData.alarmConfig.lowLimit % 100) / 10);
      |                                         ~^                                              ~~~~~~~~~~~~~~~~~~~~~~~~~~~~~~~~~~~~~~~~~~~~~~~~
      |                                          |                                                                                          |
      |                                          int                                                                                        long unsigned int
      |                                         %ld
C:/Users/dust2/Documents/waterbee_controller/Working/Source_Files/Display.c:1404:40: warning: format '%d' expects argument of type 'int', but argument 3 has type 'long unsigned int' [-Wformat=]
 1404 |                 sprintf(strBuffer, "%01d", tempConfigData.alarmConfig.lowLimit % 10);
      |                                     ~~~^   ~~~~~~~~~~~~~~~~~~~~~~~~~~~~~~~~~~~~~~~~
      |                                        |                                       |
      |                                        int                                     long unsigned int
      |                                     %01ld
C:/Users/dust2/Documents/waterbee_controller/Working/Source_Files/Display.c:1409:39: warning: format '%d' expects argument of type 'int', but argument 3 has type 'long unsigned int' [-Wformat=]
 1409 |                 sprintf(strBuffer, " %d.%d", tempConfigData.alarmConfig.lowLimit / 100, (tempConfigData.alarmConfig.lowLimit % 100) / 10);
      |                                      ~^      ~~~~~~~~~~~~~~~~~~~~~~~~~~~~~~~~~~~~~~~~~
      |                                       |                                          |
      |                                       int                                        long unsigned int
      |                                      %ld
C:/Users/dust2/Documents/waterbee_controller/Working/Source_Files/Display.c:1409:42: warning: format '%d' expects argument of type 'int', but argument 4 has type 'long unsigned int' [-Wformat=]
 1409 |                 sprintf(strBuffer, " %d.%d", tempConfigData.alarmConfig.lowLimit / 100, (tempConfigData.alarmConfig.lowLimit % 100) / 10);
      |                                         ~^                                              ~~~~~~~~~~~~~~~~~~~~~~~~~~~~~~~~~~~~~~~~~~~~~~~~
      |                                          |                                                                                          |
      |                                          int                                                                                        long unsigned int
      |                                         %ld
C:/Users/dust2/Documents/waterbee_controller/Working/Source_Files/Display.c:1414:40: warning: format '%d' expects argument of type 'int', but argument 3 has type 'long unsigned int' [-Wformat=]
 1414 |                 sprintf(strBuffer, "%01d", tempConfigData.alarmConfig.lowLimit % 10);
      |                                     ~~~^   ~~~~~~~~~~~~~~~~~~~~~~~~~~~~~~~~~~~~~~~~
      |                                        |                                       |
      |                                        int                                     long unsigned int
      |                                     %01ld
C:/Users/dust2/Documents/waterbee_controller/Working/Source_Files/Display.c:1419:39: warning: format '%d' expects argument of type 'int', but argument 3 has type 'uint32_t' {aka 'long unsigned int'} [-Wformat=]
 1419 |                 sprintf(strBuffer, "%3d", tempConfigData.alarmConfig.zeroAlarm);
      |                                     ~~^   ~~~~~~~~~~~~~~~~~~~~~~~~~~~~~~~~~~~~
      |                                       |                             |
      |                                       int                           uint32_t {aka long unsigned int}
      |                                     %3ld
C:/Users/dust2/Documents/waterbee_controller/Working/Source_Files/Display.c:1429:43: warning: format '%d' expects argument of type 'int', but argument 3 has type 'long unsigned int' [-Wformat=]
 1429 |                     sprintf(strBuffer, "%3d", tempConfigData.alarmConfig.highLimit2 / 100);
      |                                         ~~^   ~~~~~~~~~~~~~~~~~~~~~~~~~~~~~~~~~~~~~~~~~~~
      |                                           |                                         |
      |                                           int                                       long unsigned int
      |                                         %3ld
C:/Users/dust2/Documents/waterbee_controller/Working/Source_Files/Display.c:1431:44: warning: format '%d' expects argument of type 'int', but argument 3 has type 'long unsigned int' [-Wformat=]
 1431 |                     sprintf(strBuffer, "%01d.%01d", (tempConfigData.alarmConfig.highLimit2 % 100)/10, tempConfigData.alarmConfig.highLimit2 % 10);
      |                                         ~~~^        ~~~~~~~~~~~~~~~~~~~~~~~~~~~~~~~~~~~~~~~~~~~~~~~~
      |                                            |                                                     |
      |                                            int                                                   long unsigned int
      |                                         %01ld
C:/Users/dust2/Documents/waterbee_controller/Working/Source_Files/Display.c:1431:49: warning: format '%d' expects argument of type 'int', but argument 4 has type 'long unsigned int' [-Wformat=]
 1431 |                     sprintf(strBuffer, "%01d.%01d", (tempConfigData.alarmConfig.highLimit2 % 100)/10, tempConfigData.alarmConfig.highLimit2 % 10);
      |                                              ~~~^                                                     ~~~~~~~~~~~~~~~~~~~~~~~~~~~~~~~~~~~~~~~~~~
      |                                                 |                                                                                           |
      |                                                 int                                                                                         long unsigned int
      |                                              %01ld
C:/Users/dust2/Documents/waterbee_controller/Working/Source_Files/Display.c:1435:43: warning: format '%d' expects argument of type 'int', but argument 3 has type 'long unsigned int' [-Wformat=]
 1435 |                     sprintf(strBuffer, "%3d", tempConfigData.alarmConfig.highLimit2 / 100);
      |                                         ~~^   ~~~~~~~~~~~~~~~~~~~~~~~~~~~~~~~~~~~~~~~~~~~
      |                                           |                                         |
      |                                           int                                       long unsigned int
      |                                         %3ld
C:/Users/dust2/Documents/waterbee_controller/Working/Source_Files/Display.c:1437:44: warning: format '%d' expects argument of type 'int', but argument 3 has type 'long unsigned int' [-Wformat=]
 1437 |                     sprintf(strBuffer, "%01d.%01d", (tempConfigData.alarmConfig.highLimit2 % 100)/10, tempConfigData.alarmConfig.highLimit2 % 10);
      |                                         ~~~^        ~~~~~~~~~~~~~~~~~~~~~~~~~~~~~~~~~~~~~~~~~~~~~~~~
      |                                            |                                                     |
      |                                            int                                                   long unsigned int
      |                                         %01ld
C:/Users/dust2/Documents/waterbee_controller/Working/Source_Files/Display.c:1437:49: warning: format '%d' expects argument of type 'int', but argument 4 has type 'long unsigned int' [-Wformat=]
 1437 |                     sprintf(strBuffer, "%01d.%01d", (tempConfigData.alarmConfig.highLimit2 % 100)/10, tempConfigData.alarmConfig.highLimit2 % 10);
      |                                              ~~~^                                                     ~~~~~~~~~~~~~~~~~~~~~~~~~~~~~~~~~~~~~~~~~~
      |                                                 |                                                                                           |
      |                                                 int                                                                                         long unsigned int
      |                                              %01ld
C:/Users/dust2/Documents/waterbee_controller/Working/Source_Files/Display.c:1441:43: warning: format '%d' expects argument of type 'int', but argument 3 has type 'long unsigned int' [-Wformat=]
 1441 |                     sprintf(strBuffer, "%3d", tempConfigData.alarmConfig.lowLimit2 / 100);
      |                                         ~~^   ~~~~~~~~~~~~~~~~~~~~~~~~~~~~~~~~~~~~~~~~~~
      |                                           |                                        |
      |                                           int                                      long unsigned int
      |                                         %3ld
C:/Users/dust2/Documents/waterbee_controller/Working/Source_Files/Display.c:1443:44: warning: format '%d' expects argument of type 'int', but argument 3 has type 'long unsigned int' [-Wformat=]
 1443 |                     sprintf(strBuffer, "%01d.%01d", (tempConfigData.alarmConfig.lowLimit2 % 100)/10, tempConfigData.alarmConfig.lowLimit2 % 10);
      |                                         ~~~^        ~~~~~~~~~~~~~~~~~~~~~~~~~~~~~~~~~~~~~~~~~~~~~~~
      |                                            |                                                    |
      |                                            int                                                  long unsigned int
      |                                         %01ld
C:/Users/dust2/Documents/waterbee_controller/Working/Source_Files/Display.c:1443:49: warning: format '%d' expects argument of type 'int', but argument 4 has type 'long unsigned int' [-Wformat=]
 1443 |                     sprintf(strBuffer, "%01d.%01d", (tempConfigData.alarmConfig.lowLimit2 % 100)/10, tempConfigData.alarmConfig.lowLimit2 % 10);
      |                                              ~~~^                                                    ~~~~~~~~~~~~~~~~~~~~~~~~~~~~~~~~~~~~~~~~~
      |                                                 |                                                                                         |
      |                                                 int                                                                                       long unsigned int
      |                                              %01ld
C:/Users/dust2/Documents/waterbee_controller/Working/Source_Files/Display.c:1447:43: warning: format '%d' expects argument of type 'int', but argument 3 has type 'long unsigned int' [-Wformat=]
 1447 |                     sprintf(strBuffer, "%3d", tempConfigData.alarmConfig.lowLimit2 / 100);
      |                                         ~~^   ~~~~~~~~~~~~~~~~~~~~~~~~~~~~~~~~~~~~~~~~~~
      |                                           |                                        |
      |                                           int                                      long unsigned int
      |                                         %3ld
C:/Users/dust2/Documents/waterbee_controller/Working/Source_Files/Display.c:1449:44: warning: format '%d' expects argument of type 'int', but argument 3 has type 'long unsigned int' [-Wformat=]
 1449 |                     sprintf(strBuffer, "%01d.%01d", (tempConfigData.alarmConfig.lowLimit2 % 100)/10, tempConfigData.alarmConfig.lowLimit2 % 10);
      |                                         ~~~^        ~~~~~~~~~~~~~~~~~~~~~~~~~~~~~~~~~~~~~~~~~~~~~~~
      |                                            |                                                    |
      |                                            int                                                  long unsigned int
      |                                         %01ld
C:/Users/dust2/Documents/waterbee_controller/Working/Source_Files/Display.c:1449:49: warning: format '%d' expects argument of type 'int', but argument 4 has type 'long unsigned int' [-Wformat=]
 1449 |                     sprintf(strBuffer, "%01d.%01d", (tempConfigData.alarmConfig.lowLimit2 % 100)/10, tempConfigData.alarmConfig.lowLimit2 % 10);
      |                                              ~~~^                                                    ~~~~~~~~~~~~~~~~~~~~~~~~~~~~~~~~~~~~~~~~~
      |                                                 |                                                                                         |
      |                                                 int                                                                                       long unsigned int
      |                                              %01ld
C:/Users/dust2/Documents/waterbee_controller/Working/Source_Files/Display.c:1453:43: warning: format '%d' expects argument of type 'int', but argument 3 has type 'uint32_t' {aka 'long unsigned int'} [-Wformat=]
 1453 |                     sprintf(strBuffer, "%3d", tempConfigData.alarmConfig.zeroAlarm2);
      |                                         ~~^   ~~~~~~~~~~~~~~~~~~~~~~~~~~~~~~~~~~~~~
      |                                           |                             |
      |                                           int                           uint32_t {aka long unsigned int}
      |                                         %3ld
C:/Users/dust2/Documents/waterbee_controller/Working/Source_Files/Display.c:1460:43: warning: format '%d' expects argument of type 'int', but argument 3 has type 'long unsigned int' [-Wformat=]
 1460 |                     sprintf(strBuffer, "%1d.%1d", tempConfigData.alarmConfig.highLimit2 / 1000, (tempConfigData.alarmConfig.highLimit2 / 100)%10);
      |                                         ~~^       ~~~~~~~~~~~~~~~~~~~~~~~~~~~~~~~~~~~~~~~~~~~~
      |                                           |                                             |
      |                                           int                                           long unsigned int
      |                                         %1ld
C:/Users/dust2/Documents/waterbee_controller/Working/Source_Files/Display.c:1460:47: warning: format '%d' expects argument of type 'int', but argument 4 has type 'long unsigned int' [-Wformat=]
 1460 |                     sprintf(strBuffer, "%1d.%1d", tempConfigData.alarmConfig.highLimit2 / 1000, (tempConfigData.alarmConfig.highLimit2 / 100)%10);
      |                                             ~~^                                                 ~~~~~~~~~~~~~~~~~~~~~~~~~~~~~~~~~~~~~~~~~~~~~~~~
      |                                               |                                                                                              |
      |                                               int                                                                                            long unsigned int
      |                                             %1ld
C:/Users/dust2/Documents/waterbee_controller/Working/Source_Files/Display.c:1462:44: warning: format '%d' expects argument of type 'int', but argument 3 has type 'long unsigned int' [-Wformat=]
 1462 |                     sprintf(strBuffer, "%02d", tempConfigData.alarmConfig.highLimit2 % 100);
      |                                         ~~~^   ~~~~~~~~~~~~~~~~~~~~~~~~~~~~~~~~~~~~~~~~~~~
      |                                            |                                         |
      |                                            int                                       long unsigned int
      |                                         %02ld
C:/Users/dust2/Documents/waterbee_controller/Working/Source_Files/Display.c:1466:43: warning: format '%d' expects argument of type 'int', but argument 3 has type 'long unsigned int' [-Wformat=]
 1466 |                     sprintf(strBuffer, "%1d.%1d", tempConfigData.alarmConfig.highLimit2 / 1000, (tempConfigData.alarmConfig.highLimit2 / 100)%10);
      |                                         ~~^       ~~~~~~~~~~~~~~~~~~~~~~~~~~~~~~~~~~~~~~~~~~~~
      |                                           |                                             |
      |                                           int                                           long unsigned int
      |                                         %1ld
C:/Users/dust2/Documents/waterbee_controller/Working/Source_Files/Display.c:1466:47: warning: format '%d' expects argument of type 'int', but argument 4 has type 'long unsigned int' [-Wformat=]
 1466 |                     sprintf(strBuffer, "%1d.%1d", tempConfigData.alarmConfig.highLimit2 / 1000, (tempConfigData.alarmConfig.highLimit2 / 100)%10);
      |                                             ~~^                                                 ~~~~~~~~~~~~~~~~~~~~~~~~~~~~~~~~~~~~~~~~~~~~~~~~
      |                                               |                                                                                              |
      |                                               int                                                                                            long unsigned int
      |                                             %1ld
C:/Users/dust2/Documents/waterbee_controller/Working/Source_Files/Display.c:1468:44: warning: format '%d' expects argument of type 'int', but argument 3 has type 'long unsigned int' [-Wformat=]
 1468 |                     sprintf(strBuffer, "%02d", tempConfigData.alarmConfig.highLimit2 % 100);
      |                                         ~~~^   ~~~~~~~~~~~~~~~~~~~~~~~~~~~~~~~~~~~~~~~~~~~
      |                                            |                                         |
      |                                            int                                       long unsigned int
      |                                         %02ld
C:/Users/dust2/Documents/waterbee_controller/Working/Source_Files/Display.c:1472:43: warning: format '%d' expects argument of type 'int', but argument 3 has type 'long unsigned int' [-Wformat=]
 1472 |                     sprintf(strBuffer, "%1d.%1d", tempConfigData.alarmConfig.lowLimit2 / 1000, (tempConfigData.alarmConfig.lowLimit2 / 100)%10);
      |                                         ~~^       ~~~~~~~~~~~~~~~~~~~~~~~~~~~~~~~~~~~~~~~~~~~
      |                                           |                                            |
      |                                           int                                          long unsigned int
      |                                         %1ld
C:/Users/dust2/Documents/waterbee_controller/Working/Source_Files/Display.c:1472:47: warning: format '%d' expects argument of type 'int', but argument 4 has type 'long unsigned int' [-Wformat=]
 1472 |                     sprintf(strBuffer, "%1d.%1d", tempConfigData.alarmConfig.lowLimit2 / 1000, (tempConfigData.alarmConfig.lowLimit2 / 100)%10);
      |                                             ~~^                                                ~~~~~~~~~~~~~~~~~~~~~~~~~~~~~~~~~~~~~~~~~~~~~~~
      |                                               |                                                                                            |
      |                                               int                                                                                          long unsigned int
      |                                             %1ld
C:/Users/dust2/Documents/waterbee_controller/Working/Source_Files/Display.c:1474:44: warning: format '%d' expects argument of type 'int', but argument 3 has type 'long unsigned int' [-Wformat=]
 1474 |                     sprintf(strBuffer, "%02d", tempConfigData.alarmConfig.lowLimit2 % 100);
      |                                         ~~~^   ~~~~~~~~~~~~~~~~~~~~~~~~~~~~~~~~~~~~~~~~~~
      |                                            |                                        |
      |                                            int                                      long unsigned int
      |                                         %02ld
C:/Users/dust2/Documents/waterbee_controller/Working/Source_Files/Display.c:1478:43: warning: format '%d' expects argument of type 'int', but argument 3 has type 'long unsigned int' [-Wformat=]
 1478 |                     sprintf(strBuffer, "%1d.%1d", tempConfigData.alarmConfig.lowLimit2 / 1000, (tempConfigData.alarmConfig.lowLimit2 / 100)%10);
      |                                         ~~^       ~~~~~~~~~~~~~~~~~~~~~~~~~~~~~~~~~~~~~~~~~~~
      |                                           |                                            |
      |                                           int                                          long unsigned int
      |                                         %1ld
C:/Users/dust2/Documents/waterbee_controller/Working/Source_Files/Display.c:1478:47: warning: format '%d' expects argument of type 'int', but argument 4 has type 'long unsigned int' [-Wformat=]
 1478 |                     sprintf(strBuffer, "%1d.%1d", tempConfigData.alarmConfig.lowLimit2 / 1000, (tempConfigData.alarmConfig.lowLimit2 / 100)%10);
      |                                             ~~^                                                ~~~~~~~~~~~~~~~~~~~~~~~~~~~~~~~~~~~~~~~~~~~~~~~
      |                                               |                                                                                            |
      |                                               int                                                                                          long unsigned int
      |                                             %1ld
C:/Users/dust2/Documents/waterbee_controller/Working/Source_Files/Display.c:1480:44: warning: format '%d' expects argument of type 'int', but argument 3 has type 'long unsigned int' [-Wformat=]
 1480 |                     sprintf(strBuffer, "%02d", tempConfigData.alarmConfig.lowLimit2 % 100);
      |                                         ~~~^   ~~~~~~~~~~~~~~~~~~~~~~~~~~~~~~~~~~~~~~~~~~
      |                                            |                                        |
      |                                            int                                      long unsigned int
      |                                         %02ld
C:/Users/dust2/Documents/waterbee_controller/Working/Source_Files/Display.c:1484:43: warning: format '%d' expects argument of type 'int', but argument 3 has type 'uint32_t' {aka 'long unsigned int'} [-Wformat=]
 1484 |                     sprintf(strBuffer, "%3d", tempConfigData.alarmConfig.zeroAlarm2);
      |                                         ~~^   ~~~~~~~~~~~~~~~~~~~~~~~~~~~~~~~~~~~~~
      |                                           |                             |
      |                                           int                           uint32_t {aka long unsigned int}
      |                                         %3ld
[16/101] Building C object CMakeFiles/ID_Solution.elf.dir/Working/Source_Files/sensor_autodetect.c.obj
In file included from C:/Users/dust2/Documents/waterbee_controller/Working/Include_Files/Communication.h:4,
                 from C:/Users/dust2/Documents/waterbee_controller/Working/Source_Files/sensor_autodetect.c:5:
C:/Users/dust2/Documents/waterbee_controller/Working/Include_Files/Main.h:5:9: warning: "NEW_BOARD" redefined
    5 | #define NEW_BOARD
      |         ^~~~~~~~~
<command-line>: note: this is the location of the previous definition
C:/Users/dust2/Documents/waterbee_controller/Working/Include_Files/Main.h:7:9: warning: "SENSOR_PH_EC" redefined
    7 | #define SENSOR_PH_EC
      |         ^~~~~~~~~~~~
<command-line>: note: this is the location of the previous definition
C:/Users/dust2/Documents/waterbee_controller/Working/Include_Files/Main.h:14:9: warning: "CH2" redefined
   14 | #define CH2
      |         ^~~
<command-line>: note: this is the location of the previous definition
C:/Users/dust2/Documents/waterbee_controller/Working/Source_Files/sensor_autodetect.c:63:16: warning: 'probe_adc' defined but not used [-Wunused-function]
   63 | static uint8_t probe_adc(void)
      |                ^~~~~~~~~
C:/Users/dust2/Documents/waterbee_controller/Working/Source_Files/sensor_autodetect.c:22:16: warning: 'probe_modbus_addr' defined but not used [-Wunused-function]
   22 | static uint8_t probe_modbus_addr(uint8_t addr)
      |                ^~~~~~~~~~~~~~~~~
[17/101] Building C object CMakeFiles/ID_Solution.elf.dir/Working/Source_Files/main.c.obj
In file included from C:/Users/dust2/Documents/waterbee_controller/Working/Source_Files/main.c:1:
C:/Users/dust2/Documents/waterbee_controller/Working/Include_Files/Main.h:5:9: warning: "NEW_BOARD" redefined
    5 | #define NEW_BOARD
      |         ^~~~~~~~~
<command-line>: note: this is the location of the previous definition
C:/Users/dust2/Documents/waterbee_controller/Working/Include_Files/Main.h:7:9: warning: "SENSOR_PH_EC" redefined
    7 | #define SENSOR_PH_EC
      |         ^~~~~~~~~~~~
<command-line>: note: this is the location of the previous definition
C:/Users/dust2/Documents/waterbee_controller/Working/Include_Files/Main.h:14:9: warning: "CH2" redefined
   14 | #define CH2
      |         ^~~
<command-line>: note: this is the location of the previous definition
In file included from C:/Users/dust2/Documents/waterbee_controller/Working/Source_Files/main.c:214:
C:/Users/dust2/Documents/waterbee_controller/Working/Source_Files/Redisplay_ch2.c: In function 'RedrawViewArea':
C:/Users/dust2/Documents/waterbee_controller/Working/Source_Files/Redisplay_ch2.c:179:47: warning: format '%d' expects argument of type 'int', but argument 3 has type 'long unsigned int' [-Wformat=]
  179 |                         sprintf(strBuffer, " %d.%d", tempConfigData.alarmConfig.highLimit / 100, (tempConfigData.alarmConfig.highLimit % 100) / 10);
      |                                              ~^      ~~~~~~~~~~~~~~~~~~~~~~~~~~~~~~~~~~~~~~~~~~
      |                                               |                                           |
      |                                               int                                         long unsigned int
      |                                              %ld
C:/Users/dust2/Documents/waterbee_controller/Working/Source_Files/Redisplay_ch2.c:179:50: warning: format '%d' expects argument of type 'int', but argument 4 has type 'long unsigned int' [-Wformat=]
  179 |                         sprintf(strBuffer, " %d.%d", tempConfigData.alarmConfig.highLimit / 100, (tempConfigData.alarmConfig.highLimit % 100) / 10);
      |                                                 ~^                                               ~~~~~~~~~~~~~~~~~~~~~~~~~~~~~~~~~~~~~~~~~~~~~~~~~
      |                                                  |                                                                                            |
      |                                                  int                                                                                          long unsigned int
      |                                                 %ld
C:/Users/dust2/Documents/waterbee_controller/Working/Source_Files/Redisplay_ch2.c:182:48: warning: format '%d' expects argument of type 'int', but argument 3 has type 'long unsigned int' [-Wformat=]
  182 |                         sprintf(strBuffer, "%01d", tempConfigData.alarmConfig.highLimit % 10);
      |                                             ~~~^   ~~~~~~~~~~~~~~~~~~~~~~~~~~~~~~~~~~~~~~~~~
      |                                                |                                        |
      |                                                int                                      long unsigned int
      |                                             %01ld
C:/Users/dust2/Documents/waterbee_controller/Working/Source_Files/Redisplay_ch2.c:184:47: warning: format '%d' expects argument of type 'int', but argument 3 has type 'long unsigned int' [-Wformat=]
  184 |                         sprintf(strBuffer, " %d.%02d", tempConfigData.alarmConfig.lowLimit / 100, tempConfigData.alarmConfig.lowLimit % 100);
      |                                              ~^        ~~~~~~~~~~~~~~~~~~~~~~~~~~~~~~~~~~~~~~~~~
      |                                               |                                            |
      |                                               int                                          long unsigned int
      |                                              %ld
C:/Users/dust2/Documents/waterbee_controller/Working/Source_Files/Redisplay_ch2.c:184:52: warning: format '%d' expects argument of type 'int', but argument 4 has type 'long unsigned int' [-Wformat=]
  184 |                         sprintf(strBuffer, " %d.%02d", tempConfigData.alarmConfig.lowLimit / 100, tempConfigData.alarmConfig.lowLimit % 100);
      |                                                 ~~~^                                              ~~~~~~~~~~~~~~~~~~~~~~~~~~~~~~~~~~~~~~~~~
      |                                                    |                                                                                  |
      |                                                    int                                                                                long unsigned int
      |                                                 %02ld
C:/Users/dust2/Documents/waterbee_controller/Working/Source_Files/Redisplay_ch2.c:187:47: warning: format '%d' expects argument of type 'int', but argument 3 has type 'uint32_t' {aka 'long unsigned int'} [-Wformat=]
  187 |                         sprintf(strBuffer, "%3d", tempConfigData.alarmConfig.zeroAlarm);
      |                                             ~~^   ~~~~~~~~~~~~~~~~~~~~~~~~~~~~~~~~~~~~
      |                                               |                             |
      |                                               int                           uint32_t {aka long unsigned int}
      |                                             %3ld
C:/Users/dust2/Documents/waterbee_controller/Working/Source_Files/Redisplay_ch2.c:193:47: warning: format '%d' expects argument of type 'int', but argument 3 has type 'long unsigned int' [-Wformat=]
  193 |                         sprintf(strBuffer, " %d.%d", tempConfigData.alarmConfig.highLimit / 100, (tempConfigData.alarmConfig.highLimit % 100) / 10);
      |                                              ~^      ~~~~~~~~~~~~~~~~~~~~~~~~~~~~~~~~~~~~~~~~~~
      |                                               |                                           |
      |                                               int                                         long unsigned int
      |                                              %ld
C:/Users/dust2/Documents/waterbee_controller/Working/Source_Files/Redisplay_ch2.c:193:50: warning: format '%d' expects argument of type 'int', but argument 4 has type 'long unsigned int' [-Wformat=]
  193 |                         sprintf(strBuffer, " %d.%d", tempConfigData.alarmConfig.highLimit / 100, (tempConfigData.alarmConfig.highLimit % 100) / 10);
      |                                                 ~^                                               ~~~~~~~~~~~~~~~~~~~~~~~~~~~~~~~~~~~~~~~~~~~~~~~~~
      |                                                  |                                                                                            |
      |                                                  int                                                                                          long unsigned int
      |                                                 %ld
C:/Users/dust2/Documents/waterbee_controller/Working/Source_Files/Redisplay_ch2.c:196:48: warning: format '%d' expects argument of type 'int', but argument 3 has type 'long unsigned int' [-Wformat=]
  196 |                         sprintf(strBuffer, "%01d", tempConfigData.alarmConfig.highLimit % 10);
      |                                             ~~~^   ~~~~~~~~~~~~~~~~~~~~~~~~~~~~~~~~~~~~~~~~~
      |                                                |                                        |
      |                                                int                                      long unsigned int
      |                                             %01ld
C:/Users/dust2/Documents/waterbee_controller/Working/Source_Files/Redisplay_ch2.c:198:47: warning: format '%d' expects argument of type 'int', but argument 3 has type 'long unsigned int' [-Wformat=]
  198 |                         sprintf(strBuffer, " %d.%02d", tempConfigData.alarmConfig.lowLimit / 100, tempConfigData.alarmConfig.lowLimit % 100);
      |                                              ~^        ~~~~~~~~~~~~~~~~~~~~~~~~~~~~~~~~~~~~~~~~~
      |                                               |                                            |
      |                                               int                                          long unsigned int
      |                                              %ld
C:/Users/dust2/Documents/waterbee_controller/Working/Source_Files/Redisplay_ch2.c:198:52: warning: format '%d' expects argument of type 'int', but argument 4 has type 'long unsigned int' [-Wformat=]
  198 |                         sprintf(strBuffer, " %d.%02d", tempConfigData.alarmConfig.lowLimit / 100, tempConfigData.alarmConfig.lowLimit % 100);
      |                                                 ~~~^                                              ~~~~~~~~~~~~~~~~~~~~~~~~~~~~~~~~~~~~~~~~~
      |                                                    |                                                                                  |
      |                                                    int                                                                                long unsigned int
      |                                                 %02ld
C:/Users/dust2/Documents/waterbee_controller/Working/Source_Files/Redisplay_ch2.c:201:47: warning: format '%d' expects argument of type 'int', but argument 3 has type 'uint32_t' {aka 'long unsigned int'} [-Wformat=]
  201 |                         sprintf(strBuffer, "%3d", tempConfigData.alarmConfig.zeroAlarm);
      |                                             ~~^   ~~~~~~~~~~~~~~~~~~~~~~~~~~~~~~~~~~~~
      |                                               |                             |
      |                                               int                           uint32_t {aka long unsigned int}
      |                                             %3ld
C:/Users/dust2/Documents/waterbee_controller/Working/Source_Files/Redisplay_ch2.c:210:47: warning: format '%d' expects argument of type 'int', but argument 3 has type 'long unsigned int' [-Wformat=]
  210 |                         sprintf(strBuffer, "%3d", tempConfigData.alarmConfig.highLimit2 / 100);
      |                                             ~~^   ~~~~~~~~~~~~~~~~~~~~~~~~~~~~~~~~~~~~~~~~~~~
      |                                               |                                         |
      |                                               int                                       long unsigned int
      |                                             %3ld
C:/Users/dust2/Documents/waterbee_controller/Working/Source_Files/Redisplay_ch2.c:212:48: warning: format '%d' expects argument of type 'int', but argument 3 has type 'long unsigned int' [-Wformat=]
  212 |                         sprintf(strBuffer, "%01d.%01d", (tempConfigData.alarmConfig.highLimit2 % 100)/10, tempConfigData.alarmConfig.highLimit2 % 10);
      |                                             ~~~^        ~~~~~~~~~~~~~~~~~~~~~~~~~~~~~~~~~~~~~~~~~~~~~~~~
      |                                                |                                                     |
      |                                                int                                                   long unsigned int
      |                                             %01ld
C:/Users/dust2/Documents/waterbee_controller/Working/Source_Files/Redisplay_ch2.c:212:53: warning: format '%d' expects argument of type 'int', but argument 4 has type 'long unsigned int' [-Wformat=]
  212 |                         sprintf(strBuffer, "%01d.%01d", (tempConfigData.alarmConfig.highLimit2 % 100)/10, tempConfigData.alarmConfig.highLimit2 % 10);
      |                                                  ~~~^                                                     ~~~~~~~~~~~~~~~~~~~~~~~~~~~~~~~~~~~~~~~~~~
      |                                                     |                                                                                           |
      |                                                     int                                                                                         long unsigned int
      |                                                  %01ld
C:/Users/dust2/Documents/waterbee_controller/Working/Source_Files/Redisplay_ch2.c:214:47: warning: format '%d' expects argument of type 'int', but argument 3 has type 'long unsigned int' [-Wformat=]
  214 |                         sprintf(strBuffer, "%3d", tempConfigData.alarmConfig.lowLimit2 / 100);
      |                                             ~~^   ~~~~~~~~~~~~~~~~~~~~~~~~~~~~~~~~~~~~~~~~~~
      |                                               |                                        |
      |                                               int                                      long unsigned int
      |                                             %3ld
C:/Users/dust2/Documents/waterbee_controller/Working/Source_Files/Redisplay_ch2.c:216:48: warning: format '%d' expects argument of type 'int', but argument 3 has type 'long unsigned int' [-Wformat=]
  216 |                         sprintf(strBuffer, "%01d.%01d", (tempConfigData.alarmConfig.lowLimit2 % 100)/10, tempConfigData.alarmConfig.lowLimit2 % 10);
      |                                             ~~~^        ~~~~~~~~~~~~~~~~~~~~~~~~~~~~~~~~~~~~~~~~~~~~~~~
      |                                                |                                                    |
      |                                                int                                                  long unsigned int
      |                                             %01ld
C:/Users/dust2/Documents/waterbee_controller/Working/Source_Files/Redisplay_ch2.c:216:53: warning: format '%d' expects argument of type 'int', but argument 4 has type 'long unsigned int' [-Wformat=]
  216 |                         sprintf(strBuffer, "%01d.%01d", (tempConfigData.alarmConfig.lowLimit2 % 100)/10, tempConfigData.alarmConfig.lowLimit2 % 10);
      |                                                  ~~~^                                                    ~~~~~~~~~~~~~~~~~~~~~~~~~~~~~~~~~~~~~~~~~
      |                                                     |                                                                                         |
      |                                                     int                                                                                       long unsigned int
      |                                                  %01ld
C:/Users/dust2/Documents/waterbee_controller/Working/Source_Files/Redisplay_ch2.c:218:47: warning: format '%d' expects argument of type 'int', but argument 3 has type 'uint32_t' {aka 'long unsigned int'} [-Wformat=]
  218 |                         sprintf(strBuffer, "%3d", tempConfigData.alarmConfig.zeroAlarm2);
      |                                             ~~^   ~~~~~~~~~~~~~~~~~~~~~~~~~~~~~~~~~~~~~
      |                                               |                             |
      |                                               int                           uint32_t {aka long unsigned int}
      |                                             %3ld
C:/Users/dust2/Documents/waterbee_controller/Working/Source_Files/Redisplay_ch2.c:224:47: warning: format '%d' expects argument of type 'int', but argument 3 has type 'long unsigned int' [-Wformat=]
  224 |                         sprintf(strBuffer, "%1d.%1d", tempConfigData.alarmConfig.highLimit2 / 1000, (tempConfigData.alarmConfig.highLimit2 / 100)%10);
      |                                             ~~^       ~~~~~~~~~~~~~~~~~~~~~~~~~~~~~~~~~~~~~~~~~~~~
      |                                               |                                             |
      |                                               int                                           long unsigned int
      |                                             %1ld
C:/Users/dust2/Documents/waterbee_controller/Working/Source_Files/Redisplay_ch2.c:224:51: warning: format '%d' expects argument of type 'int', but argument 4 has type 'long unsigned int' [-Wformat=]
  224 |                         sprintf(strBuffer, "%1d.%1d", tempConfigData.alarmConfig.highLimit2 / 1000, (tempConfigData.alarmConfig.highLimit2 / 100)%10);
      |                                                 ~~^                                                 ~~~~~~~~~~~~~~~~~~~~~~~~~~~~~~~~~~~~~~~~~~~~~~~~
      |                                                   |                                                                                              |
      |                                                   int                                                                                            long unsigned int
      |                                                 %1ld
C:/Users/dust2/Documents/waterbee_controller/Working/Source_Files/Redisplay_ch2.c:226:48: warning: format '%d' expects argument of type 'int', but argument 3 has type 'long unsigned int' [-Wformat=]
  226 |                         sprintf(strBuffer, "%02d", tempConfigData.alarmConfig.highLimit2 % 100);
      |                                             ~~~^   ~~~~~~~~~~~~~~~~~~~~~~~~~~~~~~~~~~~~~~~~~~~
      |                                                |                                         |
      |                                                int                                       long unsigned int
      |                                             %02ld
C:/Users/dust2/Documents/waterbee_controller/Working/Source_Files/Redisplay_ch2.c:228:47: warning: format '%d' expects argument of type 'int', but argument 3 has type 'long unsigned int' [-Wformat=]
  228 |                         sprintf(strBuffer, "%1d.%1d", tempConfigData.alarmConfig.lowLimit2 / 1000, (tempConfigData.alarmConfig.lowLimit2 / 100)%10);
      |                                             ~~^       ~~~~~~~~~~~~~~~~~~~~~~~~~~~~~~~~~~~~~~~~~~~
      |                                               |                                            |
      |                                               int                                          long unsigned int
      |                                             %1ld
C:/Users/dust2/Documents/waterbee_controller/Working/Source_Files/Redisplay_ch2.c:228:51: warning: format '%d' expects argument of type 'int', but argument 4 has type 'long unsigned int' [-Wformat=]
  228 |                         sprintf(strBuffer, "%1d.%1d", tempConfigData.alarmConfig.lowLimit2 / 1000, (tempConfigData.alarmConfig.lowLimit2 / 100)%10);
      |                                                 ~~^                                                ~~~~~~~~~~~~~~~~~~~~~~~~~~~~~~~~~~~~~~~~~~~~~~~
      |                                                   |                                                                                            |
      |                                                   int                                                                                          long unsigned int
      |                                                 %1ld
C:/Users/dust2/Documents/waterbee_controller/Working/Source_Files/Redisplay_ch2.c:230:48: warning: format '%d' expects argument of type 'int', but argument 3 has type 'long unsigned int' [-Wformat=]
  230 |                         sprintf(strBuffer, "%02d", tempConfigData.alarmConfig.lowLimit2 % 100);
      |                                             ~~~^   ~~~~~~~~~~~~~~~~~~~~~~~~~~~~~~~~~~~~~~~~~~
      |                                                |                                        |
      |                                                int                                      long unsigned int
      |                                             %02ld
C:/Users/dust2/Documents/waterbee_controller/Working/Source_Files/Redisplay_ch2.c:232:47: warning: format '%d' expects argument of type 'int', but argument 3 has type 'uint32_t' {aka 'long unsigned int'} [-Wformat=]
  232 |                         sprintf(strBuffer, "%3d", tempConfigData.alarmConfig.zeroAlarm2);
      |                                             ~~^   ~~~~~~~~~~~~~~~~~~~~~~~~~~~~~~~~~~~~~
      |                                               |                             |
      |                                               int                           uint32_t {aka long unsigned int}
      |                                             %3ld
C:/Users/dust2/Documents/waterbee_controller/Working/Source_Files/Redisplay_ch2.c:255:39: warning: format '%d' expects argument of type 'int', but argument 3 has type 'long unsigned int' [-Wformat=]
  255 |                 sprintf(strBuffer, "%1d.%02d ", currentData.S1PPM / 100, currentData.S1PPM % 100);
      |                                     ~~^         ~~~~~~~~~~~~~~~~~~~~~~~
      |                                       |                           |
      |                                       int                         long unsigned int
      |                                     %1ld
C:/Users/dust2/Documents/waterbee_controller/Working/Source_Files/Redisplay_ch2.c:255:44: warning: format '%d' expects argument of type 'int', but argument 4 has type 'long unsigned int' [-Wformat=]
  255 |                 sprintf(strBuffer, "%1d.%02d ", currentData.S1PPM / 100, currentData.S1PPM % 100);
      |                                         ~~~^                             ~~~~~~~~~~~~~~~~~~~~~~~
      |                                            |                                               |
      |                                            int                                             long unsigned int
      |                                         %02ld
C:/Users/dust2/Documents/waterbee_controller/Working/Source_Files/Redisplay_ch2.c:261:39: warning: format '%d' expects argument of type 'int', but argument 3 has type 'long unsigned int' [-Wformat=]
  261 |                 sprintf(strBuffer, "%1d.%02d ", currentData.S1mV / 100, currentData.S1mV % 100);
      |                                     ~~^         ~~~~~~~~~~~~~~~~~~~~~~
      |                                       |                          |
      |                                       int                        long unsigned int
      |                                     %1ld
C:/Users/dust2/Documents/waterbee_controller/Working/Source_Files/Redisplay_ch2.c:261:44: warning: format '%d' expects argument of type 'int', but argument 4 has type 'long unsigned int' [-Wformat=]
  261 |                 sprintf(strBuffer, "%1d.%02d ", currentData.S1mV / 100, currentData.S1mV % 100);
      |                                         ~~~^                            ~~~~~~~~~~~~~~~~~~~~~~
      |                                            |                                             |
      |                                            int                                           long unsigned int
      |                                         %02ld
C:/Users/dust2/Documents/waterbee_controller/Working/Source_Files/Redisplay_ch2.c:283:56: warning: format '%d' expects argument of type 'int', but argument 3 has type 'long unsigned int' [-Wformat=]
  283 |                             else sprintf(strBuffer, "%4d.%01d ", currentData.S2PPM / 10, currentData.S2PPM % 10);
      |                                                      ~~^         ~~~~~~~~~~~~~~~~~~~~~~
      |                                                        |                           |
      |                                                        int                         long unsigned int
      |                                                      %4ld
C:/Users/dust2/Documents/waterbee_controller/Working/Source_Files/Redisplay_ch2.c:283:61: warning: format '%d' expects argument of type 'int', but argument 4 has type 'long unsigned int' [-Wformat=]
  283 |                             else sprintf(strBuffer, "%4d.%01d ", currentData.S2PPM / 10, currentData.S2PPM % 10);
      |                                                          ~~~^                            ~~~~~~~~~~~~~~~~~~~~~~
      |                                                             |                                              |
      |                                                             int                                            long unsigned int
      |                                                          %01ld
C:/Users/dust2/Documents/waterbee_controller/Working/Source_Files/Redisplay_ch2.c:288:56: warning: format '%d' expects argument of type 'int', but argument 3 has type 'long unsigned int' [-Wformat=]
  288 |                             else sprintf(strBuffer, "%2d.%03d ", currentData.S2PPM / 1000, currentData.S2PPM % 1000);
      |                                                      ~~^         ~~~~~~~~~~~~~~~~~~~~~~~~
      |                                                        |                           |
      |                                                        int                         long unsigned int
      |                                                      %2ld
C:/Users/dust2/Documents/waterbee_controller/Working/Source_Files/Redisplay_ch2.c:288:61: warning: format '%d' expects argument of type 'int', but argument 4 has type 'long unsigned int' [-Wformat=]
  288 |                             else sprintf(strBuffer, "%2d.%03d ", currentData.S2PPM / 1000, currentData.S2PPM % 1000);
      |                                                          ~~~^                              ~~~~~~~~~~~~~~~~~~~~~~~~
      |                                                             |                                                |
      |                                                             int                                              long unsigned int
      |                                                          %03ld
C:/Users/dust2/Documents/waterbee_controller/Working/Source_Files/Redisplay_ch2.c:293:39: warning: format '%d' expects argument of type 'int', but argument 3 has type 'long unsigned int' [-Wformat=]
  293 |                 sprintf(strBuffer, "%3d.%01d ", currentData.S2mV / 10, currentData.S2mV % 10);
      |                                     ~~^         ~~~~~~~~~~~~~~~~~~~~~
      |                                       |                          |
      |                                       int                        long unsigned int
      |                                     %3ld
C:/Users/dust2/Documents/waterbee_controller/Working/Source_Files/Redisplay_ch2.c:293:44: warning: format '%d' expects argument of type 'int', but argument 4 has type 'long unsigned int' [-Wformat=]
  293 |                 sprintf(strBuffer, "%3d.%01d ", currentData.S2mV / 10, currentData.S2mV % 10);
      |                                         ~~~^                           ~~~~~~~~~~~~~~~~~~~~~
      |                                            |                                            |
      |                                            int                                          long unsigned int
      |                                         %01ld
C:/Users/dust2/Documents/waterbee_controller/Working/Source_Files/Redisplay_ch2.c:362:44: warning: format '%d' expects argument of type 'int', but argument 3 has type 'uint32_t' {aka 'long unsigned int'} [-Wformat=]
  362 |                     sprintf(strBuffer, "%05d", tempConfigData.outputConfig.outputReal4mA);
      |                                         ~~~^   ~~~~~~~~~~~~~~~~~~~~~~~~~~~~~~~~~~~~~~~~~
      |                                            |                              |
      |                                            int                            uint32_t {aka long unsigned int}
      |                                         %05ld
C:/Users/dust2/Documents/waterbee_controller/Working/Source_Files/Redisplay_ch2.c:364:44: warning: format '%d' expects argument of type 'int', but argument 3 has type 'uint32_t' {aka 'long unsigned int'} [-Wformat=]
  364 |                     sprintf(strBuffer, "%05d", tempConfigData.outputConfig.outputReal20mA);
      |                                         ~~~^   ~~~~~~~~~~~~~~~~~~~~~~~~~~~~~~~~~~~~~~~~~~
      |                                            |                              |
      |                                            int                            uint32_t {aka long unsigned int}
      |                                         %05ld
C:/Users/dust2/Documents/waterbee_controller/Working/Source_Files/Redisplay_ch2.c:368:44: warning: format '%d' expects argument of type 'int', but argument 3 has type 'uint32_t' {aka 'long unsigned int'} [-Wformat=]
  368 |                     sprintf(strBuffer, "%05d", tempConfigData.outputConfig.outputReal4mA2);
      |                                         ~~~^   ~~~~~~~~~~~~~~~~~~~~~~~~~~~~~~~~~~~~~~~~~~
      |                                            |                              |
      |                                            int                            uint32_t {aka long unsigned int}
      |                                         %05ld
C:/Users/dust2/Documents/waterbee_controller/Working/Source_Files/Redisplay_ch2.c:370:44: warning: format '%d' expects argument of type 'int', but argument 3 has type 'uint32_t' {aka 'long unsigned int'} [-Wformat=]
  370 |                     sprintf(strBuffer, "%05d", tempConfigData.outputConfig.outputReal20mA2);
      |                                         ~~~^   ~~~~~~~~~~~~~~~~~~~~~~~~~~~~~~~~~~~~~~~~~~~
      |                                            |                              |
      |                                            int                            uint32_t {aka long unsigned int}
      |                                         %05ld
C:/Users/dust2/Documents/waterbee_controller/Working/Source_Files/Redisplay_ch2.c:784:59: warning: format '%d' expects argument of type 'int', but argument 3 has type 'long int' [-Wformat=]
  784 |                                     sprintf(strBuffer, "-%d.%02d", zerointVal / 100, zerointVal%100);
      |                                                          ~^        ~~~~~~~~~~~~~~~~
      |                                                           |                   |
      |                                                           int                 long int
      |                                                          %ld
C:/Users/dust2/Documents/waterbee_controller/Working/Source_Files/Redisplay_ch2.c:784:64: warning: format '%d' expects argument of type 'int', but argument 4 has type 'long int' [-Wformat=]
  784 |                                     sprintf(strBuffer, "-%d.%02d", zerointVal / 100, zerointVal%100);
      |                                                             ~~~^                     ~~~~~~~~~~~~~~
      |                                                                |                               |
      |                                                                int                             long int
      |                                                             %02ld
C:/Users/dust2/Documents/waterbee_controller/Working/Source_Files/Redisplay_ch2.c:788:59: warning: format '%d' expects argument of type 'int', but argument 3 has type 'long int' [-Wformat=]
  788 |                                     sprintf(strBuffer, " %d.%02d", zerointVal / 100, zerointVal%100);
      |                                                          ~^        ~~~~~~~~~~~~~~~~
      |                                                           |                   |
      |                                                           int                 long int
      |                                                          %ld
C:/Users/dust2/Documents/waterbee_controller/Working/Source_Files/Redisplay_ch2.c:788:64: warning: format '%d' expects argument of type 'int', but argument 4 has type 'long int' [-Wformat=]
  788 |                                     sprintf(strBuffer, " %d.%02d", zerointVal / 100, zerointVal%100);
      |                                                             ~~~^                     ~~~~~~~~~~~~~~
      |                                                                |                               |
      |                                                                int                             long int
      |                                                             %02ld
C:/Users/dust2/Documents/waterbee_controller/Working/Source_Files/Redisplay_ch2.c:805:59: warning: format '%d' expects argument of type 'int', but argument 3 has type 'long int' [-Wformat=]
  805 |                                     sprintf(strBuffer, "-%d.%02d", zerointVal / 100, zerointVal%100);
      |                                                          ~^        ~~~~~~~~~~~~~~~~
      |                                                           |                   |
      |                                                           int                 long int
      |                                                          %ld
C:/Users/dust2/Documents/waterbee_controller/Working/Source_Files/Redisplay_ch2.c:805:64: warning: format '%d' expects argument of type 'int', but argument 4 has type 'long int' [-Wformat=]
  805 |                                     sprintf(strBuffer, "-%d.%02d", zerointVal / 100, zerointVal%100);
      |                                                             ~~~^                     ~~~~~~~~~~~~~~
      |                                                                |                               |
      |                                                                int                             long int
      |                                                             %02ld
C:/Users/dust2/Documents/waterbee_controller/Working/Source_Files/Redisplay_ch2.c:809:59: warning: format '%d' expects argument of type 'int', but argument 3 has type 'long int' [-Wformat=]
  809 |                                     sprintf(strBuffer, " %d.%02d", zerointVal / 100, zerointVal%100);
      |                                                          ~^        ~~~~~~~~~~~~~~~~
      |                                                           |                   |
      |                                                           int                 long int
      |                                                          %ld
C:/Users/dust2/Documents/waterbee_controller/Working/Source_Files/Redisplay_ch2.c:809:64: warning: format '%d' expects argument of type 'int', but argument 4 has type 'long int' [-Wformat=]
  809 |                                     sprintf(strBuffer, " %d.%02d", zerointVal / 100, zerointVal%100);
      |                                                             ~~~^                     ~~~~~~~~~~~~~~
      |                                                                |                               |
      |                                                                int                             long int
      |                                                             %02ld
C:/Users/dust2/Documents/waterbee_controller/Working/Source_Files/Redisplay_ch2.c:833:51: warning: format '%d' expects argument of type 'int', but argument 3 has type 'long int' [-Wformat=]
  833 |                             sprintf(strBuffer, "-%d.%01d", zerointVal/10, zerointVal%10);
      |                                                  ~^        ~~~~~~~~~~~~~
      |                                                   |                  |
      |                                                   int                long int
      |                                                  %ld
C:/Users/dust2/Documents/waterbee_controller/Working/Source_Files/Redisplay_ch2.c:833:56: warning: format '%d' expects argument of type 'int', but argument 4 has type 'long int' [-Wformat=]
  833 |                             sprintf(strBuffer, "-%d.%01d", zerointVal/10, zerointVal%10);
      |                                                     ~~~^                  ~~~~~~~~~~~~~
      |                                                        |                            |
      |                                                        int                          long int
      |                                                     %01ld
C:/Users/dust2/Documents/waterbee_controller/Working/Source_Files/Redisplay_ch2.c:837:51: warning: format '%d' expects argument of type 'int', but argument 3 has type 'long int' [-Wformat=]
  837 |                             sprintf(strBuffer, " %d.%01d", zerointVal/10, zerointVal%10);
      |                                                  ~^        ~~~~~~~~~~~~~
      |                                                   |                  |
      |                                                   int                long int
      |                                                  %ld
C:/Users/dust2/Documents/waterbee_controller/Working/Source_Files/Redisplay_ch2.c:837:56: warning: format '%d' expects argument of type 'int', but argument 4 has type 'long int' [-Wformat=]
  837 |                             sprintf(strBuffer, " %d.%01d", zerointVal/10, zerointVal%10);
      |                                                     ~~~^                  ~~~~~~~~~~~~~
      |                                                        |                            |
      |                                                        int                          long int
      |                                                     %01ld
C:/Users/dust2/Documents/waterbee_controller/Working/Source_Files/Redisplay_ch2.c:931:35: warning: format '%d' expects argument of type 'int', but argument 3 has type 'uint32_t' {aka 'long unsigned int'} [-Wformat=]
  931 |             sprintf(strBuffer, "%3d", tempConfigData.calibrationConfig.S2cycle);
      |                                 ~~^   ~~~~~~~~~~~~~~~~~~~~~~~~~~~~~~~~~~~~~~~~
      |                                   |                                   |
      |                                   int                                 uint32_t {aka long unsigned int}
      |                                 %3ld
C:/Users/dust2/Documents/waterbee_controller/Working/Source_Files/Redisplay_ch2.c:969:38: warning: format '%d' expects argument of type 'int', but argument 3 has type 'long unsigned int' [-Wformat=]
  969 |                 sprintf(strBuffer, "%d.%02d", tempConfigData.adjustConfig.gradientS1 / 100, tempConfigData.adjustConfig.gradientS1 % 100);
      |                                     ~^        ~~~~~~~~~~~~~~~~~~~~~~~~~~~~~~~~~~~~~~~~~~~~
      |                                      |                                               |
      |                                      int                                             long unsigned int
      |                                     %ld
C:/Users/dust2/Documents/waterbee_controller/Working/Source_Files/Redisplay_ch2.c:969:43: warning: format '%d' expects argument of type 'int', but argument 4 has type 'long unsigned int' [-Wformat=]
  969 |                 sprintf(strBuffer, "%d.%02d", tempConfigData.adjustConfig.gradientS1 / 100, tempConfigData.adjustConfig.gradientS1 % 100);
      |                                        ~~~^                                                 ~~~~~~~~~~~~~~~~~~~~~~~~~~~~~~~~~~~~~~~~~~~~
      |                                           |                                                                                        |
      |                                           int                                                                                      long unsigned int
      |                                        %02ld
C:/Users/dust2/Documents/waterbee_controller/Working/Source_Files/Redisplay_ch2.c:981:38: warning: format '%d' expects argument of type 'int', but argument 3 has type 'long unsigned int' [-Wformat=]
  981 |                 sprintf(strBuffer, "%d.%02d", tempConfigData.adjustConfig.gradientS2 / 100, tempConfigData.adjustConfig.gradientS2 % 100);
      |                                     ~^        ~~~~~~~~~~~~~~~~~~~~~~~~~~~~~~~~~~~~~~~~~~~~
      |                                      |                                               |
      |                                      int                                             long unsigned int
      |                                     %ld
C:/Users/dust2/Documents/waterbee_controller/Working/Source_Files/Redisplay_ch2.c:981:43: warning: format '%d' expects argument of type 'int', but argument 4 has type 'long unsigned int' [-Wformat=]
  981 |                 sprintf(strBuffer, "%d.%02d", tempConfigData.adjustConfig.gradientS2 / 100, tempConfigData.adjustConfig.gradientS2 % 100);
      |                                        ~~~^                                                 ~~~~~~~~~~~~~~~~~~~~~~~~~~~~~~~~~~~~~~~~~~~~
      |                                           |                                                                                        |
      |                                           int                                                                                      long unsigned int
      |                                        %02ld
C:/Users/dust2/Documents/waterbee_controller/Working/Source_Files/Redisplay_ch2.c:1007:52: warning: format '%d' expects argument of type 'int', but argument 3 has type 'long int' [-Wformat=]
 1007 |                             sprintf(strBuffer, "-%2d.%02d", offsetintVal / 100, offsetintVal % 100);
      |                                                  ~~^        ~~~~~~~~~~~~~~~~~~
      |                                                    |                     |
      |                                                    int                   long int
      |                                                  %2ld
C:/Users/dust2/Documents/waterbee_controller/Working/Source_Files/Redisplay_ch2.c:1007:57: warning: format '%d' expects argument of type 'int', but argument 4 has type 'long int' [-Wformat=]
 1007 |                             sprintf(strBuffer, "-%2d.%02d", offsetintVal / 100, offsetintVal % 100);
      |                                                      ~~~^                       ~~~~~~~~~~~~~~~~~~
      |                                                         |                                    |
      |                                                         int                                  long int
      |                                                      %02ld
C:/Users/dust2/Documents/waterbee_controller/Working/Source_Files/Redisplay_ch2.c:1011:51: warning: format '%d' expects argument of type 'int', but argument 3 has type 'long int' [-Wformat=]
 1011 |                             sprintf(strBuffer, "-%d.%02d", offsetintVal / 100, offsetintVal % 100);
      |                                                  ~^        ~~~~~~~~~~~~~~~~~~
      |                                                   |                     |
      |                                                   int                   long int
      |                                                  %ld
C:/Users/dust2/Documents/waterbee_controller/Working/Source_Files/Redisplay_ch2.c:1011:56: warning: format '%d' expects argument of type 'int', but argument 4 has type 'long int' [-Wformat=]
 1011 |                             sprintf(strBuffer, "-%d.%02d", offsetintVal / 100, offsetintVal % 100);
      |                                                     ~~~^                       ~~~~~~~~~~~~~~~~~~
      |                                                        |                                    |
      |                                                        int                                  long int
      |                                                     %02ld
C:/Users/dust2/Documents/waterbee_controller/Working/Source_Files/Redisplay_ch2.c:1016:51: warning: format '%d' expects argument of type 'int', but argument 3 has type 'long int' [-Wformat=]
 1016 |                             sprintf(strBuffer, " %d.%02d", offsetintVal / 100, offsetintVal % 100);
      |                                                  ~^        ~~~~~~~~~~~~~~~~~~
      |                                                   |                     |
      |                                                   int                   long int
      |                                                  %ld
C:/Users/dust2/Documents/waterbee_controller/Working/Source_Files/Redisplay_ch2.c:1016:56: warning: format '%d' expects argument of type 'int', but argument 4 has type 'long int' [-Wformat=]
 1016 |                             sprintf(strBuffer, " %d.%02d", offsetintVal / 100, offsetintVal % 100);
      |                                                     ~~~^                       ~~~~~~~~~~~~~~~~~~
      |                                                        |                                    |
      |                                                        int                                  long int
      |                                                     %02ld
C:/Users/dust2/Documents/waterbee_controller/Working/Source_Files/Redisplay_ch2.c:1020:52: warning: format '%d' expects argument of type 'int', but argument 3 has type 'long int' [-Wformat=]
 1020 |                             sprintf(strBuffer, " %2d.%02d", offsetintVal / 100, offsetintVal % 100);
      |                                                  ~~^        ~~~~~~~~~~~~~~~~~~
      |                                                    |                     |
      |                                                    int                   long int
      |                                                  %2ld
C:/Users/dust2/Documents/waterbee_controller/Working/Source_Files/Redisplay_ch2.c:1020:57: warning: format '%d' expects argument of type 'int', but argument 4 has type 'long int' [-Wformat=]
 1020 |                             sprintf(strBuffer, " %2d.%02d", offsetintVal / 100, offsetintVal % 100);
      |                                                      ~~~^                       ~~~~~~~~~~~~~~~~~~
      |                                                         |                                    |
      |                                                         int                                  long int
      |                                                      %02ld
C:/Users/dust2/Documents/waterbee_controller/Working/Source_Files/Redisplay_ch2.c:1038:52: warning: format '%d' expects argument of type 'int', but argument 3 has type 'long int' [-Wformat=]
 1038 |                             sprintf(strBuffer, "-%2d.%02d", offsetintVal / 100, offsetintVal % 100);
      |                                                  ~~^        ~~~~~~~~~~~~~~~~~~
      |                                                    |                     |
      |                                                    int                   long int
      |                                                  %2ld
C:/Users/dust2/Documents/waterbee_controller/Working/Source_Files/Redisplay_ch2.c:1038:57: warning: format '%d' expects argument of type 'int', but argument 4 has type 'long int' [-Wformat=]
 1038 |                             sprintf(strBuffer, "-%2d.%02d", offsetintVal / 100, offsetintVal % 100);
      |                                                      ~~~^                       ~~~~~~~~~~~~~~~~~~
      |                                                         |                                    |
      |                                                         int                                  long int
      |                                                      %02ld
C:/Users/dust2/Documents/waterbee_controller/Working/Source_Files/Redisplay_ch2.c:1042:51: warning: format '%d' expects argument of type 'int', but argument 3 has type 'long int' [-Wformat=]
 1042 |                             sprintf(strBuffer, "-%d.%02d", offsetintVal / 100, offsetintVal % 100);
      |                                                  ~^        ~~~~~~~~~~~~~~~~~~
      |                                                   |                     |
      |                                                   int                   long int
      |                                                  %ld
C:/Users/dust2/Documents/waterbee_controller/Working/Source_Files/Redisplay_ch2.c:1042:56: warning: format '%d' expects argument of type 'int', but argument 4 has type 'long int' [-Wformat=]
 1042 |                             sprintf(strBuffer, "-%d.%02d", offsetintVal / 100, offsetintVal % 100);
      |                                                     ~~~^                       ~~~~~~~~~~~~~~~~~~
      |                                                        |                                    |
      |                                                        int                                  long int
      |                                                     %02ld
C:/Users/dust2/Documents/waterbee_controller/Working/Source_Files/Redisplay_ch2.c:1047:52: warning: format '%d' expects argument of type 'int', but argument 3 has type 'long int' [-Wformat=]
 1047 |                             sprintf(strBuffer, " %2d.%02d", offsetintVal / 100, offsetintVal % 100);
      |                                                  ~~^        ~~~~~~~~~~~~~~~~~~
      |                                                    |                     |
      |                                                    int                   long int
      |                                                  %2ld
C:/Users/dust2/Documents/waterbee_controller/Working/Source_Files/Redisplay_ch2.c:1047:57: warning: format '%d' expects argument of type 'int', but argument 4 has type 'long int' [-Wformat=]
 1047 |                             sprintf(strBuffer, " %2d.%02d", offsetintVal / 100, offsetintVal % 100);
      |                                                      ~~~^                       ~~~~~~~~~~~~~~~~~~
      |                                                         |                                    |
      |                                                         int                                  long int
      |                                                      %02ld
C:/Users/dust2/Documents/waterbee_controller/Working/Source_Files/Redisplay_ch2.c:1051:51: warning: format '%d' expects argument of type 'int', but argument 3 has type 'long int' [-Wformat=]
 1051 |                             sprintf(strBuffer, " %d.%02d", offsetintVal / 100, offsetintVal % 100);
      |                                                  ~^        ~~~~~~~~~~~~~~~~~~
      |                                                   |                     |
      |                                                   int                   long int
      |                                                  %ld
C:/Users/dust2/Documents/waterbee_controller/Working/Source_Files/Redisplay_ch2.c:1051:56: warning: format '%d' expects argument of type 'int', but argument 4 has type 'long int' [-Wformat=]
 1051 |                             sprintf(strBuffer, " %d.%02d", offsetintVal / 100, offsetintVal % 100);
      |                                                     ~~~^                       ~~~~~~~~~~~~~~~~~~
      |                                                        |                                    |
      |                                                        int                                  long int
      |                                                     %02ld
C:/Users/dust2/Documents/waterbee_controller/Working/Source_Files/Redisplay_ch2.c:1067:39: warning: format '%d' expects argument of type 'int', but argument 3 has type 'uint32_t' {aka 'long unsigned int'} [-Wformat=]
 1067 |                 sprintf(strBuffer, "%3d", tempConfigData.adjustConfig.filterS1);
      |                                     ~~^   ~~~~~~~~~~~~~~~~~~~~~~~~~~~~~~~~~~~~
      |                                       |                              |
      |                                       int                            uint32_t {aka long unsigned int}
      |                                     %3ld
C:/Users/dust2/Documents/waterbee_controller/Working/Source_Files/Redisplay_ch2.c:1078:39: warning: format '%d' expects argument of type 'int', but argument 3 has type 'uint32_t' {aka 'long unsigned int'} [-Wformat=]
 1078 |                 sprintf(strBuffer, "%3d", tempConfigData.adjustConfig.filterS2);
      |                                     ~~^   ~~~~~~~~~~~~~~~~~~~~~~~~~~~~~~~~~~~~
      |                                       |                              |
      |                                       int                            uint32_t {aka long unsigned int}
      |                                     %3ld
C:/Users/dust2/Documents/waterbee_controller/Working/Source_Files/Redisplay_ch2.c:1115:39: warning: format '%d' expects argument of type 'int', but argument 3 has type 'uint32_t' {aka 'long unsigned int'} [-Wformat=]
 1115 |                 sprintf(strBuffer, "%3d", tempConfigData.relayConfig.relay1WashCycle);
      |                                     ~~^   ~~~~~~~~~~~~~~~~~~~~~~~~~~~~~~~~~~~~~~~~~~
      |                                       |                             |
      |                                       int                           uint32_t {aka long unsigned int}
      |                                     %3ld
C:/Users/dust2/Documents/waterbee_controller/Working/Source_Files/Redisplay_ch2.c:1125:39: warning: format '%d' expects argument of type 'int', but argument 3 has type 'uint32_t' {aka 'long unsigned int'} [-Wformat=]
 1125 |                 sprintf(strBuffer, "%3d", tempConfigData.relayConfig.relay1WashTime);
      |                                     ~~^   ~~~~~~~~~~~~~~~~~~~~~~~~~~~~~~~~~~~~~~~~~
      |                                       |                             |
      |                                       int                           uint32_t {aka long unsigned int}
      |                                     %3ld
C:/Users/dust2/Documents/waterbee_controller/Working/Source_Files/Redisplay_ch2.c:1193:39: warning: format '%d' expects argument of type 'int', but argument 3 has type 'uint32_t' {aka 'long unsigned int'} [-Wformat=]
 1193 |                 sprintf(strBuffer, "%3d", tempConfigData.relayConfig.relay3WashCycle);
      |                                     ~~^   ~~~~~~~~~~~~~~~~~~~~~~~~~~~~~~~~~~~~~~~~~~
      |                                       |                             |
      |                                       int                           uint32_t {aka long unsigned int}
      |                                     %3ld
C:/Users/dust2/Documents/waterbee_controller/Working/Source_Files/Redisplay_ch2.c:1198:39: warning: format '%d' expects argument of type 'int', but argument 3 has type 'uint32_t' {aka 'long unsigned int'} [-Wformat=]
 1198 |                 sprintf(strBuffer, "%3d", tempConfigData.relayConfig.relay3WashTime);
      |                                     ~~^   ~~~~~~~~~~~~~~~~~~~~~~~~~~~~~~~~~~~~~~~~~
      |                                       |                             |
      |                                       int                           uint32_t {aka long unsigned int}
      |                                     %3ld
C:/Users/dust2/Documents/waterbee_controller/Working/Source_Files/Redisplay_ch2.c: In function 'draw_2ch_slot':
C:/Users/dust2/Documents/waterbee_controller/Working/Source_Files/Redisplay_ch2.c:1491:36: warning: format '%d' expects argument of type 'int', but argument 3 has type 'long unsigned int' [-Wformat=]
 1491 |         else sprintf(strBuffer, "%2d.%02d", v / 100, v % 100);
      |                                  ~~^        ~~~~~~~
      |                                    |          |
      |                                    int        long unsigned int
      |                                  %2ld
C:/Users/dust2/Documents/waterbee_controller/Working/Source_Files/Redisplay_ch2.c:1491:41: warning: format '%d' expects argument of type 'int', but argument 4 has type 'long unsigned int' [-Wformat=]
 1491 |         else sprintf(strBuffer, "%2d.%02d", v / 100, v % 100);
      |                                      ~~~^            ~~~~~~~
      |                                         |              |
      |                                         int            long unsigned int
      |                                      %02ld
C:/Users/dust2/Documents/waterbee_controller/Working/Source_Files/Redisplay_ch2.c:1500:36: warning: format '%d' expects argument of type 'int', but argument 3 has type 'long unsigned int' [-Wformat=]
 1500 |         else sprintf(strBuffer, "%4d.%01d", v / 10, v % 10);
      |                                  ~~^        ~~~~~~
      |                                    |          |
      |                                    int        long unsigned int
      |                                  %4ld
C:/Users/dust2/Documents/waterbee_controller/Working/Source_Files/Redisplay_ch2.c:1500:41: warning: format '%d' expects argument of type 'int', but argument 4 has type 'long unsigned int' [-Wformat=]
 1500 |         else sprintf(strBuffer, "%4d.%01d", v / 10, v % 10);
      |                                      ~~~^           ~~~~~~
      |                                         |             |
      |                                         int           long unsigned int
      |                                      %01ld
C:/Users/dust2/Documents/waterbee_controller/Working/Source_Files/Redisplay_ch2.c:1509:36: warning: format '%d' expects argument of type 'int', but argument 3 has type 'long unsigned int' [-Wformat=]
 1509 |         else sprintf(strBuffer, "%2d.%03d ", v / 1000, v % 1000);
      |                                  ~~^         ~~~~~~~~
      |                                    |           |
      |                                    int         long unsigned int
      |                                  %2ld
C:/Users/dust2/Documents/waterbee_controller/Working/Source_Files/Redisplay_ch2.c:1509:41: warning: format '%d' expects argument of type 'int', but argument 4 has type 'long unsigned int' [-Wformat=]
 1509 |         else sprintf(strBuffer, "%2d.%03d ", v / 1000, v % 1000);
      |                                      ~~~^              ~~~~~~~~
      |                                         |                |
      |                                         int              long unsigned int
      |                                      %03ld
C:/Users/dust2/Documents/waterbee_controller/Working/Source_Files/Redisplay_ch2.c:1518:36: warning: format '%d' expects argument of type 'int', but argument 3 has type 'long unsigned int' [-Wformat=]
 1518 |         else sprintf(strBuffer, "%2d.%02d", v / 100, v % 100);
      |                                  ~~^        ~~~~~~~
      |                                    |          |
      |                                    int        long unsigned int
      |                                  %2ld
C:/Users/dust2/Documents/waterbee_controller/Working/Source_Files/Redisplay_ch2.c:1518:41: warning: format '%d' expects argument of type 'int', but argument 4 has type 'long unsigned int' [-Wformat=]
 1518 |         else sprintf(strBuffer, "%2d.%02d", v / 100, v % 100);
      |                                      ~~~^            ~~~~~~~
      |                                         |              |
      |                                         int            long unsigned int
      |                                      %02ld
C:/Users/dust2/Documents/waterbee_controller/Working/Source_Files/main.c: In function 'display_calib_icon':
C:/Users/dust2/Documents/waterbee_controller/Working/Source_Files/main.c:1316:23: warning: unused variable 'f1' [-Wunused-variable]
 1316 |         water_field_t f1 = sensor_manager_get_display_field(1);
      |                       ^~
[18/101] Building C object CMakeFiles/ID_Solution.elf.dir/Working/Source_Files/sensor_adc.c.obj
In file included from C:/Users/dust2/Documents/waterbee_controller/Working/Source_Files/sensor_adc.c:8:
C:/Users/dust2/Documents/waterbee_controller/Working/Include_Files/Main.h:5:9: warning: "NEW_BOARD" redefined
    5 | #define NEW_BOARD
      |         ^~~~~~~~~
<command-line>: note: this is the location of the previous definition
C:/Users/dust2/Documents/waterbee_controller/Working/Include_Files/Main.h:7:9: warning: "SENSOR_PH_EC" redefined
    7 | #define SENSOR_PH_EC
      |         ^~~~~~~~~~~~
<command-line>: note: this is the location of the previous definition
C:/Users/dust2/Documents/waterbee_controller/Working/Include_Files/Main.h:14:9: warning: "CH2" redefined
   14 | #define CH2
      |         ^~~
<command-line>: note: this is the location of the previous definition
[19/101] Building C object CMakeFiles/ID_Solution.elf.dir/Working/Source_Files/eeprom.c.obj
In file included from C:/Users/dust2/Documents/waterbee_controller/Working/Include_Files/eeprom.h:4,
                 from C:/Users/dust2/Documents/waterbee_controller/Working/Source_Files/eeprom.c:1:
C:/Users/dust2/Documents/waterbee_controller/Working/Include_Files/Main.h:5:9: warning: "NEW_BOARD" redefined
    5 | #define NEW_BOARD
      |         ^~~~~~~~~
<command-line>: note: this is the location of the previous definition
C:/Users/dust2/Documents/waterbee_controller/Working/Include_Files/Main.h:7:9: warning: "SENSOR_PH_EC" redefined
    7 | #define SENSOR_PH_EC
      |         ^~~~~~~~~~~~
<command-line>: note: this is the location of the previous definition
C:/Users/dust2/Documents/waterbee_controller/Working/Include_Files/Main.h:14:9: warning: "CH2" redefined
   14 | #define CH2
      |         ^~~
<command-line>: note: this is the location of the previous definition
C:/Users/dust2/Documents/waterbee_controller/Working/Source_Files/eeprom.c: In function 'EEpromToMpu':
C:/Users/dust2/Documents/waterbee_controller/Working/Source_Files/eeprom.c:144:14: warning: unused variable 'i' [-Wunused-variable]
  144 |     uint16_t i;
      |              ^
[20/101] Building C object CMakeFiles/ID_Solution.elf.dir/Working/Source_Files/MicroSd.c.obj
In file included from C:/Users/dust2/Documents/waterbee_controller/Working/Include_Files/MicroSd.h:4,
                 from C:/Users/dust2/Documents/waterbee_controller/Working/Source_Files/MicroSd.c:1:
C:/Users/dust2/Documents/waterbee_controller/Working/Include_Files/Main.h:5:9: warning: "NEW_BOARD" redefined
    5 | #define NEW_BOARD
      |         ^~~~~~~~~
<command-line>: note: this is the location of the previous definition
C:/Users/dust2/Documents/waterbee_controller/Working/Include_Files/Main.h:7:9: warning: "SENSOR_PH_EC" redefined
    7 | #define SENSOR_PH_EC
      |         ^~~~~~~~~~~~
<command-line>: note: this is the location of the previous definition
C:/Users/dust2/Documents/waterbee_controller/Working/Include_Files/Main.h:14:9: warning: "CH2" redefined
   14 | #define CH2
      |         ^~~
<command-line>: note: this is the location of the previous definition
C:/Users/dust2/Documents/waterbee_controller/Working/Source_Files/MicroSd.c: In function 'MicroSD_Trand_Write':
C:/Users/dust2/Documents/waterbee_controller/Working/Source_Files/MicroSd.c:310:14: warning: unused variable 'i' [-Wunused-variable]
  310 |     uint16_t i = 0;
      |              ^
C:/Users/dust2/Documents/waterbee_controller/Working/Source_Files/MicroSd.c: In function 'Read_SetHistory':
C:/Users/dust2/Documents/waterbee_controller/Working/Source_Files/MicroSd.c:374:15: warning: unused variable 'buf' [-Wunused-variable]
  374 |         TCHAR buf[480];
      |               ^~~
C:/Users/dust2/Documents/waterbee_controller/Working/Source_Files/MicroSd.c:372:26: warning: unused variable 'k' [-Wunused-variable]
  372 |     uint16_t i = 0, j=0, k;
      |                          ^
C:/Users/dust2/Documents/waterbee_controller/Working/Source_Files/MicroSd.c:372:21: warning: unused variable 'j' [-Wunused-variable]
  372 |     uint16_t i = 0, j=0, k;
      |                     ^
C:/Users/dust2/Documents/waterbee_controller/Working/Source_Files/MicroSd.c:372:14: warning: unused variable 'i' [-Wunused-variable]
  372 |     uint16_t i = 0, j=0, k;
      |              ^
C:/Users/dust2/Documents/waterbee_controller/Working/Source_Files/MicroSd.c: In function 'Write_SetHistory':
C:/Users/dust2/Documents/waterbee_controller/Working/Source_Files/MicroSd.c:400:14: warning: unused variable 'i' [-Wunused-variable]
  400 |     uint16_t i = 0;
      |              ^
C:/Users/dust2/Documents/waterbee_controller/Working/Source_Files/MicroSd.c: In function 'MicroSD_Write':
C:/Users/dust2/Documents/waterbee_controller/Working/Source_Files/MicroSd.c:71:40: warning: '.txt' directive writing 4 bytes into a region of size between 1 and 19 [-Wformat-overflow=]
   71 |     sprintf(filenameBuffer, "20%02d%02d.txt", currentTime.tm_year-2000, currentTime.tm_mon + 1);
      |                                        ^~~~
C:/Users/dust2/Documents/waterbee_controller/Working/Source_Files/MicroSd.c:71:5: note: 'sprintf' output between 11 and 29 bytes into a destination of size 25
   71 |     sprintf(filenameBuffer, "20%02d%02d.txt", currentTime.tm_year-2000, currentTime.tm_mon + 1);
      |     ^~~~~~~~~~~~~~~~~~~~~~~~~~~~~~~~~~~~~~~~~~~~~~~~~~~~~~~~~~~~~~~~~~~~~~~~~~~~~~~~~~~~~~~~~~~
[21/101] Building C object CMakeFiles/ID_Solution.elf.dir/Working/Source_Files/Adc_Read.c.obj
In file included from C:/Users/dust2/Documents/waterbee_controller/Working/Include_Files/Adc_Read.h:4,
                 from C:/Users/dust2/Documents/waterbee_controller/Working/Source_Files/Adc_Read.c:4:
C:/Users/dust2/Documents/waterbee_controller/Working/Include_Files/Main.h:5:9: warning: "NEW_BOARD" redefined
    5 | #define NEW_BOARD
      |         ^~~~~~~~~
<command-line>: note: this is the location of the previous definition
C:/Users/dust2/Documents/waterbee_controller/Working/Include_Files/Main.h:7:9: warning: "SENSOR_PH_EC" redefined
    7 | #define SENSOR_PH_EC
      |         ^~~~~~~~~~~~
<command-line>: note: this is the location of the previous definition
C:/Users/dust2/Documents/waterbee_controller/Working/Include_Files/Main.h:14:9: warning: "CH2" redefined
   14 | #define CH2
      |         ^~~
<command-line>: note: this is the location of the previous definition
[22/101] Building C object CMakeFiles/ID_Solution.elf.dir/Working/Source_Files/NANDDisplay.c.obj
In file included from C:/Users/dust2/Documents/waterbee_controller/Working/Include_Files/NANDDisplay.h:4,
                 from C:/Users/dust2/Documents/waterbee_controller/Working/Source_Files/NANDDisplay.c:1:
C:/Users/dust2/Documents/waterbee_controller/Working/Include_Files/Main.h:5:9: warning: "NEW_BOARD" redefined
    5 | #define NEW_BOARD
      |         ^~~~~~~~~
<command-line>: note: this is the location of the previous definition
C:/Users/dust2/Documents/waterbee_controller/Working/Include_Files/Main.h:7:9: warning: "SENSOR_PH_EC" redefined
    7 | #define SENSOR_PH_EC
      |         ^~~~~~~~~~~~
<command-line>: note: this is the location of the previous definition
C:/Users/dust2/Documents/waterbee_controller/Working/Include_Files/Main.h:14:9: warning: "CH2" redefined
   14 | #define CH2
      |         ^~~
<command-line>: note: this is the location of the previous definition
[23/101] Building C object CMakeFiles/ID_Solution.elf.dir/Working/Source_Files/sdio_sd.c.obj
In file included from C:/Users/dust2/Documents/waterbee_controller/Working/Include_Files/sdio_sd.h:34,
                 from C:/Users/dust2/Documents/waterbee_controller/Working/Source_Files/sdio_sd.c:25:
C:/Users/dust2/Documents/waterbee_controller/Working/Include_Files/main.h:5:9: warning: "NEW_BOARD" redefined
    5 | #define NEW_BOARD
      |         ^~~~~~~~~
<command-line>: note: this is the location of the previous definition
C:/Users/dust2/Documents/waterbee_controller/Working/Include_Files/main.h:7:9: warning: "SENSOR_PH_EC" redefined
    7 | #define SENSOR_PH_EC
      |         ^~~~~~~~~~~~
<command-line>: note: this is the location of the previous definition
C:/Users/dust2/Documents/waterbee_controller/Working/Include_Files/main.h:14:9: warning: "CH2" redefined
   14 | #define CH2
      |         ^~~
<command-line>: note: this is the location of the previous definition
C:/Users/dust2/Documents/waterbee_controller/Working/Source_Files/sdio_sd.c:30:9: warning: "NULL" redefined
   30 | #define NULL 0
      |         ^~~~
In file included from C:\ST\STM32CubeCLT_1.21.0\GNU-tools-for-STM32\bin/../lib/gcc/arm-none-eabi/14.3.1/../../../../arm-none-eabi/include/string.h:17,
                 from C:/Users/dust2/Documents/waterbee_controller/Working/Include_Files/RTC_Time.h:6,
                 from C:/Users/dust2/Documents/waterbee_controller/Working/Include_Files/main.h:32:
C:\ST\STM32CubeCLT_1.21.0\GNU-tools-for-STM32\bin/../lib/gcc/arm-none-eabi/14.3.1/include/stddef.h:419:9: note: this is the location of the previous definition
  419 | #define NULL ((void *)0)
      |         ^~~~
[24/101] Building C object CMakeFiles/ID_Solution.elf.dir/Working/Source_Files/ui_mode.c.obj
[25/101] Building C object CMakeFiles/ID_Solution.elf.dir/Working/Source_Files/Button.c.obj
In file included from C:/Users/dust2/Documents/waterbee_controller/Working/Include_Files/Button.h:4,
                 from C:/Users/dust2/Documents/waterbee_controller/Working/Source_Files/Button.c:1:
C:/Users/dust2/Documents/waterbee_controller/Working/Include_Files/Main.h:5:9: warning: "NEW_BOARD" redefined
    5 | #define NEW_BOARD
      |         ^~~~~~~~~
<command-line>: note: this is the location of the previous definition
C:/Users/dust2/Documents/waterbee_controller/Working/Include_Files/Main.h:7:9: warning: "SENSOR_PH_EC" redefined
    7 | #define SENSOR_PH_EC
      |         ^~~~~~~~~~~~
<command-line>: note: this is the location of the previous definition
C:/Users/dust2/Documents/waterbee_controller/Working/Include_Files/Main.h:14:9: warning: "CH2" redefined
   14 | #define CH2
      |         ^~~
<command-line>: note: this is the location of the previous definition
[26/101] Building C object CMakeFiles/ID_Solution.elf.dir/Working/Source_Files/CurrentSorceTrans.c.obj
In file included from C:/Users/dust2/Documents/waterbee_controller/Working/Include_Files/CurrentSorceTrans.h:4,
                 from C:/Users/dust2/Documents/waterbee_controller/Working/Source_Files/CurrentSorceTrans.c:1:
C:/Users/dust2/Documents/waterbee_controller/Working/Include_Files/Main.h:5:9: warning: "NEW_BOARD" redefined
    5 | #define NEW_BOARD
      |         ^~~~~~~~~
<command-line>: note: this is the location of the previous definition
C:/Users/dust2/Documents/waterbee_controller/Working/Include_Files/Main.h:7:9: warning: "SENSOR_PH_EC" redefined
    7 | #define SENSOR_PH_EC
      |         ^~~~~~~~~~~~
<command-line>: note: this is the location of the previous definition
C:/Users/dust2/Documents/waterbee_controller/Working/Include_Files/Main.h:14:9: warning: "CH2" redefined
   14 | #define CH2
      |         ^~~
<command-line>: note: this is the location of the previous definition
C:/Users/dust2/Documents/waterbee_controller/Working/Source_Files/CurrentSorceTrans.c: In function 'Update_CurrentTrans':
C:/Users/dust2/Documents/waterbee_controller/Working/Source_Files/CurrentSorceTrans.c:265:38: warning: unused variable 'ppm_4_20ma' [-Wunused-variable]
  265 |         float f1,f2, min, max, imsi, ppm_4_20ma;
      |                                      ^~~~~~~~~~
C:/Users/dust2/Documents/waterbee_controller/Working/Source_Files/CurrentSorceTrans.c:265:32: warning: unused variable 'imsi' [-Wunused-variable]
  265 |         float f1,f2, min, max, imsi, ppm_4_20ma;
      |                                ^~~~
C:/Users/dust2/Documents/waterbee_controller/Working/Source_Files/CurrentSorceTrans.c:265:27: warning: unused variable 'max' [-Wunused-variable]
  265 |         float f1,f2, min, max, imsi, ppm_4_20ma;
      |                           ^~~
C:/Users/dust2/Documents/waterbee_controller/Working/Source_Files/CurrentSorceTrans.c:265:22: warning: unused variable 'min' [-Wunused-variable]
  265 |         float f1,f2, min, max, imsi, ppm_4_20ma;
      |                      ^~~
C:/Users/dust2/Documents/waterbee_controller/Working/Source_Files/CurrentSorceTrans.c:265:18: warning: unused variable 'f2' [-Wunused-variable]
  265 |         float f1,f2, min, max, imsi, ppm_4_20ma;
      |                  ^~
C:/Users/dust2/Documents/waterbee_controller/Working/Source_Files/CurrentSorceTrans.c:265:15: warning: unused variable 'f1' [-Wunused-variable]
  265 |         float f1,f2, min, max, imsi, ppm_4_20ma;
      |               ^~
C:/Users/dust2/Documents/waterbee_controller/Working/Source_Files/CurrentSorceTrans.c:264:31: warning: unused variable 'data' [-Wunused-variable]
  264 |         int index, i,j, k, l, data;
      |                               ^~~~
C:/Users/dust2/Documents/waterbee_controller/Working/Source_Files/CurrentSorceTrans.c:264:28: warning: unused variable 'l' [-Wunused-variable]
  264 |         int index, i,j, k, l, data;
      |                            ^
C:/Users/dust2/Documents/waterbee_controller/Working/Source_Files/CurrentSorceTrans.c:264:25: warning: unused variable 'k' [-Wunused-variable]
  264 |         int index, i,j, k, l, data;
      |                         ^
C:/Users/dust2/Documents/waterbee_controller/Working/Source_Files/CurrentSorceTrans.c:264:22: warning: unused variable 'j' [-Wunused-variable]
  264 |         int index, i,j, k, l, data;
      |                      ^
C:/Users/dust2/Documents/waterbee_controller/Working/Source_Files/CurrentSorceTrans.c:264:20: warning: unused variable 'i' [-Wunused-variable]
  264 |         int index, i,j, k, l, data;
      |                    ^
C:/Users/dust2/Documents/waterbee_controller/Working/Source_Files/CurrentSorceTrans.c:264:13: warning: unused variable 'index' [-Wunused-variable]
  264 |         int index, i,j, k, l, data;
      |             ^~~~~
[27/101] Building C object CMakeFiles/ID_Solution.elf.dir/Working/Source_Files/display_icon.c.obj
In file included from C:/Users/dust2/Documents/waterbee_controller/Working/Source_Files/display_icon.c:1:
C:/Users/dust2/Documents/waterbee_controller/Working/Include_Files/Main.h:5:9: warning: "NEW_BOARD" redefined
    5 | #define NEW_BOARD
      |         ^~~~~~~~~
<command-line>: note: this is the location of the previous definition
C:/Users/dust2/Documents/waterbee_controller/Working/Include_Files/Main.h:7:9: warning: "SENSOR_PH_EC" redefined
    7 | #define SENSOR_PH_EC
      |         ^~~~~~~~~~~~
<command-line>: note: this is the location of the previous definition
C:/Users/dust2/Documents/waterbee_controller/Working/Include_Files/Main.h:14:9: warning: "CH2" redefined
   14 | #define CH2
      |         ^~~
<command-line>: note: this is the location of the previous definition
C:/Users/dust2/Documents/waterbee_controller/Working/Source_Files/display_icon.c: In function 'DrawMediumNumber':
C:/Users/dust2/Documents/waterbee_controller/Working/Source_Files/display_icon.c:208:15: warning: unused variable 'buffer' [-Wunused-variable]
  208 |     uint16_t* buffer;
      |               ^~~~~~
[28/101] Building C object CMakeFiles/ID_Solution.elf.dir/Working/Source_Files/icon_ch2_ch4.c.obj
In file included from C:/Users/dust2/Documents/waterbee_controller/Working/Source_Files/icon_ch2_ch4.c:1:
C:/Users/dust2/Documents/waterbee_controller/Working/Include_Files/Main.h:5:9: warning: "NEW_BOARD" redefined
    5 | #define NEW_BOARD
      |         ^~~~~~~~~
<command-line>: note: this is the location of the previous definition
C:/Users/dust2/Documents/waterbee_controller/Working/Include_Files/Main.h:7:9: warning: "SENSOR_PH_EC" redefined
    7 | #define SENSOR_PH_EC
      |         ^~~~~~~~~~~~
<command-line>: note: this is the location of the previous definition
C:/Users/dust2/Documents/waterbee_controller/Working/Include_Files/Main.h:14:9: warning: "CH2" redefined
   14 | #define CH2
      |         ^~~
<command-line>: note: this is the location of the previous definition
[29/101] Building C object CMakeFiles/ID_Solution.elf.dir/Working/StdPeriph_Driver/src/misc.c.obj
[30/101] Building C object CMakeFiles/ID_Solution.elf.dir/Working/StdPeriph_Driver/src/stm32f10x_adc.c.obj
[31/101] Building C object CMakeFiles/ID_Solution.elf.dir/Working/StdPeriph_Driver/src/stm32f10x_bkp.c.obj
[32/101] Building C object CMakeFiles/ID_Solution.elf.dir/Working/StdPeriph_Driver/src/stm32f10x_flash.c.obj
[33/101] Building C object CMakeFiles/ID_Solution.elf.dir/Working/Source_Files/ReDisplay_ch1.c.obj
In file included from C:/Users/dust2/Documents/waterbee_controller/Working/Source_Files/ReDisplay_ch1.c:5:
C:/Users/dust2/Documents/waterbee_controller/Working/Include_Files/Main.h:5:9: warning: "NEW_BOARD" redefined
    5 | #define NEW_BOARD
      |         ^~~~~~~~~
<command-line>: note: this is the location of the previous definition
C:/Users/dust2/Documents/waterbee_controller/Working/Include_Files/Main.h:7:9: warning: "SENSOR_PH_EC" redefined
    7 | #define SENSOR_PH_EC
      |         ^~~~~~~~~~~~
<command-line>: note: this is the location of the previous definition
C:/Users/dust2/Documents/waterbee_controller/Working/Include_Files/Main.h:14:9: warning: "CH2" redefined
   14 | #define CH2
      |         ^~~
<command-line>: note: this is the location of the previous definition
C:/Users/dust2/Documents/waterbee_controller/Working/Source_Files/ReDisplay_ch1.c: In function 'ReDisplay_ch1':
C:/Users/dust2/Documents/waterbee_controller/Working/Source_Files/ReDisplay_ch1.c:24:36: warning: format '%d' expects argument of type 'int', but argument 3 has type 'long unsigned int' [-Wformat=]
   24 |         else sprintf(strBuffer, "%2d.%02d", v / 100, v % 100);
      |                                  ~~^        ~~~~~~~
      |                                    |          |
      |                                    int        long unsigned int
      |                                  %2ld
C:/Users/dust2/Documents/waterbee_controller/Working/Source_Files/ReDisplay_ch1.c:24:41: warning: format '%d' expects argument of type 'int', but argument 4 has type 'long unsigned int' [-Wformat=]
   24 |         else sprintf(strBuffer, "%2d.%02d", v / 100, v % 100);
      |                                      ~~~^            ~~~~~~~
      |                                         |              |
      |                                         int            long unsigned int
      |                                      %02ld
C:/Users/dust2/Documents/waterbee_controller/Working/Source_Files/ReDisplay_ch1.c:33:36: warning: format '%d' expects argument of type 'int', but argument 3 has type 'long unsigned int' [-Wformat=]
   33 |         else sprintf(strBuffer, "%4d.%01d", v / 10, v % 10);
      |                                  ~~^        ~~~~~~
      |                                    |          |
      |                                    int        long unsigned int
      |                                  %4ld
C:/Users/dust2/Documents/waterbee_controller/Working/Source_Files/ReDisplay_ch1.c:33:41: warning: format '%d' expects argument of type 'int', but argument 4 has type 'long unsigned int' [-Wformat=]
   33 |         else sprintf(strBuffer, "%4d.%01d", v / 10, v % 10);
      |                                      ~~~^           ~~~~~~
      |                                         |             |
      |                                         int           long unsigned int
      |                                      %01ld
C:/Users/dust2/Documents/waterbee_controller/Working/Source_Files/ReDisplay_ch1.c:42:36: warning: format '%d' expects argument of type 'int', but argument 3 has type 'long unsigned int' [-Wformat=]
   42 |         else sprintf(strBuffer, "%2d.%03d ", v / 1000, v % 1000);
      |                                  ~~^         ~~~~~~~~
      |                                    |           |
      |                                    int         long unsigned int
      |                                  %2ld
C:/Users/dust2/Documents/waterbee_controller/Working/Source_Files/ReDisplay_ch1.c:42:41: warning: format '%d' expects argument of type 'int', but argument 4 has type 'long unsigned int' [-Wformat=]
   42 |         else sprintf(strBuffer, "%2d.%03d ", v / 1000, v % 1000);
      |                                      ~~~^              ~~~~~~~~
      |                                         |                |
      |                                         int              long unsigned int
      |                                      %03ld
C:/Users/dust2/Documents/waterbee_controller/Working/Source_Files/ReDisplay_ch1.c:51:36: warning: format '%d' expects argument of type 'int', but argument 3 has type 'long unsigned int' [-Wformat=]
   51 |         else sprintf(strBuffer, "%2d.%02d", v / 100, v % 100);
      |                                  ~~^        ~~~~~~~
      |                                    |          |
      |                                    int        long unsigned int
      |                                  %2ld
C:/Users/dust2/Documents/waterbee_controller/Working/Source_Files/ReDisplay_ch1.c:51:41: warning: format '%d' expects argument of type 'int', but argument 4 has type 'long unsigned int' [-Wformat=]
   51 |         else sprintf(strBuffer, "%2d.%02d", v / 100, v % 100);
      |                                      ~~~^            ~~~~~~~
      |                                         |              |
      |                                         int            long unsigned int
      |                                      %02ld
[34/101] Building C object CMakeFiles/ID_Solution.elf.dir/Working/StdPeriph_Driver/src/stm32f10x_fsmc.c.obj
[35/101] Building C object CMakeFiles/ID_Solution.elf.dir/Working/StdPeriph_Driver/src/stm32f10x_gpio.c.obj
[36/101] Building C object CMakeFiles/ID_Solution.elf.dir/Working/Source_Files/display_update.c.obj
In file included from C:/Users/dust2/Documents/waterbee_controller/Working/Source_Files/display_update.c:7:
C:/Users/dust2/Documents/waterbee_controller/Working/Include_Files/Main.h:5:9: warning: "NEW_BOARD" redefined
    5 | #define NEW_BOARD
      |         ^~~~~~~~~
<command-line>: note: this is the location of the previous definition
C:/Users/dust2/Documents/waterbee_controller/Working/Include_Files/Main.h:7:9: warning: "SENSOR_PH_EC" redefined
    7 | #define SENSOR_PH_EC
      |         ^~~~~~~~~~~~
<command-line>: note: this is the location of the previous definition
C:/Users/dust2/Documents/waterbee_controller/Working/Include_Files/Main.h:14:9: warning: "CH2" redefined
   14 | #define CH2
      |         ^~~
<command-line>: note: this is the location of the previous definition
[37/101] Building C object CMakeFiles/ID_Solution.elf.dir/Working/Source_Files/ReDisplay_ch4.c.obj
In file included from C:/Users/dust2/Documents/waterbee_controller/Working/Source_Files/ReDisplay_ch4.c:6:
C:/Users/dust2/Documents/waterbee_controller/Working/Include_Files/Main.h:5:9: warning: "NEW_BOARD" redefined
    5 | #define NEW_BOARD
      |         ^~~~~~~~~
<command-line>: note: this is the location of the previous definition
C:/Users/dust2/Documents/waterbee_controller/Working/Include_Files/Main.h:7:9: warning: "SENSOR_PH_EC" redefined
    7 | #define SENSOR_PH_EC
      |         ^~~~~~~~~~~~
<command-line>: note: this is the location of the previous definition
C:/Users/dust2/Documents/waterbee_controller/Working/Include_Files/Main.h:14:9: warning: "CH2" redefined
   14 | #define CH2
      |         ^~~
<command-line>: note: this is the location of the previous definition
C:/Users/dust2/Documents/waterbee_controller/Working/Source_Files/ReDisplay_ch4.c: In function 'ReDisplay_ch4':
C:/Users/dust2/Documents/waterbee_controller/Working/Source_Files/ReDisplay_ch4.c:30:96: warning: 'abs' argument 1 type is 'long unsigned int' where 'int' is expected in a call to built-in function declared without prototype [-Wbuiltin-declaration-mismatch]
   30 |             sprintf(strBuffer, "%2d.%02d", currentData.S1PPM / 100, (int)abs(currentData.S1PPM % 100));
      |                                                                              ~~~~~~~~~~~~~~~~~~^~~~~
<built-in>: note: built-in 'abs' declared here
C:/Users/dust2/Documents/waterbee_controller/Working/Source_Files/ReDisplay_ch4.c:30:35: warning: format '%d' expects argument of type 'int', but argument 3 has type 'long unsigned int' [-Wformat=]
   30 |             sprintf(strBuffer, "%2d.%02d", currentData.S1PPM / 100, (int)abs(currentData.S1PPM % 100));
      |                                 ~~^        ~~~~~~~~~~~~~~~~~~~~~~~
      |                                   |                          |
      |                                   int                        long unsigned int
      |                                 %2ld
C:/Users/dust2/Documents/waterbee_controller/Working/Source_Files/ReDisplay_ch4.c:41:95: warning: 'abs' argument 1 type is 'long unsigned int' where 'int' is expected in a call to built-in function declared without prototype [-Wbuiltin-declaration-mismatch]
   41 |             sprintf(strBuffer, "%4d.%01d", currentData.S2PPM / 10, (int)abs(currentData.S2PPM % 10));
      |                                                                             ~~~~~~~~~~~~~~~~~~^~~~
<built-in>: note: built-in 'abs' declared here
C:/Users/dust2/Documents/waterbee_controller/Working/Source_Files/ReDisplay_ch4.c:41:35: warning: format '%d' expects argument of type 'int', but argument 3 has type 'long unsigned int' [-Wformat=]
   41 |             sprintf(strBuffer, "%4d.%01d", currentData.S2PPM / 10, (int)abs(currentData.S2PPM % 10));
      |                                 ~~^        ~~~~~~~~~~~~~~~~~~~~~~
      |                                   |                          |
      |                                   int                        long unsigned int
      |                                 %4ld
[38/101] Building C object CMakeFiles/ID_Solution.elf.dir/Working/StdPeriph_Driver/src/stm32f10x_iwdg.c.obj
[39/101] Building C object CMakeFiles/ID_Solution.elf.dir/Working/StdPeriph_Driver/src/stm32f10x_pwr.c.obj
[40/101] Building C object CMakeFiles/ID_Solution.elf.dir/Working/StdPeriph_Driver/src/stm32f10x_sdio.c.obj
[41/101] Building C object CMakeFiles/ID_Solution.elf.dir/Working/StdPeriph_Driver/src/stm32f10x_rtc.c.obj
[42/101] Building ASM object CMakeFiles/ID_Solution.elf.dir/Working/startup_stm32f10x_hd_gcc.s.obj
[43/101] Building C object CMakeFiles/ID_Solution.elf.dir/Working/StdPeriph_Driver/src/stm32f10x_rcc.c.obj
[44/101] Building C object CMakeFiles/ID_Solution.elf.dir/Working/StdPeriph_Driver/src/stm32f10x_spi.c.obj
[45/101] Building C object CMakeFiles/ID_Solution.elf.dir/Working/StdPeriph_Driver/src/stm32f10x_dac.c.obj
[46/101] Building C object CMakeFiles/ID_Solution.elf.dir/Working/StdPeriph_Driver/src/stm32f10x_tim.c.obj
[47/101] Building C object CMakeFiles/ID_Solution.elf.dir/Working/LwIP/src/core/def.c.obj
[48/101] Building C object CMakeFiles/ID_Solution.elf.dir/Working/StdPeriph_Driver/src/stm32f10x_dma.c.obj
[49/101] Building C object CMakeFiles/ID_Solution.elf.dir/Working/CMSIS/core_cm3.c.obj
[50/101] Building C object CMakeFiles/ID_Solution.elf.dir/Working/CMSIS/system_stm32f10x.c.obj
[51/101] Building C object CMakeFiles/ID_Solution.elf.dir/Working/StdPeriph_Driver/src/stm32f10x_usart.c.obj
[52/101] Building C object CMakeFiles/ID_Solution.elf.dir/Working/StdPeriph_Driver/src/stm32f10x_i2c.c.obj
[53/101] Building C object CMakeFiles/ID_Solution.elf.dir/Working/LwIP/src/core/dns.c.obj
[54/101] Building C object CMakeFiles/ID_Solution.elf.dir/Working/FATFS_V0.08A/src/ff.c.obj
[55/101] Building C object CMakeFiles/ID_Solution.elf.dir/Working/LwIP/src/core/stats.c.obj
[56/101] Building C object CMakeFiles/ID_Solution.elf.dir/Working/LwIP/src/core/sys.c.obj
[57/101] Building C object CMakeFiles/ID_Solution.elf.dir/Working/LwIP/src/core/dhcp.c.obj
[58/101] Building C object CMakeFiles/ID_Solution.elf.dir/Working/FATFS_V0.08A/src/diskio.c.obj
In file included from C:/Users/dust2/Documents/waterbee_controller/Working/Include_Files/sdio_sd.h:34,
                 from C:/Users/dust2/Documents/waterbee_controller/Working/FATFS_V0.08A/src/diskio.c:25:
C:/Users/dust2/Documents/waterbee_controller/Working/Include_Files/main.h:5:9: warning: "NEW_BOARD" redefined
    5 | #define NEW_BOARD
      |         ^~~~~~~~~
<command-line>: note: this is the location of the previous definition
C:/Users/dust2/Documents/waterbee_controller/Working/Include_Files/main.h:7:9: warning: "SENSOR_PH_EC" redefined
    7 | #define SENSOR_PH_EC
      |         ^~~~~~~~~~~~
<command-line>: note: this is the location of the previous definition
C:/Users/dust2/Documents/waterbee_controller/Working/Include_Files/main.h:14:9: warning: "CH2" redefined
   14 | #define CH2
      |         ^~~
<command-line>: note: this is the location of the previous definition
[59/101] Building C object CMakeFiles/ID_Solution.elf.dir/Working/LwIP/src/core/pbuf.c.obj
[60/101] Building C object CMakeFiles/ID_Solution.elf.dir/Working/LwIP/src/core/netif.c.obj
[61/101] Building C object CMakeFiles/ID_Solution.elf.dir/Working/LwIP/src/core/raw.c.obj
[62/101] Building C object CMakeFiles/ID_Solution.elf.dir/Working/LwIP/src/core/tcp_in.c.obj
[63/101] Building C object CMakeFiles/ID_Solution.elf.dir/Working/LwIP/src/core/mem.c.obj
[64/101] Building C object CMakeFiles/ID_Solution.elf.dir/Working/LwIP/src/core/init.c.obj
In file included from C:/Users/dust2/Documents/waterbee_controller/Working/LwIP/src/core/init.c:60:
C:/Users/dust2/Documents/waterbee_controller/Working/Include_Files/main.h:5:9: warning: "NEW_BOARD" redefined
    5 | #define NEW_BOARD
      |         ^~~~~~~~~
<command-line>: note: this is the location of the previous definition
C:/Users/dust2/Documents/waterbee_controller/Working/Include_Files/main.h:7:9: warning: "SENSOR_PH_EC" redefined
    7 | #define SENSOR_PH_EC
      |         ^~~~~~~~~~~~
<command-line>: note: this is the location of the previous definition
C:/Users/dust2/Documents/waterbee_controller/Working/Include_Files/main.h:14:9: warning: "CH2" redefined
   14 | #define CH2
      |         ^~~
<command-line>: note: this is the location of the previous definition
[65/101] Building C object CMakeFiles/ID_Solution.elf.dir/Working/LwIP/src/core/timers.c.obj
[66/101] Building C object CMakeFiles/ID_Solution.elf.dir/Working/LwIP/src/core/tcp.c.obj
[67/101] Building C object CMakeFiles/ID_Solution.elf.dir/Working/LwIP/src/core/memp.c.obj
[68/101] Building C object CMakeFiles/ID_Solution.elf.dir/Working/LwIP/src/core/udp.c.obj
[69/101] Building C object CMakeFiles/ID_Solution.elf.dir/Working/LwIP/src/core/ipv4/autoip.c.obj
[70/101] Building C object CMakeFiles/ID_Solution.elf.dir/Working/LwIP/src/core/ipv4/igmp.c.obj
[71/101] Building C object CMakeFiles/ID_Solution.elf.dir/Working/LwIP/src/core/tcp_out.c.obj
[72/101] Building C object CMakeFiles/ID_Solution.elf.dir/Working/LwIP/src/core/ipv4/ip_addr.c.obj
[73/101] Building C object CMakeFiles/ID_Solution.elf.dir/Working/LwIP/src/netif/ethernetif.c.obj
[74/101] Building C object CMakeFiles/ID_Solution.elf.dir/Working/LwIP/src/core/ipv4/icmp.c.obj
[75/101] Building C object CMakeFiles/ID_Solution.elf.dir/Working/LwIP/src/core/ipv4/inet.c.obj
[76/101] Building C object CMakeFiles/ID_Solution.elf.dir/Working/LwIP/src/core/ipv4/inet_chksum.c.obj
[77/101] Building C object CMakeFiles/ID_Solution.elf.dir/Working/LwIP/src/netif/slipif.c.obj
[78/101] Building C object CMakeFiles/ID_Solution.elf.dir/Working/source_ethernet/enc28j60.c.obj
[79/101] Building C object CMakeFiles/ID_Solution.elf.dir/Working/LwIP/src/netif/etharp.c.obj
[80/101] Building C object CMakeFiles/ID_Solution.elf.dir/Working/LwIP/src/core/ipv4/ip.c.obj
[81/101] Building C object CMakeFiles/ID_Solution.elf.dir/Working/LwIP/src/core/ipv4/ip_frag.c.obj
[82/101] Building C object CMakeFiles/ID_Solution.elf.dir/Working/source_ethernet/ethernetif_1.c.obj
[83/101] Building C object CMakeFiles/ID_Solution.elf.dir/Working/Drivers/STM32F1xx_HAL_Driver/Src/stm32f1xx_hal_dac.c.obj
[84/101] Building C object CMakeFiles/ID_Solution.elf.dir/Working/source_ethernet/app_ethernet.c.obj
[85/101] Building C object CMakeFiles/ID_Solution.elf.dir/Working/source_ethernet/system_stm32f1xx.c.obj
[86/101] Building C object CMakeFiles/ID_Solution.elf.dir/Working/source_ethernet/main_ethernet.c.obj
C:/Users/dust2/Documents/waterbee_controller/Working/source_ethernet/main_ethernet.c: In function 'SystemClock_Config':
C:/Users/dust2/Documents/waterbee_controller/Working/source_ethernet/main_ethernet.c:276:24: warning: variable 'RCC_ClkInitStruct' set but not used [-Wunused-but-set-variable]
  276 |     RCC_ClkInitTypeDef RCC_ClkInitStruct = {0};
      |                        ^~~~~~~~~~~~~~~~~
C:/Users/dust2/Documents/waterbee_controller/Working/source_ethernet/main_ethernet.c: At top level:
C:/Users/dust2/Documents/waterbee_controller/Working/source_ethernet/main_ethernet.c:45:13: warning: 'MX_GPIO_Init' declared 'static' but never defined [-Wunused-function]
   45 | static void MX_GPIO_Init(void);
      |             ^~~~~~~~~~~~
C:/Users/dust2/Documents/waterbee_controller/Working/source_ethernet/main_ethernet.c:47:13: warning: 'Dma_init' declared 'static' but never defined [-Wunused-function]
   47 | static void Dma_init(void);
      |             ^~~~~~~~
C:/Users/dust2/Documents/waterbee_controller/Working/source_ethernet/main_ethernet.c:49:13: warning: 'Adc_init' declared 'static' but never defined [-Wunused-function]
   49 | static void Adc_init(void);
      |             ^~~~~~~~
C:/Users/dust2/Documents/waterbee_controller/Working/source_ethernet/main_ethernet.c:50:13: warning: 'MX_USART2_UART_Init' declared 'static' but never defined [-Wunused-function]
   50 | static void MX_USART2_UART_Init(void);
      |             ^~~~~~~~~~~~~~~~~~~
C:/Users/dust2/Documents/waterbee_controller/Working/source_ethernet/main_ethernet.c:57:13: warning: 'Dac_init' declared 'static' but never defined [-Wunused-function]
   57 | static void Dac_init(void);
      |             ^~~~~~~~
C:/Users/dust2/Documents/waterbee_controller/Working/source_ethernet/main_ethernet.c: In function 'main_ethernet':
C:/Users/dust2/Documents/waterbee_controller/Working/source_ethernet/main_ethernet.c:187:1: warning: control reaches end of non-void function [-Wreturn-type]
  187 | }
      | ^
[87/101] Building C object CMakeFiles/ID_Solution.elf.dir/Working/source_ethernet/stm32f1xx_it.c.obj
In file included from C:/Users/dust2/Documents/waterbee_controller/Working/source_ethernet/stm32f1xx_it.c:22:
C:/Users/dust2/Documents/waterbee_controller/Working/Include_Files/main.h:5:9: warning: "NEW_BOARD" redefined
    5 | #define NEW_BOARD
      |         ^~~~~~~~~
<command-line>: note: this is the location of the previous definition
C:/Users/dust2/Documents/waterbee_controller/Working/Include_Files/main.h:7:9: warning: "SENSOR_PH_EC" redefined
    7 | #define SENSOR_PH_EC
      |         ^~~~~~~~~~~~
<command-line>: note: this is the location of the previous definition
C:/Users/dust2/Documents/waterbee_controller/Working/Include_Files/main.h:14:9: warning: "CH2" redefined
   14 | #define CH2
      |         ^~~
<command-line>: note: this is the location of the previous definition
[88/101] Building C object CMakeFiles/ID_Solution.elf.dir/Working/Drivers/STM32F1xx_HAL_Driver/Src/stm32f1xx_hal.c.obj
[89/101] Building C object CMakeFiles/ID_Solution.elf.dir/Working/Drivers/STM32F1xx_HAL_Driver/Src/stm32f1xx_hal_dma.c.obj
[90/101] Building C object CMakeFiles/ID_Solution.elf.dir/Working/source_ethernet/modbus_client.c.obj
C:/Users/dust2/Documents/waterbee_controller/Working/source_ethernet/modbus_client.c: In function 'modbusfunction':
C:/Users/dust2/Documents/waterbee_controller/Working/source_ethernet/modbus_client.c:452:10: warning: variable 'length' set but not used [-Wunused-but-set-variable]
  452 | uint16_t length, addr, nbrg;
      |          ^~~~~~
C:/Users/dust2/Documents/waterbee_controller/Working/source_ethernet/modbus_client.c:451:19: warning: variable 'unit_id' set but not used [-Wunused-but-set-variable]
  451 | uint8_t function, unit_id;
      |                   ^~~~~~~
[91/101] Building C object CMakeFiles/ID_Solution.elf.dir/Working/Drivers/STM32F1xx_HAL_Driver/Src/stm32f1xx_hal_rcc.c.obj
[92/101] Building C object CMakeFiles/ID_Solution.elf.dir/Working/Drivers/STM32F1xx_HAL_Driver/Src/stm32f1xx_hal_gpio.c.obj
[93/101] Building C object CMakeFiles/ID_Solution.elf.dir/Working/Drivers/STM32F1xx_HAL_Driver/Src/stm32f1xx_hal_spi.c.obj
[94/101] Building C object CMakeFiles/ID_Solution.elf.dir/Working/Drivers/STM32F1xx_HAL_Driver/Src/stm32f1xx_ll_dma.c.obj
[95/101] Building C object CMakeFiles/ID_Solution.elf.dir/Working/Drivers/STM32F1xx_HAL_Driver/Src/stm32f1xx_hal_tim.c.obj
[96/101] Building C object CMakeFiles/ID_Solution.elf.dir/Working/Drivers/STM32F1xx_HAL_Driver/Src/stm32f1xx_hal_uart.c.obj
[97/101] Building C object CMakeFiles/ID_Solution.elf.dir/Working/Drivers/STM32F1xx_HAL_Driver/Src/stm32f1xx_hal_cortex.c.obj
[98/101] Building C object CMakeFiles/ID_Solution.elf.dir/Working/Drivers/STM32F1xx_HAL_Driver/Src/stm32f1xx_hal_tim_ex.c.obj
[99/101] Building C object CMakeFiles/ID_Solution.elf.dir/Working/Drivers/STM32F1xx_HAL_Driver/Src/stm32f1xx_hal_dac_ex.c.obj
[100/101] Building C object CMakeFiles/ID_Solution.elf.dir/Working/Drivers/STM32F1xx_HAL_Driver/Src/stm32f1xx_hal_rcc_ex.c.obj
[101/101] Linking C executable ID_Solution.elf.elf
C:/ST/STM32CubeCLT_1.21.0/GNU-tools-for-STM32/bin/../lib/gcc/arm-none-eabi/14.3.1/../../../../arm-none-eabi/bin/ld.exe: C:/ST/STM32CubeCLT_1.21.0/GNU-tools-for-STM32/bin/../lib/gcc/arm-none-eabi/14.3.1/../../../../arm-none-eabi/lib/thumb/v7-m/nofp\libg_nano.a(libc_a-closer.o): in function `_close_r':
/build/gnu-tools-for-stm32_14.3.rel1.20251027-0700/src/newlib/newlib/libc/reent/closer.c:47:(.text._close_r+0xc): warning: _close is not implemented and will always fail
C:/ST/STM32CubeCLT_1.21.0/GNU-tools-for-STM32/bin/../lib/gcc/arm-none-eabi/14.3.1/../../../../arm-none-eabi/bin/ld.exe: C:/ST/STM32CubeCLT_1.21.0/GNU-tools-for-STM32/bin/../lib/gcc/arm-none-eabi/14.3.1/../../../../arm-none-eabi/lib/thumb/v7-m/nofp\libg_nano.a(libc_a-closer.o): note: the message above does not take linker garbage collection into account
C:/ST/STM32CubeCLT_1.21.0/GNU-tools-for-STM32/bin/../lib/gcc/arm-none-eabi/14.3.1/../../../../arm-none-eabi/bin/ld.exe: C:/ST/STM32CubeCLT_1.21.0/GNU-tools-for-STM32/bin/../lib/gcc/arm-none-eabi/14.3.1/../../../../arm-none-eabi/lib/thumb/v7-m/nofp\libg_nano.a(libc_a-fstatr.o): in function `_fstat_r':
/build/gnu-tools-for-stm32_14.3.rel1.20251027-0700/src/newlib/newlib/libc/reent/fstatr.c:55:(.text._fstat_r+0xe): warning: _fstat is not implemented and will always fail
C:/ST/STM32CubeCLT_1.21.0/GNU-tools-for-STM32/bin/../lib/gcc/arm-none-eabi/14.3.1/../../../../arm-none-eabi/bin/ld.exe: C:/ST/STM32CubeCLT_1.21.0/GNU-tools-for-STM32/bin/../lib/gcc/arm-none-eabi/14.3.1/../../../../arm-none-eabi/lib/thumb/v7-m/nofp\libg_nano.a(libc_a-fstatr.o): note: the message above does not take linker garbage collection into account
C:/ST/STM32CubeCLT_1.21.0/GNU-tools-for-STM32/bin/../lib/gcc/arm-none-eabi/14.3.1/../../../../arm-none-eabi/bin/ld.exe: C:/ST/STM32CubeCLT_1.21.0/GNU-tools-for-STM32/bin/../lib/gcc/arm-none-eabi/14.3.1/../../../../arm-none-eabi/lib/thumb/v7-m/nofp\libg_nano.a(libc_a-signalr.o): in function `_getpid_r':
/build/gnu-tools-for-stm32_14.3.rel1.20251027-0700/src/newlib/newlib/libc/reent/signalr.c:83:(.text._getpid_r+0x0): warning: _getpid is not implemented and will always fail
C:/ST/STM32CubeCLT_1.21.0/GNU-tools-for-STM32/bin/../lib/gcc/arm-none-eabi/14.3.1/../../../../arm-none-eabi/bin/ld.exe: C:/ST/STM32CubeCLT_1.21.0/GNU-tools-for-STM32/bin/../lib/gcc/arm-none-eabi/14.3.1/../../../../arm-none-eabi/lib/thumb/v7-m/nofp\libg_nano.a(libc_a-signalr.o): note: the message above does not take linker garbage collection into account
C:/ST/STM32CubeCLT_1.21.0/GNU-tools-for-STM32/bin/../lib/gcc/arm-none-eabi/14.3.1/../../../../arm-none-eabi/bin/ld.exe: C:/ST/STM32CubeCLT_1.21.0/GNU-tools-for-STM32/bin/../lib/gcc/arm-none-eabi/14.3.1/../../../../arm-none-eabi/lib/thumb/v7-m/nofp\libg_nano.a(libc_a-isattyr.o): in function `_isatty_r':
/build/gnu-tools-for-stm32_14.3.rel1.20251027-0700/src/newlib/newlib/libc/reent/isattyr.c:52:(.text._isatty_r+0xc): warning: _isatty is not implemented and will always fail
C:/ST/STM32CubeCLT_1.21.0/GNU-tools-for-STM32/bin/../lib/gcc/arm-none-eabi/14.3.1/../../../../arm-none-eabi/bin/ld.exe: C:/ST/STM32CubeCLT_1.21.0/GNU-tools-for-STM32/bin/../lib/gcc/arm-none-eabi/14.3.1/../../../../arm-none-eabi/lib/thumb/v7-m/nofp\libg_nano.a(libc_a-isattyr.o): note: the message above does not take linker garbage collection into account
C:/ST/STM32CubeCLT_1.21.0/GNU-tools-for-STM32/bin/../lib/gcc/arm-none-eabi/14.3.1/../../../../arm-none-eabi/bin/ld.exe: C:/ST/STM32CubeCLT_1.21.0/GNU-tools-for-STM32/bin/../lib/gcc/arm-none-eabi/14.3.1/../../../../arm-none-eabi/lib/thumb/v7-m/nofp\libg_nano.a(libc_a-signalr.o): in function `_kill_r':
/build/gnu-tools-for-stm32_14.3.rel1.20251027-0700/src/newlib/newlib/libc/reent/signalr.c:53:(.text._kill_r+0xe): warning: _kill is not implemented and will always fail
C:/ST/STM32CubeCLT_1.21.0/GNU-tools-for-STM32/bin/../lib/gcc/arm-none-eabi/14.3.1/../../../../arm-none-eabi/bin/ld.exe: C:/ST/STM32CubeCLT_1.21.0/GNU-tools-for-STM32/bin/../lib/gcc/arm-none-eabi/14.3.1/../../../../arm-none-eabi/lib/thumb/v7-m/nofp\libg_nano.a(libc_a-signalr.o): note: the message above does not take linker garbage collection into account
C:/ST/STM32CubeCLT_1.21.0/GNU-tools-for-STM32/bin/../lib/gcc/arm-none-eabi/14.3.1/../../../../arm-none-eabi/bin/ld.exe: C:/ST/STM32CubeCLT_1.21.0/GNU-tools-for-STM32/bin/../lib/gcc/arm-none-eabi/14.3.1/../../../../arm-none-eabi/lib/thumb/v7-m/nofp\libg_nano.a(libc_a-lseekr.o): in function `_lseek_r':
/build/gnu-tools-for-stm32_14.3.rel1.20251027-0700/src/newlib/newlib/libc/reent/lseekr.c:49:(.text._lseek_r+0x10): warning: _lseek is not implemented and will always fail
C:/ST/STM32CubeCLT_1.21.0/GNU-tools-for-STM32/bin/../lib/gcc/arm-none-eabi/14.3.1/../../../../arm-none-eabi/bin/ld.exe: C:/ST/STM32CubeCLT_1.21.0/GNU-tools-for-STM32/bin/../lib/gcc/arm-none-eabi/14.3.1/../../../../arm-none-eabi/lib/thumb/v7-m/nofp\libg_nano.a(libc_a-lseekr.o): note: the message above does not take linker garbage collection into account
C:/ST/STM32CubeCLT_1.21.0/GNU-tools-for-STM32/bin/../lib/gcc/arm-none-eabi/14.3.1/../../../../arm-none-eabi/bin/ld.exe: C:/ST/STM32CubeCLT_1.21.0/GNU-tools-for-STM32/bin/../lib/gcc/arm-none-eabi/14.3.1/../../../../arm-none-eabi/lib/thumb/v7-m/nofp\libg_nano.a(libc_a-readr.o): in function `_read_r':
/build/gnu-tools-for-stm32_14.3.rel1.20251027-0700/src/newlib/newlib/libc/reent/readr.c:49:(.text._read_r+0x10): warning: _read is not implemented and will always fail
C:/ST/STM32CubeCLT_1.21.0/GNU-tools-for-STM32/bin/../lib/gcc/arm-none-eabi/14.3.1/../../../../arm-none-eabi/bin/ld.exe: C:/ST/STM32CubeCLT_1.21.0/GNU-tools-for-STM32/bin/../lib/gcc/arm-none-eabi/14.3.1/../../../../arm-none-eabi/lib/thumb/v7-m/nofp\libg_nano.a(libc_a-readr.o): note: the message above does not take linker garbage collection into account
C:/ST/STM32CubeCLT_1.21.0/GNU-tools-for-STM32/bin/../lib/gcc/arm-none-eabi/14.3.1/../../../../arm-none-eabi/bin/ld.exe: C:/ST/STM32CubeCLT_1.21.0/GNU-tools-for-STM32/bin/../lib/gcc/arm-none-eabi/14.3.1/../../../../arm-none-eabi/lib/thumb/v7-m/nofp\libg_nano.a(libc_a-writer.o): in function `_write_r':
/build/gnu-tools-for-stm32_14.3.rel1.20251027-0700/src/newlib/newlib/libc/reent/writer.c:49:(.text._write_r+0x10): warning: _write is not implemented and will always fail
C:/ST/STM32CubeCLT_1.21.0/GNU-tools-for-STM32/bin/../lib/gcc/arm-none-eabi/14.3.1/../../../../arm-none-eabi/bin/ld.exe: C:/ST/STM32CubeCLT_1.21.0/GNU-tools-for-STM32/bin/../lib/gcc/arm-none-eabi/14.3.1/../../../../arm-none-eabi/lib/thumb/v7-m/nofp\libg_nano.a(libc_a-writer.o): note: the message above does not take linker garbage collection into account

C:/ST/STM32CubeCLT_1.21.0/GNU-tools-for-STM32/bin/../lib/gcc/arm-none-eabi/14.3.1/../../../../arm-none-eabi/bin/ld.exe: warning: ID_Solution.elf.elf has a LOAD segment with RWX permissions

Build OK:
  C:\Users\dust2\Documents\waterbee_controller\\build\ID_Solution.elf
  C:\Users\dust2\Documents\waterbee_controller\\build\ID_Solution.hex
  C:\Users\dust2\Documents\waterbee_controller\\build\ID_Solution.bin
