<!doctype html public "-//w3c//dtd html 4.0 transitional//en">
<html><head>
<title>Static Call Graph - [.\Out\ID_Solution.axf]</title></head>
<body><HR>
<H1>Static Call Graph for image .\Out\ID_Solution.axf</H1><HR>
<BR><P>#&#060CALLGRAPH&#062# ARM Linker, RVCT4.0 [Build 524]: Last Updated: Mon Jun 09 12:11:38 2025
<BR><P>
<H3>Maximum Stack Usage =        920 bytes + Unknown(Functions without stacksize, Cycles, Untraceable Function Pointers)</H3><H3>
Call chain for Maximum Stack Depth:</H3>
__rt_entry_main &rArr; main &rArr; MicroSD_Trand_Read &rArr; Read_Tranddata &rArr; f_open &rArr; follow_path &rArr; dir_find &rArr; dir_next &rArr; create_chain &rArr; put_fat &rArr; move_window &rArr; disk_write &rArr; SD_WriteBlock &rArr; SD_LowLevel_DMA_TxConfig &rArr; DMA_Init
<P>
<H3>
Functions with no stack information
</H3><UL>
 <LI><a href="#[364c0f8]">__user_initial_stackheap</a>
</UL>
</UL>
<P>
<H3>
Mutually Recursive functions
</H3> <LI><a href="#[364bd74]">ADC1_2_IRQHandler</a>&nbsp;&nbsp;&nbsp;&rArr;&nbsp;&nbsp;&nbsp;<a href="#[364bd74]">ADC1_2_IRQHandler</a><BR>
</UL>
<P>
<H3>
Function Pointers
</H3><UL>
 <LI><a href="#[364bfcc]">Reset_Handler</a>
 <LI><a href="#[38e08ec]">NMI_Handler</a>
 <LI><a href="#[38e08b0]">HardFault_Handler</a>
 <LI><a href="#[38e0874]">MemManage_Handler</a>
 <LI><a href="#[38e0838]">BusFault_Handler</a>
 <LI><a href="#[38e07fc]">UsageFault_Handler</a>
 <LI><a href="#[38e07c0]">SVC_Handler</a>
 <LI><a href="#[38e0784]">DebugMon_Handler</a>
 <LI><a href="#[38e0748]">PendSV_Handler</a>
 <LI><a href="#[38e070c]">SysTick_Handler</a>
 <LI><a href="#[364afa0]">WWDG_IRQHandler</a>
 <LI><a href="#[364b6e4]">PVD_IRQHandler</a>
 <LI><a href="#[364b504]">TAMPER_IRQHandler</a>
 <LI><a href="#[364b630]">RTC_IRQHandler</a>
 <LI><a href="#[364b84c]">FLASH_IRQHandler</a>
 <LI><a href="#[364b6a8]">RCC_IRQHandler</a>
 <LI><a href="#[364b9f0]">EXTI0_IRQHandler</a>
 <LI><a href="#[364b978]">EXTI1_IRQHandler</a>
 <LI><a href="#[364b93c]">EXTI2_IRQHandler</a>
 <LI><a href="#[364b900]">EXTI3_IRQHandler</a>
 <LI><a href="#[364b8c4]">EXTI4_IRQHandler</a>
 <LI><a href="#[364bc84]">DMA1_Channel1_IRQHandler</a>
 <LI><a href="#[364bc48]">DMA1_Channel2_IRQHandler</a>
 <LI><a href="#[364bc0c]">DMA1_Channel3_IRQHandler</a>
 <LI><a href="#[364bbd0]">DMA1_Channel4_IRQHandler</a>
 <LI><a href="#[364bb94]">DMA1_Channel5_IRQHandler</a>
 <LI><a href="#[364bb58]">DMA1_Channel6_IRQHandler</a>
 <LI><a href="#[364bb1c]">DMA1_Channel7_IRQHandler</a>
 <LI><a href="#[364bd74]">ADC1_2_IRQHandler</a>
 <LI><a href="#[364b018]">USB_HP_CAN1_TX_IRQHandler</a>
 <LI><a href="#[364afdc]">USB_LP_CAN1_RX0_IRQHandler</a>
 <LI><a href="#[364bcfc]">CAN1_RX1_IRQHandler</a>
 <LI><a href="#[364bcc0]">CAN1_SCE_IRQHandler</a>
 <LI><a href="#[364b888]">EXTI9_5_IRQHandler</a>
 <LI><a href="#[364b4c8]">TIM1_BRK_IRQHandler</a>
 <LI><a href="#[364b414]">TIM1_UP_IRQHandler</a>
 <LI><a href="#[364b450]">TIM1_TRG_COM_IRQHandler</a>
 <LI><a href="#[364b48c]">TIM1_CC_IRQHandler</a>
 <LI><a href="#[268a244]">TIM2_IRQHandler</a>
 <LI><a href="#[268a190]">TIM3_IRQHandler</a>
 <LI><a href="#[268a154]">TIM4_IRQHandler</a>
 <LI><a href="#[364b798]">I2C1_EV_IRQHandler</a>
 <LI><a href="#[364b7d4]">I2C1_ER_IRQHandler</a>
 <LI><a href="#[364b720]">I2C2_EV_IRQHandler</a>
 <LI><a href="#[364b75c]">I2C2_ER_IRQHandler</a>
 <LI><a href="#[364b5b8]">SPI1_IRQHandler</a>
 <LI><a href="#[364b57c]">SPI2_IRQHandler</a>
 <LI><a href="#[268a0dc]">USART1_IRQHandler</a>
 <LI><a href="#[268a0a0]">USART2_IRQHandler</a>
 <LI><a href="#[268a064]">USART3_IRQHandler</a>
 <LI><a href="#[364b9b4]">EXTI15_10_IRQHandler</a>
 <LI><a href="#[364b66c]">RTCAlarm_IRQHandler</a>
 <LI><a href="#[364b054]">USBWakeUp_IRQHandler</a>
 <LI><a href="#[364b270]">TIM8_BRK_IRQHandler</a>
 <LI><a href="#[364b1bc]">TIM8_UP_IRQHandler</a>
 <LI><a href="#[364b1f8]">TIM8_TRG_COM_IRQHandler</a>
 <LI><a href="#[364b234]">TIM8_CC_IRQHandler</a>
 <LI><a href="#[364bd38]">ADC3_IRQHandler</a>
 <LI><a href="#[364b810]">FSMC_IRQHandler</a>
 <LI><a href="#[364b5f4]">SDIO_IRQHandler</a>
 <LI><a href="#[268a118]">TIM5_IRQHandler</a>
 <LI><a href="#[364b540]">SPI3_IRQHandler</a>
 <LI><a href="#[364b180]">UART4_IRQHandler</a>
 <LI><a href="#[364b144]">UART5_IRQHandler</a>
 <LI><a href="#[364b2e8]">TIM6_IRQHandler</a>
 <LI><a href="#[364b2ac]">TIM7_IRQHandler</a>
 <LI><a href="#[364bae0]">DMA2_Channel1_IRQHandler</a>
 <LI><a href="#[364baa4]">DMA2_Channel2_IRQHandler</a>
 <LI><a href="#[364ba68]">DMA2_Channel3_IRQHandler</a>
 <LI><a href="#[364ba2c]">DMA2_Channel4_5_IRQHandler</a>
 <LI><a href="#[268b324]">SystemInit</a>
 <LI><a href="#[38d503c]">__main</a>
 <LI><a href="#[3648354]">dhcp_recv</a>
 <LI><a href="#[373ef9c]">tcp_accept_null</a>
 <LI><a href="#[373cb84]">tcpip_tcp_timer</a>
 <LI><a href="#[373cb48]">ip_reass_timer</a>
 <LI><a href="#[373cb0c]">arp_timer</a>
 <LI><a href="#[373cad0]">dhcp_timer_coarse</a>
 <LI><a href="#[373ca94]">dhcp_timer_fine</a>
 <LI><a href="#[3739704]">ipfrag_free_pbuf_custom</a>
 <LI><a href="#[3738d68]">ethernet_input</a>
 <LI><a href="#[3734448]">ethernetif_init</a>
 <LI><a href="#[3734394]">ethernetif_update_config</a>
 <LI><a href="#[3733df4]">tcp_echoserver_sent</a>
 <LI><a href="#[3733db8]">tcp_echoserver_recv</a>
 <LI><a href="#[3733ee4]">tcp_echoserver_error</a>
 <LI><a href="#[3733f20]">tcp_echoserver_poll</a>
 <LI><a href="#[3733d7c]">tcp_echoserver_accept</a>
 <LI><a href="#[3738da4]">etharp_output</a>
 <LI><a href="#[37336ec]">low_level_output</a>
 <LI><a href="#[38dd3f4]">SPI_TxISR_16BIT</a>
 <LI><a href="#[38dd430]">SPI_TxISR_8BIT</a>
 <LI><a href="#[38dd214]">SPI_2linesRxISR_16BIT</a>
 <LI><a href="#[38dd250]">SPI_2linesTxISR_16BIT</a>
 <LI><a href="#[38dd28c]">SPI_2linesRxISR_8BIT</a>
 <LI><a href="#[38dd2c8]">SPI_2linesTxISR_8BIT</a>
 <LI><a href="#[38dd340]">SPI_RxISR_16BIT</a>
 <LI><a href="#[38dd37c]">SPI_RxISR_8BIT</a>
 <LI><a href="#[38dd160]">SPI_DMAHalfTransmitCplt</a>
 <LI><a href="#[38dd19c]">SPI_DMATransmitCplt</a>
 <LI><a href="#[38dd1d8]">SPI_DMAError</a>
 <LI><a href="#[38dd0e8]">SPI_DMAHalfReceiveCplt</a>
 <LI><a href="#[38dd124]">SPI_DMAReceiveCplt</a>
 <LI><a href="#[38dd070]">SPI_DMAHalfTransmitReceiveCplt</a>
 <LI><a href="#[38dd0ac]">SPI_DMATransmitReceiveCplt</a>
 <LI><a href="#[38dd1d8]">SPI_DMAError</a>
 <LI><a href="#[38dd0e8]">SPI_DMAHalfReceiveCplt</a>
 <LI><a href="#[38dd124]">SPI_DMAReceiveCplt</a>
 <LI><a href="#[38dcff8]">SPI_AbortTx_ISR</a>
 <LI><a href="#[38dd034]">SPI_AbortRx_ISR</a>
 <LI><a href="#[38dcf80]">SPI_DMATxAbortCallback</a>
 <LI><a href="#[38dcfbc]">SPI_DMARxAbortCallback</a>
 <LI><a href="#[38dcf44]">SPI_DMAAbortOnError</a>
 <LI><a href="#[38dbf90]">TIM_DMAPeriodElapsedCplt</a>
 <LI><a href="#[38dba68]">TIM_DMAError</a>
 <LI><a href="#[38dbf90]">TIM_DMAPeriodElapsedCplt</a>
 <LI><a href="#[38dba68]">TIM_DMAError</a>
 <LI><a href="#[38db810]">TIM_DMADelayPulseCplt</a>
 <LI><a href="#[38daa3c]">TIMEx_DMACommutationCplt</a>
 <LI><a href="#[38dbdec]">TIM_DMATriggerCplt</a>
 <LI><a href="#[38db414]">TIM_DMACaptureCplt</a>
 <LI><a href="#[38db414]">TIM_DMACaptureCplt</a>
 <LI><a href="#[38dba68]">TIM_DMAError</a>
 <LI><a href="#[38db810]">TIM_DMADelayPulseCplt</a>
 <LI><a href="#[38db810]">TIM_DMADelayPulseCplt</a>
 <LI><a href="#[38dba68]">TIM_DMAError</a>
 <LI><a href="#[39a61e4]">_sputc</a>
 <LI><a href="#[39a634c]">_printf_input_char</a>
 <LI><a href="#[39a229c]">__I$use$semihosting</a>
</UL>
<P>
<H3>
Global Symbols
</H3>
<P><STRONG><a name="[38d503c]"></a>__main</STRONG> (Thumb, 8 bytes, Stack size 0 bytes, __main.o(!!!main))
<BR><BR>[Calls]<UL><LI><a href="#[38d2e40]">&gt;&gt;</a>&nbsp;&nbsp;&nbsp;__rt_entry
<LI><a href="#[399e534]">&gt;&gt;</a>&nbsp;&nbsp;&nbsp;__scatterload
</UL>

<P><STRONG><a name="[399e534]"></a>__scatterload</STRONG> (Thumb, 0 bytes, Stack size unknown bytes, __scatter.o(!!!scatter))
<BR><BR>[Called By]<UL><LI><a href="#[38d503c]">&gt;&gt;</a>&nbsp;&nbsp;&nbsp;__main
</UL>

<P><STRONG><a name="[399e4f8]"></a>__scatterload_rt2</STRONG> (Thumb, 44 bytes, Stack size unknown bytes, __scatter.o(!!!scatter), UNUSED)
<BR><BR>[Calls]<UL><LI><a href="#[38d2e40]">&gt;&gt;</a>&nbsp;&nbsp;&nbsp;__rt_entry
</UL>

<P><STRONG><a name="[399e4bc]"></a>__scatterload_rt2_thumb_only</STRONG> (Thumb, 0 bytes, Stack size unknown bytes, __scatter.o(!!!scatter), UNUSED)

<P><STRONG><a name="[399e480]"></a>__scatterload_null</STRONG> (Thumb, 0 bytes, Stack size unknown bytes, __scatter.o(!!!scatter), UNUSED)

<P><STRONG><a name="[399e660]"></a>__decompress</STRONG> (Thumb, 90 bytes, Stack size unknown bytes, __dczerorl2.o(!!dczerorl2), UNUSED)

<P><STRONG><a name="[399e624]"></a>__decompress1</STRONG> (Thumb, 0 bytes, Stack size unknown bytes, __dczerorl2.o(!!dczerorl2), UNUSED)

<P><STRONG><a name="[399e2dc]"></a>__scatterload_zeroinit</STRONG> (Thumb, 28 bytes, Stack size unknown bytes, __scatter_zi.o(!!handler_zi), UNUSED)

<P><STRONG><a name="[38d5ec4]"></a>_printf_d</STRONG> (Thumb, 0 bytes, Stack size unknown bytes, _printf_d.o(.ARM.Collect$$_printf_percent$$00000009))
<BR><BR>[Stack]<UL><LI>Max Depth = 72 + Unknown Stack Size
<LI>Call Chain = _printf_d &rArr; _printf_int_dec &rArr; _printf_int_common &rArr; _printf_post_padding
</UL>
<BR>[Calls]<UL><LI><a href="#[38d69c8]">&gt;&gt;</a>&nbsp;&nbsp;&nbsp;_printf_int_dec
</UL>

<P><STRONG><a name="[38d5e10]"></a>_printf_percent</STRONG> (Thumb, 0 bytes, Stack size unknown bytes, _printf_percent.o(.ARM.Collect$$_printf_percent$$00000000))
<BR><BR>[Called By]<UL><LI><a href="#[38d62c0]">&gt;&gt;</a>&nbsp;&nbsp;&nbsp;__printf
</UL>

<P><STRONG><a name="[38d5fb4]"></a>_printf_s</STRONG> (Thumb, 0 bytes, Stack size unknown bytes, _printf_s.o(.ARM.Collect$$_printf_percent$$00000014))
<BR><BR>[Stack]<UL><LI>Max Depth = 40 + Unknown Stack Size
<LI>Call Chain = _printf_s &rArr; _printf_string &rArr; _printf_cs_common &rArr; _printf_str &rArr; _printf_post_padding
</UL>
<BR>[Calls]<UL><LI><a href="#[39a607c]">&gt;&gt;</a>&nbsp;&nbsp;&nbsp;_printf_string
</UL>

<P><STRONG><a name="[39a5f8c]"></a>_printf_percent_end</STRONG> (Thumb, 0 bytes, Stack size unknown bytes, _printf_percent_end.o(.ARM.Collect$$_printf_percent$$00000017))

<P><STRONG><a name="[39a1504]"></a>__rt_lib_init</STRONG> (Thumb, 0 bytes, Stack size unknown bytes, libinit.o(.ARM.Collect$$libinit$$00000000))
<BR><BR>[Called By]<UL><LI><a href="#[39a3430]">&gt;&gt;</a>&nbsp;&nbsp;&nbsp;__rt_entry_li
</UL>

<P><STRONG><a name="[39a5104]"></a>__rt_lib_init_heap_2</STRONG> (Thumb, 0 bytes, Stack size unknown bytes, libinit2.o(.ARM.Collect$$libinit$$00000001))
<BR><BR>[Stack]<UL><LI>Max Depth = 64 + Unknown Stack Size
<LI>Call Chain = __rt_lib_init_heap_2 &rArr; _init_alloc &rArr; __rt_SIGRTMEM &rArr; __rt_SIGRTMEM_inner &rArr; __default_signal_display &rArr; _ttywrch
</UL>
<BR>[Calls]<UL><LI><a href="#[38d2738]">&gt;&gt;</a>&nbsp;&nbsp;&nbsp;_init_alloc
</UL>

<P><STRONG><a name="[39a481c]"></a>__rt_lib_init_alloca_1</STRONG> (Thumb, 0 bytes, Stack size unknown bytes, libinit2.o(.ARM.Collect$$libinit$$0000002A))

<P><STRONG><a name="[39a4894]"></a>__rt_lib_init_argv_1</STRONG> (Thumb, 0 bytes, Stack size unknown bytes, libinit2.o(.ARM.Collect$$libinit$$00000028))

<P><STRONG><a name="[39a4c54]"></a>__rt_lib_init_atexit_1</STRONG> (Thumb, 0 bytes, Stack size unknown bytes, libinit2.o(.ARM.Collect$$libinit$$00000017))

<P><STRONG><a name="[39a4aec]"></a>__rt_lib_init_clock_1</STRONG> (Thumb, 0 bytes, Stack size unknown bytes, libinit2.o(.ARM.Collect$$libinit$$0000001D))

<P><STRONG><a name="[39a472c]"></a>__rt_lib_init_cpp_1</STRONG> (Thumb, 0 bytes, Stack size unknown bytes, libinit2.o(.ARM.Collect$$libinit$$0000002E))

<P><STRONG><a name="[39a47a4]"></a>__rt_lib_init_exceptions_1</STRONG> (Thumb, 0 bytes, Stack size unknown bytes, libinit2.o(.ARM.Collect$$libinit$$0000002C))

<P><STRONG><a name="[39a4b64]"></a>__rt_lib_init_fp_trap_1</STRONG> (Thumb, 0 bytes, Stack size unknown bytes, libinit2.o(.ARM.Collect$$libinit$$0000001B))

<P><STRONG><a name="[39a4a74]"></a>__rt_lib_init_getenv_1</STRONG> (Thumb, 0 bytes, Stack size unknown bytes, libinit2.o(.ARM.Collect$$libinit$$0000001F))

<P><STRONG><a name="[39a5050]"></a>__rt_lib_init_heap_1</STRONG> (Thumb, 0 bytes, Stack size unknown bytes, libinit2.o(.ARM.Collect$$libinit$$00000006))

<P><STRONG><a name="[39a4eac]"></a>__rt_lib_init_lc_collate_1</STRONG> (Thumb, 0 bytes, Stack size unknown bytes, libinit2.o(.ARM.Collect$$libinit$$0000000D))

<P><STRONG><a name="[39a4e34]"></a>__rt_lib_init_lc_ctype_1</STRONG> (Thumb, 0 bytes, Stack size unknown bytes, libinit2.o(.ARM.Collect$$libinit$$0000000F))

<P><STRONG><a name="[39a4dbc]"></a>__rt_lib_init_lc_monetary_1</STRONG> (Thumb, 0 bytes, Stack size unknown bytes, libinit2.o(.ARM.Collect$$libinit$$00000011))

<P><STRONG><a name="[39a4d44]"></a>__rt_lib_init_lc_numeric_1</STRONG> (Thumb, 0 bytes, Stack size unknown bytes, libinit2.o(.ARM.Collect$$libinit$$00000013))

<P><STRONG><a name="[39a4ccc]"></a>__rt_lib_init_lc_time_1</STRONG> (Thumb, 0 bytes, Stack size unknown bytes, libinit2.o(.ARM.Collect$$libinit$$00000015))

<P><STRONG><a name="[39a4f60]"></a>__rt_lib_init_rand_1</STRONG> (Thumb, 0 bytes, Stack size unknown bytes, libinit2.o(.ARM.Collect$$libinit$$0000000A))

<P><STRONG><a name="[39a46f0]"></a>__rt_lib_init_return</STRONG> (Thumb, 0 bytes, Stack size unknown bytes, libinit2.o(.ARM.Collect$$libinit$$0000002F))

<P><STRONG><a name="[39a4bdc]"></a>__rt_lib_init_signal_1</STRONG> (Thumb, 0 bytes, Stack size unknown bytes, libinit2.o(.ARM.Collect$$libinit$$00000019))

<P><STRONG><a name="[39a49fc]"></a>__rt_lib_init_stdio_1</STRONG> (Thumb, 0 bytes, Stack size unknown bytes, libinit2.o(.ARM.Collect$$libinit$$00000021))

<P><STRONG><a name="[39a4fd8]"></a>__rt_lib_init_user_alloc_1</STRONG> (Thumb, 0 bytes, Stack size unknown bytes, libinit2.o(.ARM.Collect$$libinit$$00000008))

<P><STRONG><a name="[399e9e4]"></a>__rt_lib_shutdown</STRONG> (Thumb, 0 bytes, Stack size unknown bytes, libshutdown.o(.ARM.Collect$$libshutdown$$00000000))
<BR><BR>[Called By]<UL><LI><a href="#[399fc2c]">&gt;&gt;</a>&nbsp;&nbsp;&nbsp;__rt_exit_ls
</UL>

<P><STRONG><a name="[39a0370]"></a>__rt_lib_shutdown_fp_trap_1</STRONG> (Thumb, 0 bytes, Stack size unknown bytes, libshutdown2.o(.ARM.Collect$$libshutdown$$00000006))

<P><STRONG><a name="[39a0190]"></a>__rt_lib_shutdown_heap_1</STRONG> (Thumb, 0 bytes, Stack size unknown bytes, libshutdown2.o(.ARM.Collect$$libshutdown$$0000000E))

<P><STRONG><a name="[39a0154]"></a>__rt_lib_shutdown_return</STRONG> (Thumb, 0 bytes, Stack size unknown bytes, libshutdown2.o(.ARM.Collect$$libshutdown$$0000000F))

<P><STRONG><a name="[39a02bc]"></a>__rt_lib_shutdown_signal_1</STRONG> (Thumb, 0 bytes, Stack size unknown bytes, libshutdown2.o(.ARM.Collect$$libshutdown$$00000009))

<P><STRONG><a name="[39a0424]"></a>__rt_lib_shutdown_stdio_1</STRONG> (Thumb, 0 bytes, Stack size unknown bytes, libshutdown2.o(.ARM.Collect$$libshutdown$$00000003))

<P><STRONG><a name="[39a0244]"></a>__rt_lib_shutdown_user_alloc_1</STRONG> (Thumb, 0 bytes, Stack size unknown bytes, libshutdown2.o(.ARM.Collect$$libshutdown$$0000000B))

<P><STRONG><a name="[38d2e40]"></a>__rt_entry</STRONG> (Thumb, 0 bytes, Stack size unknown bytes, rtentry.o(.ARM.Collect$$rtentry$$00000000))
<BR><BR>[Called By]<UL><LI><a href="#[38d503c]">&gt;&gt;</a>&nbsp;&nbsp;&nbsp;__main
<LI><a href="#[399e4f8]">&gt;&gt;</a>&nbsp;&nbsp;&nbsp;__scatterload_rt2
</UL>

<P><STRONG><a name="[39a34e4]"></a>__rt_entry_presh_1</STRONG> (Thumb, 0 bytes, Stack size unknown bytes, rtentry2.o(.ARM.Collect$$rtentry$$00000002))

<P><STRONG><a name="[39a3160]"></a>__rt_entry_sh</STRONG> (Thumb, 0 bytes, Stack size unknown bytes, rtentry4.o(.ARM.Collect$$rtentry$$00000004))
<BR><BR>[Stack]<UL><LI>Max Depth = 8 + Unknown Stack Size
<LI>Call Chain = __rt_entry_sh &rArr; __user_setup_stackheap
</UL>
<BR>[Calls]<UL><LI><a href="#[39a2170]">&gt;&gt;</a>&nbsp;&nbsp;&nbsp;__user_setup_stackheap
</UL>

<P><STRONG><a name="[39a3430]"></a>__rt_entry_li</STRONG> (Thumb, 0 bytes, Stack size unknown bytes, rtentry2.o(.ARM.Collect$$rtentry$$0000000A))
<BR><BR>[Calls]<UL><LI><a href="#[39a1504]">&gt;&gt;</a>&nbsp;&nbsp;&nbsp;__rt_lib_init
</UL>

<P><STRONG><a name="[39a346c]"></a>__rt_entry_postsh_1</STRONG> (Thumb, 0 bytes, Stack size unknown bytes, rtentry2.o(.ARM.Collect$$rtentry$$00000009))

<P><STRONG><a name="[39a337c]"></a>__rt_entry_main</STRONG> (Thumb, 0 bytes, Stack size unknown bytes, rtentry2.o(.ARM.Collect$$rtentry$$0000000D))
<BR><BR>[Stack]<UL><LI>Max Depth = 920 + Unknown Stack Size
<LI>Call Chain = __rt_entry_main &rArr; main &rArr; MicroSD_Trand_Read &rArr; Read_Tranddata &rArr; f_open &rArr; follow_path &rArr; dir_find &rArr; dir_next &rArr; create_chain &rArr; put_fat &rArr; move_window &rArr; disk_write &rArr; SD_WriteBlock &rArr; SD_LowLevel_DMA_TxConfig &rArr; DMA_Init
</UL>
<BR>[Calls]<UL><LI><a href="#[26863b0]">&gt;&gt;</a>&nbsp;&nbsp;&nbsp;main
<LI><a href="#[39a1d38]">&gt;&gt;</a>&nbsp;&nbsp;&nbsp;exit
</UL>

<P><STRONG><a name="[39a33b8]"></a>__rt_entry_postli_1</STRONG> (Thumb, 0 bytes, Stack size unknown bytes, rtentry2.o(.ARM.Collect$$rtentry$$0000000C))

<P><STRONG><a name="[39a0dc0]"></a>__rt_exit</STRONG> (Thumb, 0 bytes, Stack size unknown bytes, rtexit.o(.ARM.Collect$$rtexit$$00000000))
<BR><BR>[Called By]<UL><LI><a href="#[39a1d38]">&gt;&gt;</a>&nbsp;&nbsp;&nbsp;exit
</UL>

<P><STRONG><a name="[399fc2c]"></a>__rt_exit_ls</STRONG> (Thumb, 0 bytes, Stack size unknown bytes, rtexit2.o(.ARM.Collect$$rtexit$$00000003))
<BR><BR>[Calls]<UL><LI><a href="#[399e9e4]">&gt;&gt;</a>&nbsp;&nbsp;&nbsp;__rt_lib_shutdown
</UL>

<P><STRONG><a name="[399fc68]"></a>__rt_exit_prels_1</STRONG> (Thumb, 0 bytes, Stack size unknown bytes, rtexit2.o(.ARM.Collect$$rtexit$$00000002))

<P><STRONG><a name="[399fbf0]"></a>__rt_exit_exit</STRONG> (Thumb, 0 bytes, Stack size unknown bytes, rtexit2.o(.ARM.Collect$$rtexit$$00000004))
<BR><BR>[Calls]<UL><LI><a href="#[39a0e74]">&gt;&gt;</a>&nbsp;&nbsp;&nbsp;_sys_exit
</UL>

<P><STRONG><a name="[268d55c]"></a>DrawTrandDiamond</STRONG> (Thumb, 712 bytes, Stack size 64 bytes, display.o(.text))
<BR><BR>[Stack]<UL><LI>Max Depth = 228 + Unknown Stack Size
<LI>Call Chain = DrawTrandDiamond &rArr; display_back_graph &rArr; DrawSmallNumber &rArr; NEMERIC_12X16_BK_W &rArr; NAND_ReadData2 &rArr; FSMC_NAND_ReadSmallPage &rArr; FSMC_NAND_GetStatus
</UL>
<BR>[Calls]<UL><LI><a href="#[268c620]">&gt;&gt;</a>&nbsp;&nbsp;&nbsp;display_zero_W_XY
<LI><a href="#[268c65c]">&gt;&gt;</a>&nbsp;&nbsp;&nbsp;display_trend_hour
<LI><a href="#[268c698]">&gt;&gt;</a>&nbsp;&nbsp;&nbsp;display_temp_W_XY
<LI><a href="#[268c6d4]">&gt;&gt;</a>&nbsp;&nbsp;&nbsp;display_span_W_XY
<LI><a href="#[268c710]">&gt;&gt;</a>&nbsp;&nbsp;&nbsp;display_clear_W_XY
<LI><a href="#[268c74c]">&gt;&gt;</a>&nbsp;&nbsp;&nbsp;display_buffer_W_XY
<LI><a href="#[268c788]">&gt;&gt;</a>&nbsp;&nbsp;&nbsp;display_back_graph
<LI><a href="#[268c7c4]">&gt;&gt;</a>&nbsp;&nbsp;&nbsp;display_Ethernet
<LI><a href="#[268c800]">&gt;&gt;</a>&nbsp;&nbsp;&nbsp;display_2ch_small_ph_xy
<LI><a href="#[268c83c]">&gt;&gt;</a>&nbsp;&nbsp;&nbsp;display_2ch_small_ec_xy
<LI><a href="#[268ce18]">&gt;&gt;</a>&nbsp;&nbsp;&nbsp;TFT_Line
<LI><a href="#[268ce54]">&gt;&gt;</a>&nbsp;&nbsp;&nbsp;Draw_Back_Oval6
<LI><a href="#[268ce90]">&gt;&gt;</a>&nbsp;&nbsp;&nbsp;DrawTinyNumber
<LI><a href="#[268cecc]">&gt;&gt;</a>&nbsp;&nbsp;&nbsp;DrawSmallNumber
<LI><a href="#[268cf08]">&gt;&gt;</a>&nbsp;&nbsp;&nbsp;DrawMediumNumber
<LI><a href="#[38d305c]">&gt;&gt;</a>&nbsp;&nbsp;&nbsp;__aeabi_fmul
<LI><a href="#[38d3188]">&gt;&gt;</a>&nbsp;&nbsp;&nbsp;__aeabi_ui2f
<LI><a href="#[38d3494]">&gt;&gt;</a>&nbsp;&nbsp;&nbsp;__aeabi_f2uiz
<LI><a href="#[38d36ec]">&gt;&gt;</a>&nbsp;&nbsp;&nbsp;__aeabi_fdiv
<LI><a href="#[38d3980]">&gt;&gt;</a>&nbsp;&nbsp;&nbsp;__aeabi_fsub
<LI><a href="#[38d39f8]">&gt;&gt;</a>&nbsp;&nbsp;&nbsp;__aeabi_frsub
<LI><a href="#[38d3aac]">&gt;&gt;</a>&nbsp;&nbsp;&nbsp;__aeabi_fadd
<LI><a href="#[38d3df4]">&gt;&gt;</a>&nbsp;&nbsp;&nbsp;__aeabi_f2d
<LI><a href="#[38d3f5c]">&gt;&gt;</a>&nbsp;&nbsp;&nbsp;__aeabi_dmul
<LI><a href="#[38d4da8]">&gt;&gt;</a>&nbsp;&nbsp;&nbsp;__aeabi_d2f
<LI><a href="#[38d57f8]">&gt;&gt;</a>&nbsp;&nbsp;&nbsp;__aeabi_memcpy4
<LI><a href="#[38d6e3c]">&gt;&gt;</a>&nbsp;&nbsp;&nbsp;__2sprintf
</UL>
<BR>[Called By]<UL><LI><a href="#[26866bc]">&gt;&gt;</a>&nbsp;&nbsp;&nbsp;State_Trend
</UL>

<P><STRONG><a name="[39a2ecc]"></a>_maybe_terminate_alloc</STRONG> (Thumb, 0 bytes, Stack size 64 bytes, maybetermalloc1.o(.emb_text), UNUSED)

<P><STRONG><a name="[268d520]"></a>DrawTrandText</STRONG> (Thumb, 712 bytes, Stack size 48 bytes, display.o(.text))
<BR><BR>[Stack]<UL><LI>Max Depth = 204 + Unknown Stack Size
<LI>Call Chain = DrawTrandText &rArr; DrawSmallNumber &rArr; NEMERIC_12X16_BK_W &rArr; NAND_ReadData2 &rArr; FSMC_NAND_ReadSmallPage &rArr; FSMC_NAND_GetStatus
</UL>
<BR>[Calls]<UL><LI><a href="#[268c65c]">&gt;&gt;</a>&nbsp;&nbsp;&nbsp;display_trend_hour
<LI><a href="#[268c800]">&gt;&gt;</a>&nbsp;&nbsp;&nbsp;display_2ch_small_ph_xy
<LI><a href="#[268c83c]">&gt;&gt;</a>&nbsp;&nbsp;&nbsp;display_2ch_small_ec_xy
<LI><a href="#[268cecc]">&gt;&gt;</a>&nbsp;&nbsp;&nbsp;DrawSmallNumber
<LI><a href="#[38d57f8]">&gt;&gt;</a>&nbsp;&nbsp;&nbsp;__aeabi_memcpy4
<LI><a href="#[38d6e3c]">&gt;&gt;</a>&nbsp;&nbsp;&nbsp;__2sprintf
</UL>
<BR>[Called By]<UL><LI><a href="#[26866bc]">&gt;&gt;</a>&nbsp;&nbsp;&nbsp;State_Trend
</UL>

<P><STRONG><a name="[268d4e4]"></a>ClearGraphArea</STRONG> (Thumb, 8 bytes, Stack size 8 bytes, display.o(.text))
<BR><BR>[Stack]<UL><LI>Max Depth = 172 + Unknown Stack Size
<LI>Call Chain = ClearGraphArea &rArr; display_back_graph &rArr; DrawSmallNumber &rArr; NEMERIC_12X16_BK_W &rArr; NAND_ReadData2 &rArr; FSMC_NAND_ReadSmallPage &rArr; FSMC_NAND_GetStatus
</UL>
<BR>[Calls]<UL><LI><a href="#[268c788]">&gt;&gt;</a>&nbsp;&nbsp;&nbsp;display_back_graph
</UL>
<BR>[Called By]<UL><LI><a href="#[26866bc]">&gt;&gt;</a>&nbsp;&nbsp;&nbsp;State_Trend
</UL>

<P><STRONG><a name="[268d4a8]"></a>DrawCalibLog</STRONG> (Thumb, 1190 bytes, Stack size 32 bytes, display.o(.text))
<BR><BR>[Stack]<UL><LI>Max Depth = 188 + Unknown Stack Size
<LI>Call Chain = DrawCalibLog &rArr; DrawTinyNumber &rArr; NEMERIC_8X10_BU_W &rArr; NAND_ReadData2 &rArr; FSMC_NAND_ReadSmallPage &rArr; FSMC_NAND_GetStatus
</UL>
<BR>[Calls]<UL><LI><a href="#[268c620]">&gt;&gt;</a>&nbsp;&nbsp;&nbsp;display_zero_W_XY
<LI><a href="#[268c698]">&gt;&gt;</a>&nbsp;&nbsp;&nbsp;display_temp_W_XY
<LI><a href="#[268c6d4]">&gt;&gt;</a>&nbsp;&nbsp;&nbsp;display_span_W_XY
<LI><a href="#[268c710]">&gt;&gt;</a>&nbsp;&nbsp;&nbsp;display_clear_W_XY
<LI><a href="#[268c74c]">&gt;&gt;</a>&nbsp;&nbsp;&nbsp;display_buffer_W_XY
<LI><a href="#[268ce90]">&gt;&gt;</a>&nbsp;&nbsp;&nbsp;DrawTinyNumber
<LI><a href="#[268cecc]">&gt;&gt;</a>&nbsp;&nbsp;&nbsp;DrawSmallNumber
<LI><a href="#[38d6e3c]">&gt;&gt;</a>&nbsp;&nbsp;&nbsp;__2sprintf
</UL>
<BR>[Called By]<UL><LI><a href="#[2687454]">&gt;&gt;</a>&nbsp;&nbsp;&nbsp;RedrawValue
</UL>

<P><STRONG><a name="[268d46c]"></a>DrawRelay1Wash</STRONG> (Thumb, 154 bytes, Stack size 16 bytes, display.o(.text))
<BR><BR>[Stack]<UL><LI>Max Depth = 172 + Unknown Stack Size
<LI>Call Chain = DrawRelay1Wash &rArr; DrawSmallNumber &rArr; NEMERIC_12X16_BK_W &rArr; NAND_ReadData2 &rArr; FSMC_NAND_ReadSmallPage &rArr; FSMC_NAND_GetStatus
</UL>
<BR>[Calls]<UL><LI><a href="#[268cecc]">&gt;&gt;</a>&nbsp;&nbsp;&nbsp;DrawSmallNumber
<LI><a href="#[38d6e3c]">&gt;&gt;</a>&nbsp;&nbsp;&nbsp;__2sprintf
</UL>
<BR>[Called By]<UL><LI><a href="#[268701c]">&gt;&gt;</a>&nbsp;&nbsp;&nbsp;State_ConfigRelayRelay1AutoWash
</UL>

<P><STRONG><a name="[268d430]"></a>DrawRelay2Alarm</STRONG> (Thumb, 28 bytes, Stack size 0 bytes, display.o(.text), UNUSED)

<P><STRONG><a name="[268d3f4]"></a>DrawRelay3Wash</STRONG> (Thumb, 76 bytes, Stack size 16 bytes, display.o(.text))
<BR><BR>[Stack]<UL><LI>Max Depth = 172 + Unknown Stack Size
<LI>Call Chain = DrawRelay3Wash &rArr; DrawSmallNumber &rArr; NEMERIC_12X16_BK_W &rArr; NAND_ReadData2 &rArr; FSMC_NAND_ReadSmallPage &rArr; FSMC_NAND_GetStatus
</UL>
<BR>[Calls]<UL><LI><a href="#[268cecc]">&gt;&gt;</a>&nbsp;&nbsp;&nbsp;DrawSmallNumber
<LI><a href="#[38d6e3c]">&gt;&gt;</a>&nbsp;&nbsp;&nbsp;__2sprintf
</UL>
<BR>[Called By]<UL><LI><a href="#[268710c]">&gt;&gt;</a>&nbsp;&nbsp;&nbsp;State_ConfigRelayRelay3SetOP
</UL>

<P><STRONG><a name="[268d3b8]"></a>DrawRelayAlarm</STRONG> (Thumb, 2 bytes, Stack size 0 bytes, display.o(.text), UNUSED)

<P><STRONG><a name="[268d37c]"></a>DrawAdjustFilter</STRONG> (Thumb, 76 bytes, Stack size 16 bytes, display.o(.text))
<BR><BR>[Stack]<UL><LI>Max Depth = 172 + Unknown Stack Size
<LI>Call Chain = DrawAdjustFilter &rArr; DrawMediumNumber &rArr; NEMERIC_18X23_BK_W &rArr; NAND_ReadData2 &rArr; FSMC_NAND_ReadSmallPage &rArr; FSMC_NAND_GetStatus
</UL>
<BR>[Calls]<UL><LI><a href="#[268cf08]">&gt;&gt;</a>&nbsp;&nbsp;&nbsp;DrawMediumNumber
<LI><a href="#[38d6e3c]">&gt;&gt;</a>&nbsp;&nbsp;&nbsp;__2sprintf
</UL>
<BR>[Called By]<UL><LI><a href="#[2686f68]">&gt;&gt;</a>&nbsp;&nbsp;&nbsp;State_ConfigAdjustFilter
</UL>

<P><STRONG><a name="[268d340]"></a>DrawAdjustOffset</STRONG> (Thumb, 298 bytes, Stack size 24 bytes, display.o(.text))
<BR><BR>[Stack]<UL><LI>Max Depth = 180 + Unknown Stack Size
<LI>Call Chain = DrawAdjustOffset &rArr; DrawMediumNumber &rArr; NEMERIC_18X23_BK_W &rArr; NAND_ReadData2 &rArr; FSMC_NAND_ReadSmallPage &rArr; FSMC_NAND_GetStatus
</UL>
<BR>[Calls]<UL><LI><a href="#[268cf08]">&gt;&gt;</a>&nbsp;&nbsp;&nbsp;DrawMediumNumber
<LI><a href="#[38d6e3c]">&gt;&gt;</a>&nbsp;&nbsp;&nbsp;__2sprintf
</UL>
<BR>[Called By]<UL><LI><a href="#[2686f2c]">&gt;&gt;</a>&nbsp;&nbsp;&nbsp;State_ConfigAdjustOffset
</UL>

<P><STRONG><a name="[268d304]"></a>DrawAdjustGradient</STRONG> (Thumb, 124 bytes, Stack size 24 bytes, display.o(.text))
<BR><BR>[Stack]<UL><LI>Max Depth = 180 + Unknown Stack Size
<LI>Call Chain = DrawAdjustGradient &rArr; DrawMediumNumber &rArr; NEMERIC_18X23_BK_W &rArr; NAND_ReadData2 &rArr; FSMC_NAND_ReadSmallPage &rArr; FSMC_NAND_GetStatus
</UL>
<BR>[Calls]<UL><LI><a href="#[268cf08]">&gt;&gt;</a>&nbsp;&nbsp;&nbsp;DrawMediumNumber
<LI><a href="#[38d6e3c]">&gt;&gt;</a>&nbsp;&nbsp;&nbsp;__2sprintf
</UL>
<BR>[Called By]<UL><LI><a href="#[2686ef0]">&gt;&gt;</a>&nbsp;&nbsp;&nbsp;State_ConfigAdjustGradient
</UL>

<P><STRONG><a name="[268d2c8]"></a>DrawAdjustFactoryReset</STRONG> (Thumb, 2 bytes, Stack size 0 bytes, display.o(.text), UNUSED)

<P><STRONG><a name="[268d28c]"></a>DrawCalibAuto</STRONG> (Thumb, 1048 bytes, Stack size 24 bytes, display.o(.text), UNUSED)
<BR><BR>[Calls]<UL><LI><a href="#[268cf08]">&gt;&gt;</a>&nbsp;&nbsp;&nbsp;DrawMediumNumber
<LI><a href="#[38d6e3c]">&gt;&gt;</a>&nbsp;&nbsp;&nbsp;__2sprintf
</UL>

<P><STRONG><a name="[268d250]"></a>DrawCalibManual</STRONG> (Thumb, 1004 bytes, Stack size 24 bytes, display.o(.text), UNUSED)
<BR><BR>[Calls]<UL><LI><a href="#[268cf08]">&gt;&gt;</a>&nbsp;&nbsp;&nbsp;DrawMediumNumber
<LI><a href="#[38d6e3c]">&gt;&gt;</a>&nbsp;&nbsp;&nbsp;__2sprintf
</UL>
<BR>[Called By]<UL><LI><a href="#[26862fc]">&gt;&gt;</a>&nbsp;&nbsp;&nbsp;State_CalibManual
</UL>

<P><STRONG><a name="[268d214]"></a>DrawCalibZero</STRONG> (Thumb, 1184 bytes, Stack size 24 bytes, display.o(.text), UNUSED)
<BR><BR>[Calls]<UL><LI><a href="#[268cf08]">&gt;&gt;</a>&nbsp;&nbsp;&nbsp;DrawMediumNumber
<LI><a href="#[38d6e3c]">&gt;&gt;</a>&nbsp;&nbsp;&nbsp;__2sprintf
</UL>
<BR>[Called By]<UL><LI><a href="#[2686338]">&gt;&gt;</a>&nbsp;&nbsp;&nbsp;State_CalibZero
</UL>

<P><STRONG><a name="[268d1d8]"></a>DrawCalibPH4</STRONG> (Thumb, 174 bytes, Stack size 24 bytes, display.o(.text))
<BR><BR>[Stack]<UL><LI>Max Depth = 180 + Unknown Stack Size
<LI>Call Chain = DrawCalibPH4 &rArr; DrawMediumNumber &rArr; NEMERIC_18X23_BK_W &rArr; NAND_ReadData2 &rArr; FSMC_NAND_ReadSmallPage &rArr; FSMC_NAND_GetStatus
</UL>
<BR>[Calls]<UL><LI><a href="#[268cf08]">&gt;&gt;</a>&nbsp;&nbsp;&nbsp;DrawMediumNumber
<LI><a href="#[38d6e3c]">&gt;&gt;</a>&nbsp;&nbsp;&nbsp;__2sprintf
</UL>
<BR>[Called By]<UL><LI><a href="#[2686b6c]">&gt;&gt;</a>&nbsp;&nbsp;&nbsp;State_CalibBuffPH4
</UL>

<P><STRONG><a name="[268d19c]"></a>DrawCalibPH7</STRONG> (Thumb, 154 bytes, Stack size 24 bytes, display.o(.text))
<BR><BR>[Stack]<UL><LI>Max Depth = 180 + Unknown Stack Size
<LI>Call Chain = DrawCalibPH7 &rArr; DrawMediumNumber &rArr; NEMERIC_18X23_BK_W &rArr; NAND_ReadData2 &rArr; FSMC_NAND_ReadSmallPage &rArr; FSMC_NAND_GetStatus
</UL>
<BR>[Calls]<UL><LI><a href="#[268cf08]">&gt;&gt;</a>&nbsp;&nbsp;&nbsp;DrawMediumNumber
<LI><a href="#[38d6e3c]">&gt;&gt;</a>&nbsp;&nbsp;&nbsp;__2sprintf
</UL>
<BR>[Called By]<UL><LI><a href="#[2686ba8]">&gt;&gt;</a>&nbsp;&nbsp;&nbsp;State_CalibBuffPH7
</UL>

<P><STRONG><a name="[268d160]"></a>DrawCalib_EC</STRONG> (Thumb, 154 bytes, Stack size 24 bytes, display.o(.text))
<BR><BR>[Stack]<UL><LI>Max Depth = 180 + Unknown Stack Size
<LI>Call Chain = DrawCalib_EC &rArr; DrawMediumNumber &rArr; NEMERIC_18X23_BK_W &rArr; NAND_ReadData2 &rArr; FSMC_NAND_ReadSmallPage &rArr; FSMC_NAND_GetStatus
</UL>
<BR>[Calls]<UL><LI><a href="#[268cf08]">&gt;&gt;</a>&nbsp;&nbsp;&nbsp;DrawMediumNumber
<LI><a href="#[38d6e3c]">&gt;&gt;</a>&nbsp;&nbsp;&nbsp;__2sprintf
</UL>
<BR>[Called By]<UL><LI><a href="#[2686b30]">&gt;&gt;</a>&nbsp;&nbsp;&nbsp;State_CalibBuff_EC
</UL>

<P><STRONG><a name="[268d124]"></a>DrawCalibBuff</STRONG> (Thumb, 1158 bytes, Stack size 24 bytes, display.o(.text), UNUSED)
<BR><BR>[Calls]<UL><LI><a href="#[268cf08]">&gt;&gt;</a>&nbsp;&nbsp;&nbsp;DrawMediumNumber
<LI><a href="#[38d6e3c]">&gt;&gt;</a>&nbsp;&nbsp;&nbsp;__2sprintf
</UL>

<P><STRONG><a name="[268d0e8]"></a>DrawCalibSpan</STRONG> (Thumb, 1416 bytes, Stack size 24 bytes, display.o(.text))
<BR><BR>[Stack]<UL><LI>Max Depth = 180 + Unknown Stack Size
<LI>Call Chain = DrawCalibSpan &rArr; DrawMediumNumber &rArr; NEMERIC_18X23_BK_W &rArr; NAND_ReadData2 &rArr; FSMC_NAND_ReadSmallPage &rArr; FSMC_NAND_GetStatus
</UL>
<BR>[Calls]<UL><LI><a href="#[268cf08]">&gt;&gt;</a>&nbsp;&nbsp;&nbsp;DrawMediumNumber
<LI><a href="#[38d6e3c]">&gt;&gt;</a>&nbsp;&nbsp;&nbsp;__2sprintf
</UL>
<BR>[Called By]<UL><LI><a href="#[2686be4]">&gt;&gt;</a>&nbsp;&nbsp;&nbsp;State_CalibSpan
</UL>

<P><STRONG><a name="[268d0ac]"></a>DrawCalibTemp</STRONG> (Thumb, 614 bytes, Stack size 24 bytes, display.o(.text))
<BR><BR>[Stack]<UL><LI>Max Depth = 180 + Unknown Stack Size
<LI>Call Chain = DrawCalibTemp &rArr; DrawMediumNumber &rArr; NEMERIC_18X23_BK_W &rArr; NAND_ReadData2 &rArr; FSMC_NAND_ReadSmallPage &rArr; FSMC_NAND_GetStatus
</UL>
<BR>[Calls]<UL><LI><a href="#[268cf08]">&gt;&gt;</a>&nbsp;&nbsp;&nbsp;DrawMediumNumber
<LI><a href="#[38d6e3c]">&gt;&gt;</a>&nbsp;&nbsp;&nbsp;__2sprintf
</UL>
<BR>[Called By]<UL><LI><a href="#[2686c20]">&gt;&gt;</a>&nbsp;&nbsp;&nbsp;State_CalibTemp
</UL>

<P><STRONG><a name="[268d070]"></a>DrawOutputConfig</STRONG> (Thumb, 754 bytes, Stack size 16 bytes, display.o(.text))
<BR><BR>[Stack]<UL><LI>Max Depth = 172 + Unknown Stack Size
<LI>Call Chain = DrawOutputConfig &rArr; DrawSmallNumber &rArr; NEMERIC_12X16_BK_W &rArr; NAND_ReadData2 &rArr; FSMC_NAND_ReadSmallPage &rArr; FSMC_NAND_GetStatus
</UL>
<BR>[Calls]<UL><LI><a href="#[268cecc]">&gt;&gt;</a>&nbsp;&nbsp;&nbsp;DrawSmallNumber
<LI><a href="#[38d6e3c]">&gt;&gt;</a>&nbsp;&nbsp;&nbsp;__2sprintf
</UL>
<BR>[Called By]<UL><LI><a href="#[26867ac]">&gt;&gt;</a>&nbsp;&nbsp;&nbsp;State_ConfigOutput
<LI><a href="#[2686860]">&gt;&gt;</a>&nbsp;&nbsp;&nbsp;State_ConfigOutput2
</UL>

<P><STRONG><a name="[268d034]"></a>DrawAlarmConfig</STRONG> (Thumb, 1092 bytes, Stack size 24 bytes, display.o(.text))
<BR><BR>[Stack]<UL><LI>Max Depth = 180 + Unknown Stack Size
<LI>Call Chain = DrawAlarmConfig &rArr; DrawSmallNumber &rArr; NEMERIC_12X16_BK_W &rArr; NAND_ReadData2 &rArr; FSMC_NAND_ReadSmallPage &rArr; FSMC_NAND_GetStatus
</UL>
<BR>[Calls]<UL><LI><a href="#[268cecc]">&gt;&gt;</a>&nbsp;&nbsp;&nbsp;DrawSmallNumber
<LI><a href="#[38d6e3c]">&gt;&gt;</a>&nbsp;&nbsp;&nbsp;__2sprintf
</UL>
<BR>[Called By]<UL><LI><a href="#[2686734]">&gt;&gt;</a>&nbsp;&nbsp;&nbsp;State_Alarm
</UL>

<P><STRONG><a name="[268cff8]"></a>DrawTimeConfig</STRONG> (Thumb, 238 bytes, Stack size 16 bytes, display.o(.text))
<BR><BR>[Stack]<UL><LI>Max Depth = 172 + Unknown Stack Size
<LI>Call Chain = DrawTimeConfig &rArr; DrawSmallNumber &rArr; NEMERIC_12X16_BK_W &rArr; NAND_ReadData2 &rArr; FSMC_NAND_ReadSmallPage &rArr; FSMC_NAND_GetStatus
</UL>
<BR>[Calls]<UL><LI><a href="#[268ce54]">&gt;&gt;</a>&nbsp;&nbsp;&nbsp;Draw_Back_Oval6
<LI><a href="#[268cecc]">&gt;&gt;</a>&nbsp;&nbsp;&nbsp;DrawSmallNumber
<LI><a href="#[38d6e3c]">&gt;&gt;</a>&nbsp;&nbsp;&nbsp;__2sprintf
</UL>
<BR>[Called By]<UL><LI><a href="#[2686a04]">&gt;&gt;</a>&nbsp;&nbsp;&nbsp;State_ConfigTime
</UL>

<P><STRONG><a name="[268cfbc]"></a>DrawCommConfig</STRONG> (Thumb, 170 bytes, Stack size 16 bytes, display.o(.text))
<BR><BR>[Stack]<UL><LI>Max Depth = 172 + Unknown Stack Size
<LI>Call Chain = DrawCommConfig &rArr; DrawSmallNumber &rArr; NEMERIC_12X16_BK_W &rArr; NAND_ReadData2 &rArr; FSMC_NAND_ReadSmallPage &rArr; FSMC_NAND_GetStatus
</UL>
<BR>[Calls]<UL><LI><a href="#[268c7c4]">&gt;&gt;</a>&nbsp;&nbsp;&nbsp;display_Ethernet
<LI><a href="#[268cecc]">&gt;&gt;</a>&nbsp;&nbsp;&nbsp;DrawSmallNumber
<LI><a href="#[38d6e3c]">&gt;&gt;</a>&nbsp;&nbsp;&nbsp;__2sprintf
</UL>
<BR>[Called By]<UL><LI><a href="#[2686914]">&gt;&gt;</a>&nbsp;&nbsp;&nbsp;State_ConfigComm
</UL>

<P><STRONG><a name="[268cf80]"></a>DrawCommEthernetConfig</STRONG> (Thumb, 404 bytes, Stack size 16 bytes, display.o(.text))
<BR><BR>[Stack]<UL><LI>Max Depth = 172 + Unknown Stack Size
<LI>Call Chain = DrawCommEthernetConfig &rArr; DrawSmallNumber &rArr; NEMERIC_12X16_BK_W &rArr; NAND_ReadData2 &rArr; FSMC_NAND_ReadSmallPage &rArr; FSMC_NAND_GetStatus
</UL>
<BR>[Calls]<UL><LI><a href="#[268cecc]">&gt;&gt;</a>&nbsp;&nbsp;&nbsp;DrawSmallNumber
<LI><a href="#[38d6e3c]">&gt;&gt;</a>&nbsp;&nbsp;&nbsp;__2sprintf
</UL>
<BR>[Called By]<UL><LI><a href="#[2686950]">&gt;&gt;</a>&nbsp;&nbsp;&nbsp;State_ConfigEthernet
</UL>

<P><STRONG><a name="[268cf44]"></a>DrawBottomCurrent</STRONG> (Thumb, 30 bytes, Stack size 8 bytes, display.o(.text), UNUSED)
<BR><BR>[Calls]<UL><LI><a href="#[268cecc]">&gt;&gt;</a>&nbsp;&nbsp;&nbsp;DrawSmallNumber
<LI><a href="#[38d6e3c]">&gt;&gt;</a>&nbsp;&nbsp;&nbsp;__2sprintf
</UL>

<P><STRONG><a name="[268bdec]"></a>DAC_Conf</STRONG> (Thumb, 52 bytes, Stack size 24 bytes, initialize.o(.text))
<BR><BR>[Stack]<UL><LI>Max Depth = 44<LI>Call Chain = DAC_Conf &rArr; GPIO_PinRemapConfig
</UL>
<BR>[Calls]<UL><LI><a href="#[268b6a8]">&gt;&gt;</a>&nbsp;&nbsp;&nbsp;GPIO_PinRemapConfig
<LI><a href="#[268b84c]">&gt;&gt;</a>&nbsp;&nbsp;&nbsp;DAC_SetChannel2Data
<LI><a href="#[268b8c4]">&gt;&gt;</a>&nbsp;&nbsp;&nbsp;DAC_Init
<LI><a href="#[268b900]">&gt;&gt;</a>&nbsp;&nbsp;&nbsp;DAC_DualSoftwareTriggerCmd
<LI><a href="#[268b93c]">&gt;&gt;</a>&nbsp;&nbsp;&nbsp;DAC_Cmd
</UL>
<BR>[Called By]<UL><LI><a href="#[268bb94]">&gt;&gt;</a>&nbsp;&nbsp;&nbsp;Initialize
</UL>

<P><STRONG><a name="[268bdb0]"></a>User_ADC_Configuration</STRONG> (Thumb, 154 bytes, Stack size 32 bytes, initialize.o(.text))
<BR><BR>[Stack]<UL><LI>Max Depth = 52<LI>Call Chain = User_ADC_Configuration &rArr; GPIO_Init
</UL>
<BR>[Calls]<UL><LI><a href="#[268b48c]">&gt;&gt;</a>&nbsp;&nbsp;&nbsp;RCC_APB2PeriphClockCmd
<LI><a href="#[268b540]">&gt;&gt;</a>&nbsp;&nbsp;&nbsp;RCC_ADCCLKConfig
<LI><a href="#[268b6e4]">&gt;&gt;</a>&nbsp;&nbsp;&nbsp;GPIO_Init
<LI><a href="#[268b978]">&gt;&gt;</a>&nbsp;&nbsp;&nbsp;ADC_StartCalibration
<LI><a href="#[268b9b4]">&gt;&gt;</a>&nbsp;&nbsp;&nbsp;ADC_SoftwareStartConvCmd
<LI><a href="#[268b9f0]">&gt;&gt;</a>&nbsp;&nbsp;&nbsp;ADC_ResetCalibration
<LI><a href="#[268ba2c]">&gt;&gt;</a>&nbsp;&nbsp;&nbsp;ADC_RegularChannelConfig
<LI><a href="#[268ba68]">&gt;&gt;</a>&nbsp;&nbsp;&nbsp;ADC_Init
<LI><a href="#[268baa4]">&gt;&gt;</a>&nbsp;&nbsp;&nbsp;ADC_GetResetCalibrationStatus
<LI><a href="#[268bae0]">&gt;&gt;</a>&nbsp;&nbsp;&nbsp;ADC_GetCalibrationStatus
<LI><a href="#[268bb1c]">&gt;&gt;</a>&nbsp;&nbsp;&nbsp;ADC_Cmd
</UL>
<BR>[Called By]<UL><LI><a href="#[268bb94]">&gt;&gt;</a>&nbsp;&nbsp;&nbsp;Initialize
</UL>

<P><STRONG><a name="[268bd74]"></a>Spi_configuration</STRONG> (Thumb, 78 bytes, Stack size 24 bytes, initialize.o(.text))
<BR><BR>[Stack]<UL><LI>Max Depth = 32<LI>Call Chain = Spi_configuration &rArr; SPI_Init
</UL>
<BR>[Calls]<UL><LI><a href="#[268b39c]">&gt;&gt;</a>&nbsp;&nbsp;&nbsp;SPI_Init
<LI><a href="#[268b3d8]">&gt;&gt;</a>&nbsp;&nbsp;&nbsp;SPI_Cmd
</UL>
<BR>[Called By]<UL><LI><a href="#[268bb94]">&gt;&gt;</a>&nbsp;&nbsp;&nbsp;Initialize
</UL>

<P><STRONG><a name="[268bd38]"></a>TIM8_Configuration</STRONG> (Thumb, 152 bytes, Stack size 32 bytes, initialize.o(.text))
<BR><BR>[Stack]<UL><LI>Max Depth = 48<LI>Call Chain = TIM8_Configuration &rArr; TIM_OC3Init
</UL>
<BR>[Calls]<UL><LI><a href="#[268b0cc]">&gt;&gt;</a>&nbsp;&nbsp;&nbsp;TIM_TimeBaseInit
<LI><a href="#[268b108]">&gt;&gt;</a>&nbsp;&nbsp;&nbsp;TIM_OC3Init
<LI><a href="#[268b144]">&gt;&gt;</a>&nbsp;&nbsp;&nbsp;TIM_OC2Init
<LI><a href="#[268b180]">&gt;&gt;</a>&nbsp;&nbsp;&nbsp;TIM_OC1Init
<LI><a href="#[268b1bc]">&gt;&gt;</a>&nbsp;&nbsp;&nbsp;TIM_ITConfig
<LI><a href="#[268b1f8]">&gt;&gt;</a>&nbsp;&nbsp;&nbsp;TIM_CtrlPWMOutputs
<LI><a href="#[268b234]">&gt;&gt;</a>&nbsp;&nbsp;&nbsp;TIM_Cmd
<LI><a href="#[268b270]">&gt;&gt;</a>&nbsp;&nbsp;&nbsp;TIM_ClearFlag
<LI><a href="#[268b48c]">&gt;&gt;</a>&nbsp;&nbsp;&nbsp;RCC_APB2PeriphClockCmd
</UL>
<BR>[Called By]<UL><LI><a href="#[268bb94]">&gt;&gt;</a>&nbsp;&nbsp;&nbsp;Initialize
</UL>

<P><STRONG><a name="[268bcfc]"></a>System_InterruptConfig</STRONG> (Thumb, 124 bytes, Stack size 8 bytes, initialize.o(.text))
<BR><BR>[Stack]<UL><LI>Max Depth = 24<LI>Call Chain = System_InterruptConfig &rArr; NVIC_Init
</UL>
<BR>[Calls]<UL><LI><a href="#[268b57c]">&gt;&gt;</a>&nbsp;&nbsp;&nbsp;NVIC_SetVectorTable
<LI><a href="#[268b5b8]">&gt;&gt;</a>&nbsp;&nbsp;&nbsp;NVIC_Init
</UL>
<BR>[Called By]<UL><LI><a href="#[268bb94]">&gt;&gt;</a>&nbsp;&nbsp;&nbsp;Initialize
</UL>

<P><STRONG><a name="[268bcc0]"></a>System_TIMConfig</STRONG> (Thumb, 242 bytes, Stack size 16 bytes, initialize.o(.text))
<BR><BR>[Stack]<UL><LI>Max Depth = 24<LI>Call Chain = System_TIMConfig &rArr; TIM_ITConfig
</UL>
<BR>[Calls]<UL><LI><a href="#[268b0cc]">&gt;&gt;</a>&nbsp;&nbsp;&nbsp;TIM_TimeBaseInit
<LI><a href="#[268b1bc]">&gt;&gt;</a>&nbsp;&nbsp;&nbsp;TIM_ITConfig
<LI><a href="#[268b234]">&gt;&gt;</a>&nbsp;&nbsp;&nbsp;TIM_Cmd
<LI><a href="#[268b4c8]">&gt;&gt;</a>&nbsp;&nbsp;&nbsp;RCC_APB1PeriphClockCmd
</UL>
<BR>[Called By]<UL><LI><a href="#[268bb94]">&gt;&gt;</a>&nbsp;&nbsp;&nbsp;Initialize
</UL>

<P><STRONG><a name="[268bc84]"></a>FSMC_NAND_Init</STRONG> (Thumb, 104 bytes, Stack size 64 bytes, initialize.o(.text))
<BR><BR>[Stack]<UL><LI>Max Depth = 84<LI>Call Chain = FSMC_NAND_Init &rArr; GPIO_Init
</UL>
<BR>[Calls]<UL><LI><a href="#[268b504]">&gt;&gt;</a>&nbsp;&nbsp;&nbsp;RCC_AHBPeriphClockCmd
<LI><a href="#[268b6e4]">&gt;&gt;</a>&nbsp;&nbsp;&nbsp;GPIO_Init
<LI><a href="#[268b798]">&gt;&gt;</a>&nbsp;&nbsp;&nbsp;FSMC_NANDInit
<LI><a href="#[268b7d4]">&gt;&gt;</a>&nbsp;&nbsp;&nbsp;FSMC_NANDCmd
</UL>
<BR>[Called By]<UL><LI><a href="#[2682ef4]">&gt;&gt;</a>&nbsp;&nbsp;&nbsp;FSMC_NAND_Test
<LI><a href="#[268bb94]">&gt;&gt;</a>&nbsp;&nbsp;&nbsp;Initialize
</UL>

<P><STRONG><a name="[268bc48]"></a>FSMC_LCD_Init</STRONG> (Thumb, 138 bytes, Stack size 96 bytes, initialize.o(.text))
<BR><BR>[Stack]<UL><LI>Max Depth = 96<LI>Call Chain = FSMC_LCD_Init
</UL>
<BR>[Calls]<UL><LI><a href="#[268b504]">&gt;&gt;</a>&nbsp;&nbsp;&nbsp;RCC_AHBPeriphClockCmd
<LI><a href="#[268b720]">&gt;&gt;</a>&nbsp;&nbsp;&nbsp;FSMC_NORSRAMInit
<LI><a href="#[268b75c]">&gt;&gt;</a>&nbsp;&nbsp;&nbsp;FSMC_NORSRAMCmd
</UL>
<BR>[Called By]<UL><LI><a href="#[268bb94]">&gt;&gt;</a>&nbsp;&nbsp;&nbsp;Initialize
</UL>

<P><STRONG><a name="[268bc0c]"></a>GPIO_Configuration</STRONG> (Thumb, 416 bytes, Stack size 8 bytes, initialize.o(.text))
<BR><BR>[Stack]<UL><LI>Max Depth = 28<LI>Call Chain = GPIO_Configuration &rArr; GPIO_Init
</UL>
<BR>[Calls]<UL><LI><a href="#[268b48c]">&gt;&gt;</a>&nbsp;&nbsp;&nbsp;RCC_APB2PeriphClockCmd
<LI><a href="#[268b6e4]">&gt;&gt;</a>&nbsp;&nbsp;&nbsp;GPIO_Init
</UL>
<BR>[Called By]<UL><LI><a href="#[268bb94]">&gt;&gt;</a>&nbsp;&nbsp;&nbsp;Initialize
</UL>

<P><STRONG><a name="[268bbd0]"></a>RCC_Configuration</STRONG> (Thumb, 8 bytes, Stack size 8 bytes, initialize.o(.text))
<BR><BR>[Stack]<UL><LI>Max Depth = 24<LI>Call Chain = RCC_Configuration &rArr; SystemInit &rArr; SetSysClock
</UL>
<BR>[Calls]<UL><LI><a href="#[268b324]">&gt;&gt;</a>&nbsp;&nbsp;&nbsp;SystemInit
</UL>
<BR>[Called By]<UL><LI><a href="#[268bb94]">&gt;&gt;</a>&nbsp;&nbsp;&nbsp;Initialize
</UL>

<P><STRONG><a name="[268bb94]"></a>Initialize</STRONG> (Thumb, 192 bytes, Stack size 8 bytes, initialize.o(.text))
<BR><BR>[Stack]<UL><LI>Max Depth = 104<LI>Call Chain = Initialize &rArr; FSMC_LCD_Init
</UL>
<BR>[Calls]<UL><LI><a href="#[268b234]">&gt;&gt;</a>&nbsp;&nbsp;&nbsp;TIM_Cmd
<LI><a href="#[268b2ac]">&gt;&gt;</a>&nbsp;&nbsp;&nbsp;TFT_clear
<LI><a href="#[268b2e8]">&gt;&gt;</a>&nbsp;&nbsp;&nbsp;TFT_Init
<LI><a href="#[268b360]">&gt;&gt;</a>&nbsp;&nbsp;&nbsp;Serial_Open
<LI><a href="#[268b414]">&gt;&gt;</a>&nbsp;&nbsp;&nbsp;SDIO_DeInit
<LI><a href="#[268b450]">&gt;&gt;</a>&nbsp;&nbsp;&nbsp;RTC_Config
<LI><a href="#[268b4c8]">&gt;&gt;</a>&nbsp;&nbsp;&nbsp;RCC_APB1PeriphClockCmd
<LI><a href="#[268b504]">&gt;&gt;</a>&nbsp;&nbsp;&nbsp;RCC_AHBPeriphClockCmd
<LI><a href="#[268b540]">&gt;&gt;</a>&nbsp;&nbsp;&nbsp;RCC_ADCCLKConfig
<LI><a href="#[268b5f4]">&gt;&gt;</a>&nbsp;&nbsp;&nbsp;InitEeprom
<LI><a href="#[268b66c]">&gt;&gt;</a>&nbsp;&nbsp;&nbsp;GPIO_ResetBits
<LI><a href="#[268bbd0]">&gt;&gt;</a>&nbsp;&nbsp;&nbsp;RCC_Configuration
<LI><a href="#[268bc0c]">&gt;&gt;</a>&nbsp;&nbsp;&nbsp;GPIO_Configuration
<LI><a href="#[268bc48]">&gt;&gt;</a>&nbsp;&nbsp;&nbsp;FSMC_LCD_Init
<LI><a href="#[268bc84]">&gt;&gt;</a>&nbsp;&nbsp;&nbsp;FSMC_NAND_Init
<LI><a href="#[268bcc0]">&gt;&gt;</a>&nbsp;&nbsp;&nbsp;System_TIMConfig
<LI><a href="#[268bcfc]">&gt;&gt;</a>&nbsp;&nbsp;&nbsp;System_InterruptConfig
<LI><a href="#[268bd38]">&gt;&gt;</a>&nbsp;&nbsp;&nbsp;TIM8_Configuration
<LI><a href="#[268bd74]">&gt;&gt;</a>&nbsp;&nbsp;&nbsp;Spi_configuration
<LI><a href="#[268bdb0]">&gt;&gt;</a>&nbsp;&nbsp;&nbsp;User_ADC_Configuration
<LI><a href="#[268bdec]">&gt;&gt;</a>&nbsp;&nbsp;&nbsp;DAC_Conf
</UL>
<BR>[Called By]<UL><LI><a href="#[26863b0]">&gt;&gt;</a>&nbsp;&nbsp;&nbsp;main
</UL>

<P><STRONG><a name="[268bb58]"></a>DAC_output</STRONG> (Thumb, 60 bytes, Stack size 16 bytes, initialize.o(.text))
<BR><BR>[Stack]<UL><LI>Max Depth = 24<LI>Call Chain = DAC_output &rArr; DAC_SoftwareTriggerCmd
</UL>
<BR>[Calls]<UL><LI><a href="#[268b810]">&gt;&gt;</a>&nbsp;&nbsp;&nbsp;DAC_SoftwareTriggerCmd
<LI><a href="#[268b84c]">&gt;&gt;</a>&nbsp;&nbsp;&nbsp;DAC_SetChannel2Data
<LI><a href="#[268b888]">&gt;&gt;</a>&nbsp;&nbsp;&nbsp;DAC_SetChannel1Data
</UL>
<BR>[Called By]<UL><LI><a href="#[26863b0]">&gt;&gt;</a>&nbsp;&nbsp;&nbsp;main
</UL>

<P><STRONG><a name="[268a244]"></a>TIM2_IRQHandler</STRONG> (Thumb, 248 bytes, Stack size 8 bytes, interrupt.o(.text))
<BR><BR>[Stack]<UL><LI>Max Depth = 8<LI>Call Chain = TIM2_IRQHandler
</UL>
<BR>[Calls]<UL><LI><a href="#[268986c]">&gt;&gt;</a>&nbsp;&nbsp;&nbsp;TIM_ClearITPendingBit
</UL>
<BR>[Address Reference Count : 1]<UL><LI> startup_stm32f10x_hd.o(RESET)
</UL>
<P><STRONG><a name="[268a208]"></a>data_rotate</STRONG> (Thumb, 306 bytes, Stack size 12 bytes, interrupt.o(.text))
<BR><BR>[Stack]<UL><LI>Max Depth = 12<LI>Call Chain = data_rotate
</UL>
<BR>[Called By]<UL><LI><a href="#[268a1cc]">&gt;&gt;</a>&nbsp;&nbsp;&nbsp;CheckTrandData
</UL>

<P><STRONG><a name="[268a1cc]"></a>CheckTrandData</STRONG> (Thumb, 198 bytes, Stack size 4 bytes, interrupt.o(.text))
<BR><BR>[Stack]<UL><LI>Max Depth = 16<LI>Call Chain = CheckTrandData &rArr; data_rotate
</UL>
<BR>[Calls]<UL><LI><a href="#[268a208]">&gt;&gt;</a>&nbsp;&nbsp;&nbsp;data_rotate
</UL>
<BR>[Called By]<UL><LI><a href="#[268a190]">&gt;&gt;</a>&nbsp;&nbsp;&nbsp;TIM3_IRQHandler
</UL>

<P><STRONG><a name="[268a190]"></a>TIM3_IRQHandler</STRONG> (Thumb, 502 bytes, Stack size 8 bytes, interrupt.o(.text))
<BR><BR>[Stack]<UL><LI>Max Depth = 24<LI>Call Chain = TIM3_IRQHandler &rArr; CheckTrandData &rArr; data_rotate
</UL>
<BR>[Calls]<UL><LI><a href="#[268986c]">&gt;&gt;</a>&nbsp;&nbsp;&nbsp;TIM_ClearITPendingBit
<LI><a href="#[268a1cc]">&gt;&gt;</a>&nbsp;&nbsp;&nbsp;CheckTrandData
<LI><a href="#[268b66c]">&gt;&gt;</a>&nbsp;&nbsp;&nbsp;GPIO_ResetBits
</UL>
<BR>[Address Reference Count : 1]<UL><LI> startup_stm32f10x_hd.o(RESET)
</UL>
<P><STRONG><a name="[268a154]"></a>TIM4_IRQHandler</STRONG> (Thumb, 12 bytes, Stack size 8 bytes, interrupt.o(.text))
<BR><BR>[Stack]<UL><LI>Max Depth = 8<LI>Call Chain = TIM4_IRQHandler
</UL>
<BR>[Calls]<UL><LI><a href="#[268986c]">&gt;&gt;</a>&nbsp;&nbsp;&nbsp;TIM_ClearITPendingBit
</UL>
<BR>[Address Reference Count : 1]<UL><LI> startup_stm32f10x_hd.o(RESET)
</UL>
<P><STRONG><a name="[268a118]"></a>TIM5_IRQHandler</STRONG> (Thumb, 12 bytes, Stack size 8 bytes, interrupt.o(.text))
<BR><BR>[Stack]<UL><LI>Max Depth = 8<LI>Call Chain = TIM5_IRQHandler
</UL>
<BR>[Calls]<UL><LI><a href="#[268986c]">&gt;&gt;</a>&nbsp;&nbsp;&nbsp;TIM_ClearITPendingBit
</UL>
<BR>[Address Reference Count : 1]<UL><LI> startup_stm32f10x_hd.o(RESET)
</UL>
<P><STRONG><a name="[268a0dc]"></a>USART1_IRQHandler</STRONG> (Thumb, 2378 bytes, Stack size 32 bytes, interrupt.o(.text))
<BR><BR>[Stack]<UL><LI>Max Depth = 128<LI>Call Chain = USART1_IRQHandler &rArr; S1PPm_Data_offset_function &rArr; __aeabi_dmul
</UL>
<BR>[Calls]<UL><LI><a href="#[2689704]">&gt;&gt;</a>&nbsp;&nbsp;&nbsp;USART_GetITStatus
<LI><a href="#[2689b3c]">&gt;&gt;</a>&nbsp;&nbsp;&nbsp;S1PPm_Filter_OUT_function
<LI><a href="#[2689b78]">&gt;&gt;</a>&nbsp;&nbsp;&nbsp;S1PPm_Data_offset_function
</UL>
<BR>[Address Reference Count : 1]<UL><LI> startup_stm32f10x_hd.o(RESET)
</UL>
<P><STRONG><a name="[268a0a0]"></a>USART2_IRQHandler</STRONG> (Thumb, 172 bytes, Stack size 8 bytes, interrupt.o(.text))
<BR><BR>[Stack]<UL><LI>Max Depth = 24<LI>Call Chain = USART2_IRQHandler &rArr; USART_GetITStatus
</UL>
<BR>[Calls]<UL><LI><a href="#[2689704]">&gt;&gt;</a>&nbsp;&nbsp;&nbsp;USART_GetITStatus
</UL>
<BR>[Address Reference Count : 1]<UL><LI> startup_stm32f10x_hd.o(RESET)
</UL>
<P><STRONG><a name="[268a064]"></a>USART3_IRQHandler</STRONG> (Thumb, 206 bytes, Stack size 8 bytes, interrupt.o(.text))
<BR><BR>[Stack]<UL><LI>Max Depth = 24<LI>Call Chain = USART3_IRQHandler &rArr; USART_GetITStatus
</UL>
<BR>[Calls]<UL><LI><a href="#[2689704]">&gt;&gt;</a>&nbsp;&nbsp;&nbsp;USART_GetITStatus
<LI><a href="#[268b66c]">&gt;&gt;</a>&nbsp;&nbsp;&nbsp;GPIO_ResetBits
</UL>
<BR>[Address Reference Count : 1]<UL><LI> startup_stm32f10x_hd.o(RESET)
</UL>
<P><STRONG><a name="[2687490]"></a>RedrawMainValue</STRONG> (Thumb, 600 bytes, Stack size 24 bytes, main.o(.text))
<BR><BR>[Stack]<UL><LI>Max Depth = 180 + Unknown Stack Size
<LI>Call Chain = RedrawMainValue &rArr; Draw_2CH_TEMP_Number &rArr; NEMERIC_2CH_TEMP &rArr; NAND_ReadData2 &rArr; FSMC_NAND_ReadSmallPage &rArr; FSMC_NAND_GetStatus
</UL>
<BR>[Calls]<UL><LI><a href="#[26851e0]">&gt;&gt;</a>&nbsp;&nbsp;&nbsp;display_2ch_unit_ph
<LI><a href="#[268521c]">&gt;&gt;</a>&nbsp;&nbsp;&nbsp;display_2ch_unit_ec
<LI><a href="#[26853c0]">&gt;&gt;</a>&nbsp;&nbsp;&nbsp;display_2ch_ph
<LI><a href="#[26853fc]">&gt;&gt;</a>&nbsp;&nbsp;&nbsp;display_2ch_ec
<LI><a href="#[2685618]">&gt;&gt;</a>&nbsp;&nbsp;&nbsp;TFT_Fill
<LI><a href="#[2685f78]">&gt;&gt;</a>&nbsp;&nbsp;&nbsp;Draw_2CH_TEMP_Number
<LI><a href="#[2685fb4]">&gt;&gt;</a>&nbsp;&nbsp;&nbsp;Draw_2CH_HOME_Number
<LI><a href="#[38d6e3c]">&gt;&gt;</a>&nbsp;&nbsp;&nbsp;__2sprintf
</UL>
<BR>[Called By]<UL><LI><a href="#[26871c0]">&gt;&gt;</a>&nbsp;&nbsp;&nbsp;Wash1_Run_Handler
<LI><a href="#[26871fc]">&gt;&gt;</a>&nbsp;&nbsp;&nbsp;Set_Relay_OP_Run_Handler
<LI><a href="#[26873a0]">&gt;&gt;</a>&nbsp;&nbsp;&nbsp;RedrawMainView
<LI><a href="#[2687454]">&gt;&gt;</a>&nbsp;&nbsp;&nbsp;RedrawValue
</UL>

<P><STRONG><a name="[2687454]"></a>RedrawValue</STRONG> (Thumb, 272 bytes, Stack size 8 bytes, main.o(.text))
<BR><BR>[Stack]<UL><LI>Max Depth = 196 + Unknown Stack Size
<LI>Call Chain = RedrawValue &rArr; DrawCalibLog &rArr; DrawTinyNumber &rArr; NEMERIC_8X10_BU_W &rArr; NAND_ReadData2 &rArr; FSMC_NAND_ReadSmallPage &rArr; FSMC_NAND_GetStatus
</UL>
<BR>[Calls]<UL><LI><a href="#[2687490]">&gt;&gt;</a>&nbsp;&nbsp;&nbsp;RedrawMainValue
<LI><a href="#[268d4a8]">&gt;&gt;</a>&nbsp;&nbsp;&nbsp;DrawCalibLog
</UL>
<BR>[Called By]<UL><LI><a href="#[2685654]">&gt;&gt;</a>&nbsp;&nbsp;&nbsp;SensorComHandler
<LI><a href="#[2686518]">&gt;&gt;</a>&nbsp;&nbsp;&nbsp;State_Main
<LI><a href="#[26866bc]">&gt;&gt;</a>&nbsp;&nbsp;&nbsp;State_Trend
<LI><a href="#[2686d10]">&gt;&gt;</a>&nbsp;&nbsp;&nbsp;State_CalibLog
<LI><a href="#[26871c0]">&gt;&gt;</a>&nbsp;&nbsp;&nbsp;Wash1_Run_Handler
<LI><a href="#[26871fc]">&gt;&gt;</a>&nbsp;&nbsp;&nbsp;Set_Relay_OP_Run_Handler
</UL>

<P><STRONG><a name="[2687418]"></a>RedrawTitle_Main</STRONG> (Thumb, 8 bytes, Stack size 8 bytes, main.o(.text))
<BR><BR>[Stack]<UL><LI>Max Depth = 124<LI>Call Chain = RedrawTitle_Main &rArr; display_home &rArr; NAND_ReadData2 &rArr; FSMC_NAND_ReadSmallPage &rArr; FSMC_NAND_GetStatus
</UL>
<BR>[Calls]<UL><LI><a href="#[2684b50]">&gt;&gt;</a>&nbsp;&nbsp;&nbsp;display_home
</UL>
<BR>[Called By]<UL><LI><a href="#[2686518]">&gt;&gt;</a>&nbsp;&nbsp;&nbsp;State_Main
</UL>

<P><STRONG><a name="[26873dc]"></a>RedrawTitle</STRONG> (Thumb, 22 bytes, Stack size 8 bytes, main.o(.text))
<BR><BR>[Stack]<UL><LI>Max Depth = 124<LI>Call Chain = RedrawTitle &rArr; display_elec &rArr; NAND_ReadData2 &rArr; FSMC_NAND_ReadSmallPage &rArr; FSMC_NAND_GetStatus
</UL>
<BR>[Calls]<UL><LI><a href="#[2684c04]">&gt;&gt;</a>&nbsp;&nbsp;&nbsp;display_elec
<LI><a href="#[268503c]">&gt;&gt;</a>&nbsp;&nbsp;&nbsp;display_O2
</UL>
<BR>[Called By]<UL><LI><a href="#[26862fc]">&gt;&gt;</a>&nbsp;&nbsp;&nbsp;State_CalibManual
<LI><a href="#[2686338]">&gt;&gt;</a>&nbsp;&nbsp;&nbsp;State_CalibZero
<LI><a href="#[2686554]">&gt;&gt;</a>&nbsp;&nbsp;&nbsp;State_Menu
<LI><a href="#[26865cc]">&gt;&gt;</a>&nbsp;&nbsp;&nbsp;State_Config
<LI><a href="#[2686644]">&gt;&gt;</a>&nbsp;&nbsp;&nbsp;State_Calib
<LI><a href="#[26866bc]">&gt;&gt;</a>&nbsp;&nbsp;&nbsp;State_Trend
<LI><a href="#[2686734]">&gt;&gt;</a>&nbsp;&nbsp;&nbsp;State_Alarm
<LI><a href="#[2686770]">&gt;&gt;</a>&nbsp;&nbsp;&nbsp;State_Diagnostic
<LI><a href="#[26867ac]">&gt;&gt;</a>&nbsp;&nbsp;&nbsp;State_ConfigOutput
<LI><a href="#[2686860]">&gt;&gt;</a>&nbsp;&nbsp;&nbsp;State_ConfigOutput2
<LI><a href="#[2686914]">&gt;&gt;</a>&nbsp;&nbsp;&nbsp;State_ConfigComm
<LI><a href="#[2686950]">&gt;&gt;</a>&nbsp;&nbsp;&nbsp;State_ConfigEthernet
<LI><a href="#[268698c]">&gt;&gt;</a>&nbsp;&nbsp;&nbsp;State_ConfigRelay
<LI><a href="#[2686a04]">&gt;&gt;</a>&nbsp;&nbsp;&nbsp;State_ConfigTime
<LI><a href="#[2686a40]">&gt;&gt;</a>&nbsp;&nbsp;&nbsp;State_ConfigAdjust
<LI><a href="#[2686ab8]">&gt;&gt;</a>&nbsp;&nbsp;&nbsp;State_CalibBuff
<LI><a href="#[2686b30]">&gt;&gt;</a>&nbsp;&nbsp;&nbsp;State_CalibBuff_EC
<LI><a href="#[2686b6c]">&gt;&gt;</a>&nbsp;&nbsp;&nbsp;State_CalibBuffPH4
<LI><a href="#[2686ba8]">&gt;&gt;</a>&nbsp;&nbsp;&nbsp;State_CalibBuffPH7
<LI><a href="#[2686be4]">&gt;&gt;</a>&nbsp;&nbsp;&nbsp;State_CalibSpan
<LI><a href="#[2686c20]">&gt;&gt;</a>&nbsp;&nbsp;&nbsp;State_CalibTemp
<LI><a href="#[2686cd4]">&gt;&gt;</a>&nbsp;&nbsp;&nbsp;State_CalibS2Cycle
<LI><a href="#[2686d10]">&gt;&gt;</a>&nbsp;&nbsp;&nbsp;State_CalibLog
<LI><a href="#[2686d4c]">&gt;&gt;</a>&nbsp;&nbsp;&nbsp;State_ConfigRelayRelay1
<LI><a href="#[2686dc4]">&gt;&gt;</a>&nbsp;&nbsp;&nbsp;State_ConfigRelayRelay2
<LI><a href="#[2686e3c]">&gt;&gt;</a>&nbsp;&nbsp;&nbsp;State_ConfigRelayRelay3
<LI><a href="#[2686ef0]">&gt;&gt;</a>&nbsp;&nbsp;&nbsp;State_ConfigAdjustGradient
<LI><a href="#[2686f2c]">&gt;&gt;</a>&nbsp;&nbsp;&nbsp;State_ConfigAdjustOffset
<LI><a href="#[2686f68]">&gt;&gt;</a>&nbsp;&nbsp;&nbsp;State_ConfigAdjustFilter
<LI><a href="#[2686fa4]">&gt;&gt;</a>&nbsp;&nbsp;&nbsp;State_ConfigAdjustFactoryReset
<LI><a href="#[268701c]">&gt;&gt;</a>&nbsp;&nbsp;&nbsp;State_ConfigRelayRelay1AutoWash
<LI><a href="#[2687058]">&gt;&gt;</a>&nbsp;&nbsp;&nbsp;State_ConfigRelayRelay1manualWASH
<LI><a href="#[2687094]">&gt;&gt;</a>&nbsp;&nbsp;&nbsp;State_ConfigRelayRelay2AutoAlarm
<LI><a href="#[26870d0]">&gt;&gt;</a>&nbsp;&nbsp;&nbsp;State_ConfigRelayRelay2AlarmOFF
<LI><a href="#[268710c]">&gt;&gt;</a>&nbsp;&nbsp;&nbsp;State_ConfigRelayRelay3SetOP
<LI><a href="#[2687148]">&gt;&gt;</a>&nbsp;&nbsp;&nbsp;State_ConfigRelayRelay3manualOP
</UL>

<P><STRONG><a name="[26873a0]"></a>RedrawMainView</STRONG> (Thumb, 12 bytes, Stack size 8 bytes, main.o(.text))
<BR><BR>[Stack]<UL><LI>Max Depth = 188 + Unknown Stack Size
<LI>Call Chain = RedrawMainView &rArr; RedrawMainValue &rArr; Draw_2CH_TEMP_Number &rArr; NEMERIC_2CH_TEMP &rArr; NAND_ReadData2 &rArr; FSMC_NAND_ReadSmallPage &rArr; FSMC_NAND_GetStatus
</UL>
<BR>[Calls]<UL><LI><a href="#[268620c]">&gt;&gt;</a>&nbsp;&nbsp;&nbsp;ClearViewArea
<LI><a href="#[2687490]">&gt;&gt;</a>&nbsp;&nbsp;&nbsp;RedrawMainValue
</UL>
<BR>[Called By]<UL><LI><a href="#[26862fc]">&gt;&gt;</a>&nbsp;&nbsp;&nbsp;State_CalibManual
<LI><a href="#[2686338]">&gt;&gt;</a>&nbsp;&nbsp;&nbsp;State_CalibZero
<LI><a href="#[26866bc]">&gt;&gt;</a>&nbsp;&nbsp;&nbsp;State_Trend
<LI><a href="#[2686734]">&gt;&gt;</a>&nbsp;&nbsp;&nbsp;State_Alarm
<LI><a href="#[2686770]">&gt;&gt;</a>&nbsp;&nbsp;&nbsp;State_Diagnostic
<LI><a href="#[26867ac]">&gt;&gt;</a>&nbsp;&nbsp;&nbsp;State_ConfigOutput
<LI><a href="#[2686860]">&gt;&gt;</a>&nbsp;&nbsp;&nbsp;State_ConfigOutput2
<LI><a href="#[2686914]">&gt;&gt;</a>&nbsp;&nbsp;&nbsp;State_ConfigComm
<LI><a href="#[2686950]">&gt;&gt;</a>&nbsp;&nbsp;&nbsp;State_ConfigEthernet
<LI><a href="#[2686a04]">&gt;&gt;</a>&nbsp;&nbsp;&nbsp;State_ConfigTime
<LI><a href="#[2686a40]">&gt;&gt;</a>&nbsp;&nbsp;&nbsp;State_ConfigAdjust
<LI><a href="#[2686b30]">&gt;&gt;</a>&nbsp;&nbsp;&nbsp;State_CalibBuff_EC
<LI><a href="#[2686b6c]">&gt;&gt;</a>&nbsp;&nbsp;&nbsp;State_CalibBuffPH4
<LI><a href="#[2686ba8]">&gt;&gt;</a>&nbsp;&nbsp;&nbsp;State_CalibBuffPH7
<LI><a href="#[2686be4]">&gt;&gt;</a>&nbsp;&nbsp;&nbsp;State_CalibSpan
<LI><a href="#[2686c20]">&gt;&gt;</a>&nbsp;&nbsp;&nbsp;State_CalibTemp
<LI><a href="#[2686cd4]">&gt;&gt;</a>&nbsp;&nbsp;&nbsp;State_CalibS2Cycle
<LI><a href="#[2686d10]">&gt;&gt;</a>&nbsp;&nbsp;&nbsp;State_CalibLog
<LI><a href="#[2686dc4]">&gt;&gt;</a>&nbsp;&nbsp;&nbsp;State_ConfigRelayRelay2
<LI><a href="#[2686ef0]">&gt;&gt;</a>&nbsp;&nbsp;&nbsp;State_ConfigAdjustGradient
<LI><a href="#[2686f2c]">&gt;&gt;</a>&nbsp;&nbsp;&nbsp;State_ConfigAdjustOffset
<LI><a href="#[2686f68]">&gt;&gt;</a>&nbsp;&nbsp;&nbsp;State_ConfigAdjustFilter
<LI><a href="#[2686fa4]">&gt;&gt;</a>&nbsp;&nbsp;&nbsp;State_ConfigAdjustFactoryReset
<LI><a href="#[268701c]">&gt;&gt;</a>&nbsp;&nbsp;&nbsp;State_ConfigRelayRelay1AutoWash
<LI><a href="#[2687058]">&gt;&gt;</a>&nbsp;&nbsp;&nbsp;State_ConfigRelayRelay1manualWASH
<LI><a href="#[268710c]">&gt;&gt;</a>&nbsp;&nbsp;&nbsp;State_ConfigRelayRelay3SetOP
<LI><a href="#[2687148]">&gt;&gt;</a>&nbsp;&nbsp;&nbsp;State_ConfigRelayRelay3manualOP
<LI><a href="#[2687364]">&gt;&gt;</a>&nbsp;&nbsp;&nbsp;RedrawViewArea
</UL>

<P><STRONG><a name="[2687364]"></a>RedrawViewArea</STRONG> (Thumb, 5760 bytes, Stack size 24 bytes, main.o(.text))
<BR><BR>[Stack]<UL><LI>Max Depth = 212 + Unknown Stack Size
<LI>Call Chain = RedrawViewArea &rArr; RedrawMainView &rArr; RedrawMainValue &rArr; Draw_2CH_TEMP_Number &rArr; NEMERIC_2CH_TEMP &rArr; NAND_ReadData2 &rArr; FSMC_NAND_ReadSmallPage &rArr; FSMC_NAND_GetStatus
</UL>
<BR>[Calls]<UL><LI><a href="#[2683cc8]">&gt;&gt;</a>&nbsp;&nbsp;&nbsp;display_zero_alarm
<LI><a href="#[2683d04]">&gt;&gt;</a>&nbsp;&nbsp;&nbsp;display_zero
<LI><a href="#[2683d40]">&gt;&gt;</a>&nbsp;&nbsp;&nbsp;display_year
<LI><a href="#[2683d7c]">&gt;&gt;</a>&nbsp;&nbsp;&nbsp;display_value_scale
<LI><a href="#[2683db8]">&gt;&gt;</a>&nbsp;&nbsp;&nbsp;display_value_min
<LI><a href="#[2683df4]">&gt;&gt;</a>&nbsp;&nbsp;&nbsp;display_value_max
<LI><a href="#[2683e30]">&gt;&gt;</a>&nbsp;&nbsp;&nbsp;display_time
<LI><a href="#[2683e6c]">&gt;&gt;</a>&nbsp;&nbsp;&nbsp;display_temp
<LI><a href="#[2683ea8]">&gt;&gt;</a>&nbsp;&nbsp;&nbsp;display_subnet
<LI><a href="#[2683ee4]">&gt;&gt;</a>&nbsp;&nbsp;&nbsp;display_span
<LI><a href="#[2683f20]">&gt;&gt;</a>&nbsp;&nbsp;&nbsp;display_slope
<LI><a href="#[2683f98]">&gt;&gt;</a>&nbsp;&nbsp;&nbsp;display_set_time
<LI><a href="#[2684010]">&gt;&gt;</a>&nbsp;&nbsp;&nbsp;display_set_period
<LI><a href="#[2684664]">&gt;&gt;</a>&nbsp;&nbsp;&nbsp;display_set11_stop
<LI><a href="#[26846a0]">&gt;&gt;</a>&nbsp;&nbsp;&nbsp;display_set11_run
<LI><a href="#[26846dc]">&gt;&gt;</a>&nbsp;&nbsp;&nbsp;display_set10_sensor
<LI><a href="#[2684718]">&gt;&gt;</a>&nbsp;&nbsp;&nbsp;display_sec
<LI><a href="#[2684754]">&gt;&gt;</a>&nbsp;&nbsp;&nbsp;display_port
<LI><a href="#[2684790]">&gt;&gt;</a>&nbsp;&nbsp;&nbsp;display_ph7
<LI><a href="#[26847cc]">&gt;&gt;</a>&nbsp;&nbsp;&nbsp;display_ph4
<LI><a href="#[2684808]">&gt;&gt;</a>&nbsp;&nbsp;&nbsp;display_offset
<LI><a href="#[2684844]">&gt;&gt;</a>&nbsp;&nbsp;&nbsp;display_mon
<LI><a href="#[2684880]">&gt;&gt;</a>&nbsp;&nbsp;&nbsp;display_min
<LI><a href="#[26848bc]">&gt;&gt;</a>&nbsp;&nbsp;&nbsp;display_message_STOP
<LI><a href="#[26848f8]">&gt;&gt;</a>&nbsp;&nbsp;&nbsp;display_message6
<LI><a href="#[26849e8]">&gt;&gt;</a>&nbsp;&nbsp;&nbsp;display_message1
<LI><a href="#[2684a24]">&gt;&gt;</a>&nbsp;&nbsp;&nbsp;display_manwash
<LI><a href="#[2684a60]">&gt;&gt;</a>&nbsp;&nbsp;&nbsp;display_mV_1
<LI><a href="#[2684ad8]">&gt;&gt;</a>&nbsp;&nbsp;&nbsp;display_init
<LI><a href="#[2684b14]">&gt;&gt;</a>&nbsp;&nbsp;&nbsp;display_hour
<LI><a href="#[2684b8c]">&gt;&gt;</a>&nbsp;&nbsp;&nbsp;display_gateway
<LI><a href="#[2684bc8]">&gt;&gt;</a>&nbsp;&nbsp;&nbsp;display_filter
<LI><a href="#[2684c40]">&gt;&gt;</a>&nbsp;&nbsp;&nbsp;display_diag
<LI><a href="#[2684c7c]">&gt;&gt;</a>&nbsp;&nbsp;&nbsp;display_day
<LI><a href="#[2684cb8]">&gt;&gt;</a>&nbsp;&nbsp;&nbsp;display_comm_number
<LI><a href="#[2684cf4]">&gt;&gt;</a>&nbsp;&nbsp;&nbsp;display_comm_method
<LI><a href="#[2684d30]">&gt;&gt;</a>&nbsp;&nbsp;&nbsp;display_comm_databit
<LI><a href="#[2684d6c]">&gt;&gt;</a>&nbsp;&nbsp;&nbsp;display_comm_baud
<LI><a href="#[2684da8]">&gt;&gt;</a>&nbsp;&nbsp;&nbsp;display_comm
<LI><a href="#[2684de4]">&gt;&gt;</a>&nbsp;&nbsp;&nbsp;display_buff
<LI><a href="#[2684e20]">&gt;&gt;</a>&nbsp;&nbsp;&nbsp;display_autowash
<LI><a href="#[2684e98]">&gt;&gt;</a>&nbsp;&nbsp;&nbsp;display_analog
<LI><a href="#[2684f4c]">&gt;&gt;</a>&nbsp;&nbsp;&nbsp;display_act_set
<LI><a href="#[2684f88]">&gt;&gt;</a>&nbsp;&nbsp;&nbsp;display_act_manual
<LI><a href="#[2685078]">&gt;&gt;</a>&nbsp;&nbsp;&nbsp;display_IP_addr
<LI><a href="#[26850b4]">&gt;&gt;</a>&nbsp;&nbsp;&nbsp;display_Ethernet2
<LI><a href="#[2685168]">&gt;&gt;</a>&nbsp;&nbsp;&nbsp;display_4mA
<LI><a href="#[2685258]">&gt;&gt;</a>&nbsp;&nbsp;&nbsp;display_2ch_small_unit_ph
<LI><a href="#[2685294]">&gt;&gt;</a>&nbsp;&nbsp;&nbsp;display_2ch_small_unit_ec
<LI><a href="#[2685438]">&gt;&gt;</a>&nbsp;&nbsp;&nbsp;display_20mA
<LI><a href="#[2685618]">&gt;&gt;</a>&nbsp;&nbsp;&nbsp;TFT_Fill
<LI><a href="#[2685d98]">&gt;&gt;</a>&nbsp;&nbsp;&nbsp;Draw_Back_Oval4_uscm
<LI><a href="#[2685dd4]">&gt;&gt;</a>&nbsp;&nbsp;&nbsp;Draw_Back_Oval4
<LI><a href="#[2685e10]">&gt;&gt;</a>&nbsp;&nbsp;&nbsp;Draw_Back_Oval3_uscm
<LI><a href="#[2685e4c]">&gt;&gt;</a>&nbsp;&nbsp;&nbsp;Draw_Back_Oval3_min
<LI><a href="#[2685e88]">&gt;&gt;</a>&nbsp;&nbsp;&nbsp;Draw_Back_Oval3
<LI><a href="#[2685ec4]">&gt;&gt;</a>&nbsp;&nbsp;&nbsp;Draw_Back_Oval2_min
<LI><a href="#[2685f00]">&gt;&gt;</a>&nbsp;&nbsp;&nbsp;Draw_Back_Oval2_c
<LI><a href="#[2685f3c]">&gt;&gt;</a>&nbsp;&nbsp;&nbsp;Draw_Back_Oval2
<LI><a href="#[2685ff0]">&gt;&gt;</a>&nbsp;&nbsp;&nbsp;DrawLineRectangle
<LI><a href="#[2686158]">&gt;&gt;</a>&nbsp;&nbsp;&nbsp;ClearViewArea4
<LI><a href="#[2686194]">&gt;&gt;</a>&nbsp;&nbsp;&nbsp;ClearViewArea3
<LI><a href="#[26861d0]">&gt;&gt;</a>&nbsp;&nbsp;&nbsp;ClearViewArea2
<LI><a href="#[268620c]">&gt;&gt;</a>&nbsp;&nbsp;&nbsp;ClearViewArea
<LI><a href="#[26873a0]">&gt;&gt;</a>&nbsp;&nbsp;&nbsp;RedrawMainView
<LI><a href="#[268c788]">&gt;&gt;</a>&nbsp;&nbsp;&nbsp;display_back_graph
<LI><a href="#[268c7c4]">&gt;&gt;</a>&nbsp;&nbsp;&nbsp;display_Ethernet
<LI><a href="#[268ce54]">&gt;&gt;</a>&nbsp;&nbsp;&nbsp;Draw_Back_Oval6
<LI><a href="#[268cecc]">&gt;&gt;</a>&nbsp;&nbsp;&nbsp;DrawSmallNumber
<LI><a href="#[268cf08]">&gt;&gt;</a>&nbsp;&nbsp;&nbsp;DrawMediumNumber
<LI><a href="#[38d6e3c]">&gt;&gt;</a>&nbsp;&nbsp;&nbsp;__2sprintf
</UL>
<BR>[Called By]<UL><LI><a href="#[26862fc]">&gt;&gt;</a>&nbsp;&nbsp;&nbsp;State_CalibManual
<LI><a href="#[2686338]">&gt;&gt;</a>&nbsp;&nbsp;&nbsp;State_CalibZero
<LI><a href="#[2686518]">&gt;&gt;</a>&nbsp;&nbsp;&nbsp;State_Main
<LI><a href="#[26866bc]">&gt;&gt;</a>&nbsp;&nbsp;&nbsp;State_Trend
<LI><a href="#[2686734]">&gt;&gt;</a>&nbsp;&nbsp;&nbsp;State_Alarm
<LI><a href="#[2686770]">&gt;&gt;</a>&nbsp;&nbsp;&nbsp;State_Diagnostic
<LI><a href="#[26867ac]">&gt;&gt;</a>&nbsp;&nbsp;&nbsp;State_ConfigOutput
<LI><a href="#[2686860]">&gt;&gt;</a>&nbsp;&nbsp;&nbsp;State_ConfigOutput2
<LI><a href="#[2686914]">&gt;&gt;</a>&nbsp;&nbsp;&nbsp;State_ConfigComm
<LI><a href="#[2686950]">&gt;&gt;</a>&nbsp;&nbsp;&nbsp;State_ConfigEthernet
<LI><a href="#[2686a04]">&gt;&gt;</a>&nbsp;&nbsp;&nbsp;State_ConfigTime
<LI><a href="#[2686b30]">&gt;&gt;</a>&nbsp;&nbsp;&nbsp;State_CalibBuff_EC
<LI><a href="#[2686b6c]">&gt;&gt;</a>&nbsp;&nbsp;&nbsp;State_CalibBuffPH4
<LI><a href="#[2686ba8]">&gt;&gt;</a>&nbsp;&nbsp;&nbsp;State_CalibBuffPH7
<LI><a href="#[2686be4]">&gt;&gt;</a>&nbsp;&nbsp;&nbsp;State_CalibSpan
<LI><a href="#[2686c20]">&gt;&gt;</a>&nbsp;&nbsp;&nbsp;State_CalibTemp
<LI><a href="#[2686cd4]">&gt;&gt;</a>&nbsp;&nbsp;&nbsp;State_CalibS2Cycle
<LI><a href="#[2686d10]">&gt;&gt;</a>&nbsp;&nbsp;&nbsp;State_CalibLog
<LI><a href="#[2686ef0]">&gt;&gt;</a>&nbsp;&nbsp;&nbsp;State_ConfigAdjustGradient
<LI><a href="#[2686f2c]">&gt;&gt;</a>&nbsp;&nbsp;&nbsp;State_ConfigAdjustOffset
<LI><a href="#[2686f68]">&gt;&gt;</a>&nbsp;&nbsp;&nbsp;State_ConfigAdjustFilter
<LI><a href="#[2686fa4]">&gt;&gt;</a>&nbsp;&nbsp;&nbsp;State_ConfigAdjustFactoryReset
<LI><a href="#[268701c]">&gt;&gt;</a>&nbsp;&nbsp;&nbsp;State_ConfigRelayRelay1AutoWash
<LI><a href="#[2687058]">&gt;&gt;</a>&nbsp;&nbsp;&nbsp;State_ConfigRelayRelay1manualWASH
<LI><a href="#[2687094]">&gt;&gt;</a>&nbsp;&nbsp;&nbsp;State_ConfigRelayRelay2AutoAlarm
<LI><a href="#[26870d0]">&gt;&gt;</a>&nbsp;&nbsp;&nbsp;State_ConfigRelayRelay2AlarmOFF
<LI><a href="#[268710c]">&gt;&gt;</a>&nbsp;&nbsp;&nbsp;State_ConfigRelayRelay3SetOP
<LI><a href="#[2687148]">&gt;&gt;</a>&nbsp;&nbsp;&nbsp;State_ConfigRelayRelay3manualOP
</UL>

<P><STRONG><a name="[2687328]"></a>RedrawTime</STRONG> (Thumb, 262 bytes, Stack size 8 bytes, main.o(.text))
<BR><BR>[Stack]<UL><LI>Max Depth = 164 + Unknown Stack Size
<LI>Call Chain = RedrawTime &rArr; DrawSmallNumber &rArr; NEMERIC_12X16_BK_W &rArr; NAND_ReadData2 &rArr; FSMC_NAND_ReadSmallPage &rArr; FSMC_NAND_GetStatus
</UL>
<BR>[Calls]<UL><LI><a href="#[26855a0]">&gt;&gt;</a>&nbsp;&nbsp;&nbsp;Time_GetCalendarTime
<LI><a href="#[2685d5c]">&gt;&gt;</a>&nbsp;&nbsp;&nbsp;Draw_Back_Oval_140x42
<LI><a href="#[268cecc]">&gt;&gt;</a>&nbsp;&nbsp;&nbsp;DrawSmallNumber
<LI><a href="#[38d57f8]">&gt;&gt;</a>&nbsp;&nbsp;&nbsp;__aeabi_memcpy4
<LI><a href="#[38d6e3c]">&gt;&gt;</a>&nbsp;&nbsp;&nbsp;__2sprintf
</UL>
<BR>[Called By]<UL><LI><a href="#[26872ec]">&gt;&gt;</a>&nbsp;&nbsp;&nbsp;RedrawBottomArea
</UL>

<P><STRONG><a name="[26872ec]"></a>RedrawBottomArea</STRONG> (Thumb, 666 bytes, Stack size 8 bytes, main.o(.text))
<BR><BR>[Stack]<UL><LI>Max Depth = 172 + Unknown Stack Size
<LI>Call Chain = RedrawBottomArea &rArr; RedrawTime &rArr; DrawSmallNumber &rArr; NEMERIC_12X16_BK_W &rArr; NAND_ReadData2 &rArr; FSMC_NAND_ReadSmallPage &rArr; FSMC_NAND_GetStatus
</UL>
<BR>[Calls]<UL><LI><a href="#[2683f5c]">&gt;&gt;</a>&nbsp;&nbsp;&nbsp;display_set_trand
<LI><a href="#[2683fd4]">&gt;&gt;</a>&nbsp;&nbsp;&nbsp;display_set_set
<LI><a href="#[268404c]">&gt;&gt;</a>&nbsp;&nbsp;&nbsp;display_set_diag
<LI><a href="#[2684088]">&gt;&gt;</a>&nbsp;&nbsp;&nbsp;display_set_cal
<LI><a href="#[26840c4]">&gt;&gt;</a>&nbsp;&nbsp;&nbsp;display_set_alarm
<LI><a href="#[2684100]">&gt;&gt;</a>&nbsp;&nbsp;&nbsp;display_set8_noalarm
<LI><a href="#[268413c]">&gt;&gt;</a>&nbsp;&nbsp;&nbsp;display_set8_autoalarm
<LI><a href="#[2684178]">&gt;&gt;</a>&nbsp;&nbsp;&nbsp;display_set7_manwash
<LI><a href="#[26841b4]">&gt;&gt;</a>&nbsp;&nbsp;&nbsp;display_set7_autowash
<LI><a href="#[26841f0]">&gt;&gt;</a>&nbsp;&nbsp;&nbsp;display_set6_set
<LI><a href="#[268422c]">&gt;&gt;</a>&nbsp;&nbsp;&nbsp;display_set6_passive
<LI><a href="#[2684268]">&gt;&gt;</a>&nbsp;&nbsp;&nbsp;display_set5_relay
<LI><a href="#[26842a4]">&gt;&gt;</a>&nbsp;&nbsp;&nbsp;display_set5_clean
<LI><a href="#[26842e0]">&gt;&gt;</a>&nbsp;&nbsp;&nbsp;display_set5_alarm
<LI><a href="#[268431c]">&gt;&gt;</a>&nbsp;&nbsp;&nbsp;display_set4_slope
<LI><a href="#[2684358]">&gt;&gt;</a>&nbsp;&nbsp;&nbsp;display_set4_offset
<LI><a href="#[2684394]">&gt;&gt;</a>&nbsp;&nbsp;&nbsp;display_set4_init
<LI><a href="#[26843d0]">&gt;&gt;</a>&nbsp;&nbsp;&nbsp;display_set4_filter
<LI><a href="#[268440c]">&gt;&gt;</a>&nbsp;&nbsp;&nbsp;display_set3_zero
<LI><a href="#[2684448]">&gt;&gt;</a>&nbsp;&nbsp;&nbsp;display_set3_temp
<LI><a href="#[2684484]">&gt;&gt;</a>&nbsp;&nbsp;&nbsp;display_set3_span
<LI><a href="#[26844c0]">&gt;&gt;</a>&nbsp;&nbsp;&nbsp;display_set3_log
<LI><a href="#[26844fc]">&gt;&gt;</a>&nbsp;&nbsp;&nbsp;display_set3_buff
<LI><a href="#[2684538]">&gt;&gt;</a>&nbsp;&nbsp;&nbsp;display_set2_time
<LI><a href="#[2684574]">&gt;&gt;</a>&nbsp;&nbsp;&nbsp;display_set2_relay
<LI><a href="#[26845b0]">&gt;&gt;</a>&nbsp;&nbsp;&nbsp;display_set2_comm
<LI><a href="#[26845ec]">&gt;&gt;</a>&nbsp;&nbsp;&nbsp;display_set2_calib
<LI><a href="#[2684628]">&gt;&gt;</a>&nbsp;&nbsp;&nbsp;display_set2_analog
<LI><a href="#[2684970]">&gt;&gt;</a>&nbsp;&nbsp;&nbsp;display_message3
<LI><a href="#[2684f10]">&gt;&gt;</a>&nbsp;&nbsp;&nbsp;display_alarm
<LI><a href="#[2684fc4]">&gt;&gt;</a>&nbsp;&nbsp;&nbsp;display_RS_485
<LI><a href="#[2685000]">&gt;&gt;</a>&nbsp;&nbsp;&nbsp;display_RS_232
<LI><a href="#[26851a4]">&gt;&gt;</a>&nbsp;&nbsp;&nbsp;display_4_20mA
<LI><a href="#[2685618]">&gt;&gt;</a>&nbsp;&nbsp;&nbsp;TFT_Fill
<LI><a href="#[2686194]">&gt;&gt;</a>&nbsp;&nbsp;&nbsp;ClearViewArea3
<LI><a href="#[2686248]">&gt;&gt;</a>&nbsp;&nbsp;&nbsp;ClearBottomArea
<LI><a href="#[2687328]">&gt;&gt;</a>&nbsp;&nbsp;&nbsp;RedrawTime
</UL>
<BR>[Called By]<UL><LI><a href="#[26862fc]">&gt;&gt;</a>&nbsp;&nbsp;&nbsp;State_CalibManual
<LI><a href="#[2686338]">&gt;&gt;</a>&nbsp;&nbsp;&nbsp;State_CalibZero
<LI><a href="#[2686518]">&gt;&gt;</a>&nbsp;&nbsp;&nbsp;State_Main
<LI><a href="#[2686554]">&gt;&gt;</a>&nbsp;&nbsp;&nbsp;State_Menu
<LI><a href="#[26865cc]">&gt;&gt;</a>&nbsp;&nbsp;&nbsp;State_Config
<LI><a href="#[2686644]">&gt;&gt;</a>&nbsp;&nbsp;&nbsp;State_Calib
<LI><a href="#[26866bc]">&gt;&gt;</a>&nbsp;&nbsp;&nbsp;State_Trend
<LI><a href="#[2686734]">&gt;&gt;</a>&nbsp;&nbsp;&nbsp;State_Alarm
<LI><a href="#[2686770]">&gt;&gt;</a>&nbsp;&nbsp;&nbsp;State_Diagnostic
<LI><a href="#[26867ac]">&gt;&gt;</a>&nbsp;&nbsp;&nbsp;State_ConfigOutput
<LI><a href="#[2686860]">&gt;&gt;</a>&nbsp;&nbsp;&nbsp;State_ConfigOutput2
<LI><a href="#[2686914]">&gt;&gt;</a>&nbsp;&nbsp;&nbsp;State_ConfigComm
<LI><a href="#[2686950]">&gt;&gt;</a>&nbsp;&nbsp;&nbsp;State_ConfigEthernet
<LI><a href="#[268698c]">&gt;&gt;</a>&nbsp;&nbsp;&nbsp;State_ConfigRelay
<LI><a href="#[2686a04]">&gt;&gt;</a>&nbsp;&nbsp;&nbsp;State_ConfigTime
<LI><a href="#[2686a40]">&gt;&gt;</a>&nbsp;&nbsp;&nbsp;State_ConfigAdjust
<LI><a href="#[2686ab8]">&gt;&gt;</a>&nbsp;&nbsp;&nbsp;State_CalibBuff
<LI><a href="#[2686b30]">&gt;&gt;</a>&nbsp;&nbsp;&nbsp;State_CalibBuff_EC
<LI><a href="#[2686b6c]">&gt;&gt;</a>&nbsp;&nbsp;&nbsp;State_CalibBuffPH4
<LI><a href="#[2686ba8]">&gt;&gt;</a>&nbsp;&nbsp;&nbsp;State_CalibBuffPH7
<LI><a href="#[2686be4]">&gt;&gt;</a>&nbsp;&nbsp;&nbsp;State_CalibSpan
<LI><a href="#[2686c20]">&gt;&gt;</a>&nbsp;&nbsp;&nbsp;State_CalibTemp
<LI><a href="#[2686cd4]">&gt;&gt;</a>&nbsp;&nbsp;&nbsp;State_CalibS2Cycle
<LI><a href="#[2686d10]">&gt;&gt;</a>&nbsp;&nbsp;&nbsp;State_CalibLog
<LI><a href="#[2686d4c]">&gt;&gt;</a>&nbsp;&nbsp;&nbsp;State_ConfigRelayRelay1
<LI><a href="#[2686dc4]">&gt;&gt;</a>&nbsp;&nbsp;&nbsp;State_ConfigRelayRelay2
<LI><a href="#[2686e3c]">&gt;&gt;</a>&nbsp;&nbsp;&nbsp;State_ConfigRelayRelay3
<LI><a href="#[2686ef0]">&gt;&gt;</a>&nbsp;&nbsp;&nbsp;State_ConfigAdjustGradient
<LI><a href="#[2686f2c]">&gt;&gt;</a>&nbsp;&nbsp;&nbsp;State_ConfigAdjustOffset
<LI><a href="#[2686f68]">&gt;&gt;</a>&nbsp;&nbsp;&nbsp;State_ConfigAdjustFilter
<LI><a href="#[2686fa4]">&gt;&gt;</a>&nbsp;&nbsp;&nbsp;State_ConfigAdjustFactoryReset
<LI><a href="#[268701c]">&gt;&gt;</a>&nbsp;&nbsp;&nbsp;State_ConfigRelayRelay1AutoWash
<LI><a href="#[2687058]">&gt;&gt;</a>&nbsp;&nbsp;&nbsp;State_ConfigRelayRelay1manualWASH
<LI><a href="#[2687094]">&gt;&gt;</a>&nbsp;&nbsp;&nbsp;State_ConfigRelayRelay2AutoAlarm
<LI><a href="#[26870d0]">&gt;&gt;</a>&nbsp;&nbsp;&nbsp;State_ConfigRelayRelay2AlarmOFF
<LI><a href="#[268710c]">&gt;&gt;</a>&nbsp;&nbsp;&nbsp;State_ConfigRelayRelay3SetOP
<LI><a href="#[2687148]">&gt;&gt;</a>&nbsp;&nbsp;&nbsp;State_ConfigRelayRelay3manualOP
</UL>

<P><STRONG><a name="[26872b0]"></a>RedrawBottomArea_CH2</STRONG> (Thumb, 48 bytes, Stack size 8 bytes, main.o(.text))
<BR><BR>[Stack]<UL><LI>Max Depth = 124<LI>Call Chain = RedrawBottomArea_CH2 &rArr; display_2ch_set_ph2 &rArr; NAND_ReadData2 &rArr; FSMC_NAND_ReadSmallPage &rArr; FSMC_NAND_GetStatus
</UL>
<BR>[Calls]<UL><LI><a href="#[26852d0]">&gt;&gt;</a>&nbsp;&nbsp;&nbsp;display_2ch_set_ph2
<LI><a href="#[268530c]">&gt;&gt;</a>&nbsp;&nbsp;&nbsp;display_2ch_set_ph1
<LI><a href="#[2685348]">&gt;&gt;</a>&nbsp;&nbsp;&nbsp;display_2ch_set_ec2
<LI><a href="#[2685384]">&gt;&gt;</a>&nbsp;&nbsp;&nbsp;display_2ch_set_ec1
<LI><a href="#[2686248]">&gt;&gt;</a>&nbsp;&nbsp;&nbsp;ClearBottomArea
</UL>
<BR>[Called By]<UL><LI><a href="#[2686518]">&gt;&gt;</a>&nbsp;&nbsp;&nbsp;State_Main
</UL>

<P><STRONG><a name="[2687274]"></a>Delay_10msec</STRONG> (Thumb, 34 bytes, Stack size 8 bytes, main.o(.text))
<BR><BR>[Stack]<UL><LI>Max Depth = 8<LI>Call Chain = Delay_10msec
</UL>
<BR>[Called By]<UL><LI><a href="#[2683c8c]">&gt;&gt;</a>&nbsp;&nbsp;&nbsp;init_tx3Buffer
<LI><a href="#[26863b0]">&gt;&gt;</a>&nbsp;&nbsp;&nbsp;main
</UL>

<P><STRONG><a name="[2687238]"></a>Warning_Process_function</STRONG> (Thumb, 832 bytes, Stack size 8 bytes, main.o(.text))
<BR><BR>[Stack]<UL><LI>Max Depth = 172<LI>Call Chain = Warning_Process_function &rArr; DrawIcon &rArr; NAND_ReadICON &rArr; NAND_ReadData &rArr; FSMC_NAND_ReadSmallPage &rArr; FSMC_NAND_GetStatus
</UL>
<BR>[Calls]<UL><LI><a href="#[2685bb8]">&gt;&gt;</a>&nbsp;&nbsp;&nbsp;GPIO_SetBits
<LI><a href="#[2685bf4]">&gt;&gt;</a>&nbsp;&nbsp;&nbsp;GPIO_ReadInputDataBit
<LI><a href="#[268602c]">&gt;&gt;</a>&nbsp;&nbsp;&nbsp;DrawIcon
<LI><a href="#[268b66c]">&gt;&gt;</a>&nbsp;&nbsp;&nbsp;GPIO_ResetBits
</UL>
<BR>[Called By]<UL><LI><a href="#[26863b0]">&gt;&gt;</a>&nbsp;&nbsp;&nbsp;main
</UL>

<P><STRONG><a name="[26871fc]"></a>Set_Relay_OP_Run_Handler</STRONG> (Thumb, 266 bytes, Stack size 24 bytes, main.o(.text))
<BR><BR>[Stack]<UL><LI>Max Depth = 220 + Unknown Stack Size
<LI>Call Chain = Set_Relay_OP_Run_Handler &rArr; RedrawValue &rArr; DrawCalibLog &rArr; DrawTinyNumber &rArr; NEMERIC_8X10_BU_W &rArr; NAND_ReadData2 &rArr; FSMC_NAND_ReadSmallPage &rArr; FSMC_NAND_GetStatus
</UL>
<BR>[Calls]<UL><LI><a href="#[26849e8]">&gt;&gt;</a>&nbsp;&nbsp;&nbsp;display_message1
<LI><a href="#[2685bb8]">&gt;&gt;</a>&nbsp;&nbsp;&nbsp;GPIO_SetBits
<LI><a href="#[2685bf4]">&gt;&gt;</a>&nbsp;&nbsp;&nbsp;GPIO_ReadInputDataBit
<LI><a href="#[268611c]">&gt;&gt;</a>&nbsp;&nbsp;&nbsp;ClearViewArea5
<LI><a href="#[2687454]">&gt;&gt;</a>&nbsp;&nbsp;&nbsp;RedrawValue
<LI><a href="#[2687490]">&gt;&gt;</a>&nbsp;&nbsp;&nbsp;RedrawMainValue
<LI><a href="#[268b66c]">&gt;&gt;</a>&nbsp;&nbsp;&nbsp;GPIO_ResetBits
<LI><a href="#[38d4088]">&gt;&gt;</a>&nbsp;&nbsp;&nbsp;__aeabi_ui2d
<LI><a href="#[38d4394]">&gt;&gt;</a>&nbsp;&nbsp;&nbsp;__aeabi_d2uiz
<LI><a href="#[38d45ec]">&gt;&gt;</a>&nbsp;&nbsp;&nbsp;__aeabi_ddiv
</UL>
<BR>[Called By]<UL><LI><a href="#[26863b0]">&gt;&gt;</a>&nbsp;&nbsp;&nbsp;main
</UL>

<P><STRONG><a name="[26871c0]"></a>Wash1_Run_Handler</STRONG> (Thumb, 484 bytes, Stack size 24 bytes, main.o(.text))
<BR><BR>[Stack]<UL><LI>Max Depth = 220 + Unknown Stack Size
<LI>Call Chain = Wash1_Run_Handler &rArr; RedrawValue &rArr; DrawCalibLog &rArr; DrawTinyNumber &rArr; NEMERIC_8X10_BU_W &rArr; NAND_ReadData2 &rArr; FSMC_NAND_ReadSmallPage &rArr; FSMC_NAND_GetStatus
</UL>
<BR>[Calls]<UL><LI><a href="#[26849e8]">&gt;&gt;</a>&nbsp;&nbsp;&nbsp;display_message1
<LI><a href="#[2685bb8]">&gt;&gt;</a>&nbsp;&nbsp;&nbsp;GPIO_SetBits
<LI><a href="#[2685bf4]">&gt;&gt;</a>&nbsp;&nbsp;&nbsp;GPIO_ReadInputDataBit
<LI><a href="#[268611c]">&gt;&gt;</a>&nbsp;&nbsp;&nbsp;ClearViewArea5
<LI><a href="#[2687454]">&gt;&gt;</a>&nbsp;&nbsp;&nbsp;RedrawValue
<LI><a href="#[2687490]">&gt;&gt;</a>&nbsp;&nbsp;&nbsp;RedrawMainValue
<LI><a href="#[268b66c]">&gt;&gt;</a>&nbsp;&nbsp;&nbsp;GPIO_ResetBits
<LI><a href="#[38d4088]">&gt;&gt;</a>&nbsp;&nbsp;&nbsp;__aeabi_ui2d
<LI><a href="#[38d4394]">&gt;&gt;</a>&nbsp;&nbsp;&nbsp;__aeabi_d2uiz
<LI><a href="#[38d45ec]">&gt;&gt;</a>&nbsp;&nbsp;&nbsp;__aeabi_ddiv
</UL>
<BR>[Called By]<UL><LI><a href="#[26863b0]">&gt;&gt;</a>&nbsp;&nbsp;&nbsp;main
</UL>

<P><STRONG><a name="[2687184]"></a>MoveBackState</STRONG> (Thumb, 18 bytes, Stack size 0 bytes, main.o(.text))
<BR><BR>[Called By]<UL><LI><a href="#[26862fc]">&gt;&gt;</a>&nbsp;&nbsp;&nbsp;State_CalibManual
<LI><a href="#[2686338]">&gt;&gt;</a>&nbsp;&nbsp;&nbsp;State_CalibZero
<LI><a href="#[26865cc]">&gt;&gt;</a>&nbsp;&nbsp;&nbsp;State_Config
<LI><a href="#[2686644]">&gt;&gt;</a>&nbsp;&nbsp;&nbsp;State_Calib
<LI><a href="#[26866bc]">&gt;&gt;</a>&nbsp;&nbsp;&nbsp;State_Trend
<LI><a href="#[2686734]">&gt;&gt;</a>&nbsp;&nbsp;&nbsp;State_Alarm
<LI><a href="#[2686770]">&gt;&gt;</a>&nbsp;&nbsp;&nbsp;State_Diagnostic
<LI><a href="#[26867ac]">&gt;&gt;</a>&nbsp;&nbsp;&nbsp;State_ConfigOutput
<LI><a href="#[2686860]">&gt;&gt;</a>&nbsp;&nbsp;&nbsp;State_ConfigOutput2
<LI><a href="#[2686914]">&gt;&gt;</a>&nbsp;&nbsp;&nbsp;State_ConfigComm
<LI><a href="#[2686950]">&gt;&gt;</a>&nbsp;&nbsp;&nbsp;State_ConfigEthernet
<LI><a href="#[268698c]">&gt;&gt;</a>&nbsp;&nbsp;&nbsp;State_ConfigRelay
<LI><a href="#[2686a04]">&gt;&gt;</a>&nbsp;&nbsp;&nbsp;State_ConfigTime
<LI><a href="#[2686a40]">&gt;&gt;</a>&nbsp;&nbsp;&nbsp;State_ConfigAdjust
<LI><a href="#[2686ab8]">&gt;&gt;</a>&nbsp;&nbsp;&nbsp;State_CalibBuff
<LI><a href="#[2686b30]">&gt;&gt;</a>&nbsp;&nbsp;&nbsp;State_CalibBuff_EC
<LI><a href="#[2686b6c]">&gt;&gt;</a>&nbsp;&nbsp;&nbsp;State_CalibBuffPH4
<LI><a href="#[2686ba8]">&gt;&gt;</a>&nbsp;&nbsp;&nbsp;State_CalibBuffPH7
<LI><a href="#[2686be4]">&gt;&gt;</a>&nbsp;&nbsp;&nbsp;State_CalibSpan
<LI><a href="#[2686c20]">&gt;&gt;</a>&nbsp;&nbsp;&nbsp;State_CalibTemp
<LI><a href="#[2686cd4]">&gt;&gt;</a>&nbsp;&nbsp;&nbsp;State_CalibS2Cycle
<LI><a href="#[2686d10]">&gt;&gt;</a>&nbsp;&nbsp;&nbsp;State_CalibLog
<LI><a href="#[2686d4c]">&gt;&gt;</a>&nbsp;&nbsp;&nbsp;State_ConfigRelayRelay1
<LI><a href="#[2686dc4]">&gt;&gt;</a>&nbsp;&nbsp;&nbsp;State_ConfigRelayRelay2
<LI><a href="#[2686e3c]">&gt;&gt;</a>&nbsp;&nbsp;&nbsp;State_ConfigRelayRelay3
<LI><a href="#[2686ef0]">&gt;&gt;</a>&nbsp;&nbsp;&nbsp;State_ConfigAdjustGradient
<LI><a href="#[2686f2c]">&gt;&gt;</a>&nbsp;&nbsp;&nbsp;State_ConfigAdjustOffset
<LI><a href="#[2686f68]">&gt;&gt;</a>&nbsp;&nbsp;&nbsp;State_ConfigAdjustFilter
<LI><a href="#[2686fa4]">&gt;&gt;</a>&nbsp;&nbsp;&nbsp;State_ConfigAdjustFactoryReset
<LI><a href="#[268701c]">&gt;&gt;</a>&nbsp;&nbsp;&nbsp;State_ConfigRelayRelay1AutoWash
<LI><a href="#[2687058]">&gt;&gt;</a>&nbsp;&nbsp;&nbsp;State_ConfigRelayRelay1manualWASH
<LI><a href="#[268710c]">&gt;&gt;</a>&nbsp;&nbsp;&nbsp;State_ConfigRelayRelay3SetOP
<LI><a href="#[2687148]">&gt;&gt;</a>&nbsp;&nbsp;&nbsp;State_ConfigRelayRelay3manualOP
</UL>

<P><STRONG><a name="[2687148]"></a>State_ConfigRelayRelay3manualOP</STRONG> (Thumb, 314 bytes, Stack size 8 bytes, main.o(.text))
<BR><BR>[Stack]<UL><LI>Max Depth = 220 + Unknown Stack Size
<LI>Call Chain = State_ConfigRelayRelay3manualOP &rArr; RedrawViewArea &rArr; RedrawMainView &rArr; RedrawMainValue &rArr; Draw_2CH_TEMP_Number &rArr; NEMERIC_2CH_TEMP &rArr; NAND_ReadData2 &rArr; FSMC_NAND_ReadSmallPage &rArr; FSMC_NAND_GetStatus
</UL>
<BR>[Calls]<UL><LI><a href="#[2684664]">&gt;&gt;</a>&nbsp;&nbsp;&nbsp;display_set11_stop
<LI><a href="#[26846a0]">&gt;&gt;</a>&nbsp;&nbsp;&nbsp;display_set11_run
<LI><a href="#[26848bc]">&gt;&gt;</a>&nbsp;&nbsp;&nbsp;display_message_STOP
<LI><a href="#[26849ac]">&gt;&gt;</a>&nbsp;&nbsp;&nbsp;display_message2
<LI><a href="#[2685618]">&gt;&gt;</a>&nbsp;&nbsp;&nbsp;TFT_Fill
<LI><a href="#[2685bb8]">&gt;&gt;</a>&nbsp;&nbsp;&nbsp;GPIO_SetBits
<LI><a href="#[2685c30]">&gt;&gt;</a>&nbsp;&nbsp;&nbsp;Flash_Write
<LI><a href="#[2686284]">&gt;&gt;</a>&nbsp;&nbsp;&nbsp;CheckButton
<LI><a href="#[2687184]">&gt;&gt;</a>&nbsp;&nbsp;&nbsp;MoveBackState
<LI><a href="#[26872ec]">&gt;&gt;</a>&nbsp;&nbsp;&nbsp;RedrawBottomArea
<LI><a href="#[2687364]">&gt;&gt;</a>&nbsp;&nbsp;&nbsp;RedrawViewArea
<LI><a href="#[26873a0]">&gt;&gt;</a>&nbsp;&nbsp;&nbsp;RedrawMainView
<LI><a href="#[26873dc]">&gt;&gt;</a>&nbsp;&nbsp;&nbsp;RedrawTitle
<LI><a href="#[268b66c]">&gt;&gt;</a>&nbsp;&nbsp;&nbsp;GPIO_ResetBits
<LI><a href="#[38d57f8]">&gt;&gt;</a>&nbsp;&nbsp;&nbsp;__aeabi_memcpy4
</UL>
<BR>[Called By]<UL><LI><a href="#[26864a0]">&gt;&gt;</a>&nbsp;&nbsp;&nbsp;StateHandler
</UL>

<P><STRONG><a name="[268710c]"></a>State_ConfigRelayRelay3SetOP</STRONG> (Thumb, 672 bytes, Stack size 8 bytes, main.o(.text))
<BR><BR>[Stack]<UL><LI>Max Depth = 220 + Unknown Stack Size
<LI>Call Chain = State_ConfigRelayRelay3SetOP &rArr; RedrawViewArea &rArr; RedrawMainView &rArr; RedrawMainValue &rArr; Draw_2CH_TEMP_Number &rArr; NEMERIC_2CH_TEMP &rArr; NAND_ReadData2 &rArr; FSMC_NAND_ReadSmallPage &rArr; FSMC_NAND_GetStatus
</UL>
<BR>[Calls]<UL><LI><a href="#[2685c30]">&gt;&gt;</a>&nbsp;&nbsp;&nbsp;Flash_Write
<LI><a href="#[2686284]">&gt;&gt;</a>&nbsp;&nbsp;&nbsp;CheckButton
<LI><a href="#[2687184]">&gt;&gt;</a>&nbsp;&nbsp;&nbsp;MoveBackState
<LI><a href="#[26872ec]">&gt;&gt;</a>&nbsp;&nbsp;&nbsp;RedrawBottomArea
<LI><a href="#[2687364]">&gt;&gt;</a>&nbsp;&nbsp;&nbsp;RedrawViewArea
<LI><a href="#[26873a0]">&gt;&gt;</a>&nbsp;&nbsp;&nbsp;RedrawMainView
<LI><a href="#[26873dc]">&gt;&gt;</a>&nbsp;&nbsp;&nbsp;RedrawTitle
<LI><a href="#[268d3f4]">&gt;&gt;</a>&nbsp;&nbsp;&nbsp;DrawRelay3Wash
<LI><a href="#[38d57f8]">&gt;&gt;</a>&nbsp;&nbsp;&nbsp;__aeabi_memcpy4
</UL>
<BR>[Called By]<UL><LI><a href="#[26864a0]">&gt;&gt;</a>&nbsp;&nbsp;&nbsp;StateHandler
</UL>

<P><STRONG><a name="[26870d0]"></a>State_ConfigRelayRelay2AlarmOFF</STRONG> (Thumb, 118 bytes, Stack size 8 bytes, main.o(.text))
<BR><BR>[Stack]<UL><LI>Max Depth = 220 + Unknown Stack Size
<LI>Call Chain = State_ConfigRelayRelay2AlarmOFF &rArr; RedrawViewArea &rArr; RedrawMainView &rArr; RedrawMainValue &rArr; Draw_2CH_TEMP_Number &rArr; NEMERIC_2CH_TEMP &rArr; NAND_ReadData2 &rArr; FSMC_NAND_ReadSmallPage &rArr; FSMC_NAND_GetStatus
</UL>
[...]
</UL>
<BR>[Calls]<UL><LI><a href="#[38dd4e4]">&gt;&gt;</a>&nbsp;&nbsp;&nbsp;SPI_WaitFlagStateUntilTimeout
</UL>
<BR>[Called By]<UL><LI><a href="#[37329cc]">&gt;&gt;</a>&nbsp;&nbsp;&nbsp;HAL_SPI_TransmitReceive
<LI><a href="#[3732a08]">&gt;&gt;</a>&nbsp;&nbsp;&nbsp;HAL_SPI_Transmit
<LI><a href="#[38dd0ac]">&gt;&gt;</a>&nbsp;&nbsp;&nbsp;SPI_DMATransmitReceiveCplt
<LI><a href="#[38dd19c]">&gt;&gt;</a>&nbsp;&nbsp;&nbsp;SPI_DMATransmitCplt
<LI><a href="#[38dd304]">&gt;&gt;</a>&nbsp;&nbsp;&nbsp;SPI_CloseRxTx_ISR
<LI><a href="#[38dd46c]">&gt;&gt;</a>&nbsp;&nbsp;&nbsp;SPI_CloseTx_ISR
</UL>

<P><STRONG><a name="[38dd46c]"></a>SPI_CloseTx_ISR</STRONG> (Thumb, 146 bytes, Stack size 16 bytes, stm32f1xx_hal_spi.o(.text))
<BR><BR>[Stack]<UL><LI>Max Depth = 64<LI>Call Chain = SPI_CloseTx_ISR &rArr; SPI_CheckFlag_BSY &rArr; SPI_WaitFlagStateUntilTimeout
</UL>
<BR>[Calls]<UL><LI><a href="#[37353fc]">&gt;&gt;</a>&nbsp;&nbsp;&nbsp;HAL_GetTick
<LI><a href="#[38dc9e0]">&gt;&gt;</a>&nbsp;&nbsp;&nbsp;HAL_SPI_ErrorCallback
<LI><a href="#[38dca1c]">&gt;&gt;</a>&nbsp;&nbsp;&nbsp;HAL_SPI_TxCpltCallback
<LI><a href="#[38dd4a8]">&gt;&gt;</a>&nbsp;&nbsp;&nbsp;SPI_CheckFlag_BSY
</UL>
<BR>[Called By]<UL><LI><a href="#[38dd3f4]">&gt;&gt;</a>&nbsp;&nbsp;&nbsp;SPI_TxISR_16BIT
<LI><a href="#[38dd430]">&gt;&gt;</a>&nbsp;&nbsp;&nbsp;SPI_TxISR_8BIT
</UL>

<P><STRONG><a name="[38dd430]"></a>SPI_TxISR_8BIT</STRONG> (Thumb, 34 bytes, Stack size 8 bytes, stm32f1xx_hal_spi.o(.text))
<BR><BR>[Stack]<UL><LI>Max Depth = 72<LI>Call Chain = SPI_TxISR_8BIT &rArr; SPI_CloseTx_ISR &rArr; SPI_CheckFlag_BSY &rArr; SPI_WaitFlagStateUntilTimeout
</UL>
<BR>[Calls]<UL><LI><a href="#[38dd46c]">&gt;&gt;</a>&nbsp;&nbsp;&nbsp;SPI_CloseTx_ISR
</UL>
<BR>[Address Reference Count : 1]<UL><LI> stm32f1xx_hal_spi.o(.text)
</UL>
<P><STRONG><a name="[38dd3f4]"></a>SPI_TxISR_16BIT</STRONG> (Thumb, 36 bytes, Stack size 8 bytes, stm32f1xx_hal_spi.o(.text))
<BR><BR>[Stack]<UL><LI>Max Depth = 72<LI>Call Chain = SPI_TxISR_16BIT &rArr; SPI_CloseTx_ISR &rArr; SPI_CheckFlag_BSY &rArr; SPI_WaitFlagStateUntilTimeout
</UL>
<BR>[Calls]<UL><LI><a href="#[38dd46c]">&gt;&gt;</a>&nbsp;&nbsp;&nbsp;SPI_CloseTx_ISR
</UL>
<BR>[Address Reference Count : 1]<UL><LI> stm32f1xx_hal_spi.o(.text)
</UL>
<P><STRONG><a name="[38dd3b8]"></a>SPI_CloseRx_ISR</STRONG> (Thumb, 98 bytes, Stack size 8 bytes, stm32f1xx_hal_spi.o(.text))
<BR><BR>[Stack]<UL><LI>Max Depth = 8<LI>Call Chain = SPI_CloseRx_ISR
</UL>
<BR>[Calls]<UL><LI><a href="#[38dc9a4]">&gt;&gt;</a>&nbsp;&nbsp;&nbsp;HAL_SPI_RxCpltCallback
<LI><a href="#[38dc9e0]">&gt;&gt;</a>&nbsp;&nbsp;&nbsp;HAL_SPI_ErrorCallback
</UL>
<BR>[Called By]<UL><LI><a href="#[38dd340]">&gt;&gt;</a>&nbsp;&nbsp;&nbsp;SPI_RxISR_16BIT
<LI><a href="#[38dd37c]">&gt;&gt;</a>&nbsp;&nbsp;&nbsp;SPI_RxISR_8BIT
</UL>

<P><STRONG><a name="[38dd37c]"></a>SPI_RxISR_8BIT</STRONG> (Thumb, 34 bytes, Stack size 8 bytes, stm32f1xx_hal_spi.o(.text))
<BR><BR>[Stack]<UL><LI>Max Depth = 16<LI>Call Chain = SPI_RxISR_8BIT &rArr; SPI_CloseRx_ISR
</UL>
<BR>[Calls]<UL><LI><a href="#[38dd3b8]">&gt;&gt;</a>&nbsp;&nbsp;&nbsp;SPI_CloseRx_ISR
</UL>
<BR>[Address Reference Count : 1]<UL><LI> stm32f1xx_hal_spi.o(.text)
</UL>
<P><STRONG><a name="[38dd340]"></a>SPI_RxISR_16BIT</STRONG> (Thumb, 36 bytes, Stack size 8 bytes, stm32f1xx_hal_spi.o(.text))
<BR><BR>[Stack]<UL><LI>Max Depth = 16<LI>Call Chain = SPI_RxISR_16BIT &rArr; SPI_CloseRx_ISR
</UL>
<BR>[Calls]<UL><LI><a href="#[38dd3b8]">&gt;&gt;</a>&nbsp;&nbsp;&nbsp;SPI_CloseRx_ISR
</UL>
<BR>[Address Reference Count : 1]<UL><LI> stm32f1xx_hal_spi.o(.text)
</UL>
<P><STRONG><a name="[38dd304]"></a>SPI_CloseRxTx_ISR</STRONG> (Thumb, 174 bytes, Stack size 16 bytes, stm32f1xx_hal_spi.o(.text))
<BR><BR>[Stack]<UL><LI>Max Depth = 64<LI>Call Chain = SPI_CloseRxTx_ISR &rArr; SPI_CheckFlag_BSY &rArr; SPI_WaitFlagStateUntilTimeout
</UL>
<BR>[Calls]<UL><LI><a href="#[37353fc]">&gt;&gt;</a>&nbsp;&nbsp;&nbsp;HAL_GetTick
<LI><a href="#[38dc968]">&gt;&gt;</a>&nbsp;&nbsp;&nbsp;HAL_SPI_TxRxCpltCallback
<LI><a href="#[38dc9a4]">&gt;&gt;</a>&nbsp;&nbsp;&nbsp;HAL_SPI_RxCpltCallback
<LI><a href="#[38dc9e0]">&gt;&gt;</a>&nbsp;&nbsp;&nbsp;HAL_SPI_ErrorCallback
<LI><a href="#[38dd4a8]">&gt;&gt;</a>&nbsp;&nbsp;&nbsp;SPI_CheckFlag_BSY
</UL>
<BR>[Called By]<UL><LI><a href="#[38dd214]">&gt;&gt;</a>&nbsp;&nbsp;&nbsp;SPI_2linesRxISR_16BIT
<LI><a href="#[38dd250]">&gt;&gt;</a>&nbsp;&nbsp;&nbsp;SPI_2linesTxISR_16BIT
<LI><a href="#[38dd28c]">&gt;&gt;</a>&nbsp;&nbsp;&nbsp;SPI_2linesRxISR_8BIT
<LI><a href="#[38dd2c8]">&gt;&gt;</a>&nbsp;&nbsp;&nbsp;SPI_2linesTxISR_8BIT
</UL>

<P><STRONG><a name="[38dd2c8]"></a>SPI_2linesTxISR_8BIT</STRONG> (Thumb, 50 bytes, Stack size 8 bytes, stm32f1xx_hal_spi.o(.text))
<BR><BR>[Stack]<UL><LI>Max Depth = 72<LI>Call Chain = SPI_2linesTxISR_8BIT &rArr; SPI_CloseRxTx_ISR &rArr; SPI_CheckFlag_BSY &rArr; SPI_WaitFlagStateUntilTimeout
</UL>
<BR>[Calls]<UL><LI><a href="#[38dd304]">&gt;&gt;</a>&nbsp;&nbsp;&nbsp;SPI_CloseRxTx_ISR
</UL>
<BR>[Address Reference Count : 1]<UL><LI> stm32f1xx_hal_spi.o(.text)
</UL>
<P><STRONG><a name="[38dd28c]"></a>SPI_2linesRxISR_8BIT</STRONG> (Thumb, 50 bytes, Stack size 8 bytes, stm32f1xx_hal_spi.o(.text))
<BR><BR>[Stack]<UL><LI>Max Depth = 72<LI>Call Chain = SPI_2linesRxISR_8BIT &rArr; SPI_CloseRxTx_ISR &rArr; SPI_CheckFlag_BSY &rArr; SPI_WaitFlagStateUntilTimeout
</UL>
<BR>[Calls]<UL><LI><a href="#[38dd304]">&gt;&gt;</a>&nbsp;&nbsp;&nbsp;SPI_CloseRxTx_ISR
</UL>
<BR>[Address Reference Count : 1]<UL><LI> stm32f1xx_hal_spi.o(.text)
</UL>
<P><STRONG><a name="[38dd250]"></a>SPI_2linesTxISR_16BIT</STRONG> (Thumb, 52 bytes, Stack size 8 bytes, stm32f1xx_hal_spi.o(.text))
<BR><BR>[Stack]<UL><LI>Max Depth = 72<LI>Call Chain = SPI_2linesTxISR_16BIT &rArr; SPI_CloseRxTx_ISR &rArr; SPI_CheckFlag_BSY &rArr; SPI_WaitFlagStateUntilTimeout
</UL>
<BR>[Calls]<UL><LI><a href="#[38dd304]">&gt;&gt;</a>&nbsp;&nbsp;&nbsp;SPI_CloseRxTx_ISR
</UL>
<BR>[Address Reference Count : 1]<UL><LI> stm32f1xx_hal_spi.o(.text)
</UL>
<P><STRONG><a name="[38dd214]"></a>SPI_2linesRxISR_16BIT</STRONG> (Thumb, 52 bytes, Stack size 8 bytes, stm32f1xx_hal_spi.o(.text))
<BR><BR>[Stack]<UL><LI>Max Depth = 72<LI>Call Chain = SPI_2linesRxISR_16BIT &rArr; SPI_CloseRxTx_ISR &rArr; SPI_CheckFlag_BSY &rArr; SPI_WaitFlagStateUntilTimeout
</UL>
<BR>[Calls]<UL><LI><a href="#[38dd304]">&gt;&gt;</a>&nbsp;&nbsp;&nbsp;SPI_CloseRxTx_ISR
</UL>
<BR>[Address Reference Count : 1]<UL><LI> stm32f1xx_hal_spi.o(.text)
</UL>
<P><STRONG><a name="[38dd1d8]"></a>SPI_DMAError</STRONG> (Thumb, 40 bytes, Stack size 16 bytes, stm32f1xx_hal_spi.o(.text))
<BR><BR>[Stack]<UL><LI>Max Depth = 16<LI>Call Chain = SPI_DMAError
</UL>
<BR>[Calls]<UL><LI><a href="#[38dc9e0]">&gt;&gt;</a>&nbsp;&nbsp;&nbsp;HAL_SPI_ErrorCallback
</UL>
<BR>[Address Reference Count : 1]<UL><LI> stm32f1xx_hal_spi.o(.text)
</UL>
<P><STRONG><a name="[38dd19c]"></a>SPI_DMATransmitCplt</STRONG> (Thumb, 108 bytes, Stack size 16 bytes, stm32f1xx_hal_spi.o(.text))
<BR><BR>[Stack]<UL><LI>Max Depth = 64<LI>Call Chain = SPI_DMATransmitCplt &rArr; SPI_CheckFlag_BSY &rArr; SPI_WaitFlagStateUntilTimeout
</UL>
<BR>[Calls]<UL><LI><a href="#[37353fc]">&gt;&gt;</a>&nbsp;&nbsp;&nbsp;HAL_GetTick
<LI><a href="#[38dc9e0]">&gt;&gt;</a>&nbsp;&nbsp;&nbsp;HAL_SPI_ErrorCallback
<LI><a href="#[38dca1c]">&gt;&gt;</a>&nbsp;&nbsp;&nbsp;HAL_SPI_TxCpltCallback
<LI><a href="#[38dd4a8]">&gt;&gt;</a>&nbsp;&nbsp;&nbsp;SPI_CheckFlag_BSY
</UL>
<BR>[Address Reference Count : 1]<UL><LI> stm32f1xx_hal_spi.o(.text)
</UL>
<P><STRONG><a name="[38dd160]"></a>SPI_DMAHalfTransmitCplt</STRONG> (Thumb, 14 bytes, Stack size 16 bytes, stm32f1xx_hal_spi.o(.text))
<BR><BR>[Stack]<UL><LI>Max Depth = 16<LI>Call Chain = SPI_DMAHalfTransmitCplt
</UL>
<BR>[Calls]<UL><LI><a href="#[38dc92c]">&gt;&gt;</a>&nbsp;&nbsp;&nbsp;HAL_SPI_TxHalfCpltCallback
</UL>
<BR>[Address Reference Count : 1]<UL><LI> stm32f1xx_hal_spi.o(.text)
</UL>
<P><STRONG><a name="[38dd124]"></a>SPI_DMAReceiveCplt</STRONG> (Thumb, 96 bytes, Stack size 16 bytes, stm32f1xx_hal_spi.o(.text))
<BR><BR>[Stack]<UL><LI>Max Depth = 16<LI>Call Chain = SPI_DMAReceiveCplt
</UL>
<BR>[Calls]<UL><LI><a href="#[38dc9a4]">&gt;&gt;</a>&nbsp;&nbsp;&nbsp;HAL_SPI_RxCpltCallback
<LI><a href="#[38dc9e0]">&gt;&gt;</a>&nbsp;&nbsp;&nbsp;HAL_SPI_ErrorCallback
</UL>
<BR>[Address Reference Count : 1]<UL><LI> stm32f1xx_hal_spi.o(.text)
</UL>
<P><STRONG><a name="[38dd0e8]"></a>SPI_DMAHalfReceiveCplt</STRONG> (Thumb, 14 bytes, Stack size 16 bytes, stm32f1xx_hal_spi.o(.text))
<BR><BR>[Stack]<UL><LI>Max Depth = 16<LI>Call Chain = SPI_DMAHalfReceiveCplt
</UL>
<BR>[Calls]<UL><LI><a href="#[38dc8f0]">&gt;&gt;</a>&nbsp;&nbsp;&nbsp;HAL_SPI_RxHalfCpltCallback
</UL>
<BR>[Address Reference Count : 1]<UL><LI> stm32f1xx_hal_spi.o(.text)
</UL>
<P><STRONG><a name="[38dd0ac]"></a>SPI_DMATransmitReceiveCplt</STRONG> (Thumb, 90 bytes, Stack size 16 bytes, stm32f1xx_hal_spi.o(.text))
<BR><BR>[Stack]<UL><LI>Max Depth = 64<LI>Call Chain = SPI_DMATransmitReceiveCplt &rArr; SPI_CheckFlag_BSY &rArr; SPI_WaitFlagStateUntilTimeout
</UL>
<BR>[Calls]<UL><LI><a href="#[37353fc]">&gt;&gt;</a>&nbsp;&nbsp;&nbsp;HAL_GetTick
<LI><a href="#[38dc968]">&gt;&gt;</a>&nbsp;&nbsp;&nbsp;HAL_SPI_TxRxCpltCallback
<LI><a href="#[38dc9e0]">&gt;&gt;</a>&nbsp;&nbsp;&nbsp;HAL_SPI_ErrorCallback
<LI><a href="#[38dd4a8]">&gt;&gt;</a>&nbsp;&nbsp;&nbsp;SPI_CheckFlag_BSY
</UL>
<BR>[Address Reference Count : 1]<UL><LI> stm32f1xx_hal_spi.o(.text)
</UL>
<P><STRONG><a name="[38dd070]"></a>SPI_DMAHalfTransmitReceiveCplt</STRONG> (Thumb, 14 bytes, Stack size 16 bytes, stm32f1xx_hal_spi.o(.text))
<BR><BR>[Stack]<UL><LI>Max Depth = 16<LI>Call Chain = SPI_DMAHalfTransmitReceiveCplt
</UL>
<BR>[Calls]<UL><LI><a href="#[38dc8b4]">&gt;&gt;</a>&nbsp;&nbsp;&nbsp;HAL_SPI_TxRxHalfCpltCallback
</UL>
<BR>[Address Reference Count : 1]<UL><LI> stm32f1xx_hal_spi.o(.text)
</UL>
<P><STRONG><a name="[38dd034]"></a>SPI_AbortRx_ISR</STRONG> (Thumb, 92 bytes, Stack size 8 bytes, stm32f1xx_hal_spi.o(.text))
<BR><BR>[Stack]<UL><LI>Max Depth = 8<LI>Call Chain = SPI_AbortRx_ISR
</UL>
<BR>[Address Reference Count : 1]<UL><LI> stm32f1xx_hal_spi.o(.text)
</UL>
<P><STRONG><a name="[38dcff8]"></a>SPI_AbortTx_ISR</STRONG> (Thumb, 26 bytes, Stack size 0 bytes, stm32f1xx_hal_spi.o(.text))
<BR>[Address Reference Count : 1]<UL><LI> stm32f1xx_hal_spi.o(.text)
</UL>
<P><STRONG><a name="[38dcfbc]"></a>SPI_DMARxAbortCallback</STRONG> (Thumb, 86 bytes, Stack size 16 bytes, stm32f1xx_hal_spi.o(.text))
<BR><BR>[Stack]<UL><LI>Max Depth = 16<LI>Call Chain = SPI_DMARxAbortCallback
</UL>
<BR>[Calls]<UL><LI><a href="#[38dc878]">&gt;&gt;</a>&nbsp;&nbsp;&nbsp;HAL_SPI_AbortCpltCallback
</UL>
<BR>[Address Reference Count : 1]<UL><LI> stm32f1xx_hal_spi.o(.text)
</UL>
<P><STRONG><a name="[38dcf80]"></a>SPI_DMATxAbortCallback</STRONG> (Thumb, 114 bytes, Stack size 16 bytes, stm32f1xx_hal_spi.o(.text))
<BR><BR>[Stack]<UL><LI>Max Depth = 16<LI>Call Chain = SPI_DMATxAbortCallback
</UL>
<BR>[Calls]<UL><LI><a href="#[38dc878]">&gt;&gt;</a>&nbsp;&nbsp;&nbsp;HAL_SPI_AbortCpltCallback
</UL>
<BR>[Address Reference Count : 1]<UL><LI> stm32f1xx_hal_spi.o(.text)
</UL>
<P><STRONG><a name="[38dcf44]"></a>SPI_DMAAbortOnError</STRONG> (Thumb, 20 bytes, Stack size 16 bytes, stm32f1xx_hal_spi.o(.text))
<BR><BR>[Stack]<UL><LI>Max Depth = 16<LI>Call Chain = SPI_DMAAbortOnError
</UL>
<BR>[Calls]<UL><LI><a href="#[38dc9e0]">&gt;&gt;</a>&nbsp;&nbsp;&nbsp;HAL_SPI_ErrorCallback
</UL>
<BR>[Address Reference Count : 1]<UL><LI> stm32f1xx_hal_spi.o(.text)
</UL>
<P><STRONG><a name="[38dc5a8]"></a>RCC_Delay</STRONG> (Thumb, 32 bytes, Stack size 0 bytes, stm32f1xx_hal_rcc.o(.text))
<BR><BR>[Called By]<UL><LI><a href="#[37345b0]">&gt;&gt;</a>&nbsp;&nbsp;&nbsp;HAL_RCC_OscConfig
</UL>

<P><STRONG><a name="[38dbf90]"></a>TIM_DMAPeriodElapsedCplt</STRONG> (Thumb, 20 bytes, Stack size 16 bytes, stm32f1xx_hal_tim.o(.text))
<BR><BR>[Stack]<UL><LI>Max Depth = 16<LI>Call Chain = TIM_DMAPeriodElapsedCplt
</UL>
<BR>[Calls]<UL><LI><a href="#[37346a0]">&gt;&gt;</a>&nbsp;&nbsp;&nbsp;HAL_TIM_PeriodElapsedCallback
</UL>
<BR>[Address Reference Count : 1]<UL><LI> stm32f1xx_hal_tim.o(.text)
</UL>
<P><STRONG><a name="[38dbf54]"></a>TIM_OC4_SetConfig</STRONG> (Thumb, 80 bytes, Stack size 12 bytes, stm32f1xx_hal_tim.o(.text), UNUSED)
<BR><BR>[Called By]<UL><LI><a href="#[38daf28]">&gt;&gt;</a>&nbsp;&nbsp;&nbsp;HAL_TIM_PWM_ConfigChannel
<LI><a href="#[38dafdc]">&gt;&gt;</a>&nbsp;&nbsp;&nbsp;HAL_TIM_OC_ConfigChannel
</UL>

<P><STRONG><a name="[38dbf18]"></a>TIM_OC3_SetConfig</STRONG> (Thumb, 130 bytes, Stack size 12 bytes, stm32f1xx_hal_tim.o(.text), UNUSED)
<BR><BR>[Called By]<UL><LI><a href="#[38daf28]">&gt;&gt;</a>&nbsp;&nbsp;&nbsp;HAL_TIM_PWM_ConfigChannel
<LI><a href="#[38dafdc]">&gt;&gt;</a>&nbsp;&nbsp;&nbsp;HAL_TIM_OC_ConfigChannel
</UL>

<P><STRONG><a name="[38dbedc]"></a>TIM_OC1_SetConfig</STRONG> (Thumb, 110 bytes, Stack size 12 bytes, stm32f1xx_hal_tim.o(.text), UNUSED)
<BR><BR>[Called By]<UL><LI><a href="#[38daeec]">&gt;&gt;</a>&nbsp;&nbsp;&nbsp;HAL_TIM_OnePulse_ConfigChannel
<LI><a href="#[38daf28]">&gt;&gt;</a>&nbsp;&nbsp;&nbsp;HAL_TIM_PWM_ConfigChannel
<LI><a href="#[38dafdc]">&gt;&gt;</a>&nbsp;&nbsp;&nbsp;HAL_TIM_OC_ConfigChannel
</UL>

<P><STRONG><a name="[38dbea0]"></a>TIM_TI4_SetConfig</STRONG> (Thumb, 60 bytes, Stack size 16 bytes, stm32f1xx_hal_tim.o(.text), UNUSED)
<BR><BR>[Called By]<UL><LI><a href="#[38daf64]">&gt;&gt;</a>&nbsp;&nbsp;&nbsp;HAL_TIM_IC_ConfigChannel
</UL>

<P><STRONG><a name="[38dbe64]"></a>TIM_TI3_SetConfig</STRONG> (Thumb, 56 bytes, Stack size 16 bytes, stm32f1xx_hal_tim.o(.text), UNUSED)
<BR><BR>[Called By]<UL><LI><a href="#[38daf64]">&gt;&gt;</a>&nbsp;&nbsp;&nbsp;HAL_TIM_IC_ConfigChannel
</UL>

<P><STRONG><a name="[38dbe28]"></a>TIM_TI2_SetConfig</STRONG> (Thumb, 58 bytes, Stack size 16 bytes, stm32f1xx_hal_tim.o(.text), UNUSED)
<BR><BR>[Called By]<UL><LI><a href="#[38daeec]">&gt;&gt;</a>&nbsp;&nbsp;&nbsp;HAL_TIM_OnePulse_ConfigChannel
<LI><a href="#[38daf64]">&gt;&gt;</a>&nbsp;&nbsp;&nbsp;HAL_TIM_IC_ConfigChannel
</UL>

<P><STRONG><a name="[38dbdec]"></a>TIM_DMATriggerCplt</STRONG> (Thumb, 20 bytes, Stack size 16 bytes, stm32f1xx_hal_tim.o(.text))
<BR><BR>[Stack]<UL><LI>Max Depth = 16<LI>Call Chain = TIM_DMATriggerCplt
</UL>
<BR>[Calls]<UL><LI><a href="#[38da640]">&gt;&gt;</a>&nbsp;&nbsp;&nbsp;HAL_TIM_TriggerCallback
</UL>
<BR>[Address Reference Count : 1]<UL><LI> stm32f1xx_hal_tim.o(.text)
</UL>
<P><STRONG><a name="[38dbdb0]"></a>TIM_ETR_SetConfig</STRONG> (Thumb, 22 bytes, Stack size 12 bytes, stm32f1xx_hal_tim.o(.text), UNUSED)
<BR><BR>[Called By]<UL><LI><a href="#[38dad48]">&gt;&gt;</a>&nbsp;&nbsp;&nbsp;HAL_TIM_ConfigClockSource
<LI><a href="#[38dad84]">&gt;&gt;</a>&nbsp;&nbsp;&nbsp;HAL_TIM_ConfigOCrefClear
<LI><a href="#[38dbcc0]">&gt;&gt;</a>&nbsp;&nbsp;&nbsp;TIM_SlaveTimer_SetConfig
</UL>

<P><STRONG><a name="[38dbd74]"></a>TIM_ITRx_SetConfig</STRONG> (Thumb, 18 bytes, Stack size 0 bytes, stm32f1xx_hal_tim.o(.text), UNUSED)
<BR><BR>[Called By]<UL><LI><a href="#[38dad48]">&gt;&gt;</a>&nbsp;&nbsp;&nbsp;HAL_TIM_ConfigClockSource
</UL>

<P><STRONG><a name="[38dbd38]"></a>TIM_TI1_ConfigInputStage</STRONG> (Thumb, 38 bytes, Stack size 12 bytes, stm32f1xx_hal_tim.o(.text), UNUSED)
<BR><BR>[Called By]<UL><LI><a href="#[38dad48]">&gt;&gt;</a>&nbsp;&nbsp;&nbsp;HAL_TIM_ConfigClockSource
<LI><a href="#[38dbcc0]">&gt;&gt;</a>&nbsp;&nbsp;&nbsp;TIM_SlaveTimer_SetConfig
</UL>

<P><STRONG><a name="[38dbcfc]"></a>TIM_TI2_ConfigInputStage</STRONG> (Thumb, 40 bytes, Stack size 12 bytes, stm32f1xx_hal_tim.o(.text), UNUSED)
<BR><BR>[Called By]<UL><LI><a href="#[38dad48]">&gt;&gt;</a>&nbsp;&nbsp;&nbsp;HAL_TIM_ConfigClockSource
<LI><a href="#[38dbcc0]">&gt;&gt;</a>&nbsp;&nbsp;&nbsp;TIM_SlaveTimer_SetConfig
</UL>

<P><STRONG><a name="[38dbcc0]"></a>TIM_SlaveTimer_SetConfig</STRONG> (Thumb, 162 bytes, Stack size 24 bytes, stm32f1xx_hal_tim.o(.text), UNUSED)
<BR><BR>[Calls]<UL><LI><a href="#[38dbcfc]">&gt;&gt;</a>&nbsp;&nbsp;&nbsp;TIM_TI2_ConfigInputStage
<LI><a href="#[38dbd38]">&gt;&gt;</a>&nbsp;&nbsp;&nbsp;TIM_TI1_ConfigInputStage
<LI><a href="#[38dbdb0]">&gt;&gt;</a>&nbsp;&nbsp;&nbsp;TIM_ETR_SetConfig
</UL>
<BR>[Called By]<UL><LI><a href="#[38dac94]">&gt;&gt;</a>&nbsp;&nbsp;&nbsp;HAL_TIM_SlaveConfigSynchronization_IT
<LI><a href="#[38dacd0]">&gt;&gt;</a>&nbsp;&nbsp;&nbsp;HAL_TIM_SlaveConfigSynchronization
</UL>

<P><STRONG><a name="[38d9d58]"></a>NVIC_SetPriority</STRONG> (Thumb, 32 bytes, Stack size 8 bytes, stm32f1xx_hal_cortex.o(.text))
<BR><BR>[Stack]<UL><LI>Max Depth = 8<LI>Call Chain = NVIC_SetPriority
</UL>
<BR>[Called By]<UL><LI><a href="#[38df3d4]">&gt;&gt;</a>&nbsp;&nbsp;&nbsp;HAL_SYSTICK_Config
<LI><a href="#[38df44c]">&gt;&gt;</a>&nbsp;&nbsp;&nbsp;HAL_NVIC_SetPriority
</UL>

<P><STRONG><a name="[38d9d1c]"></a>NVIC_GetPriorityGrouping</STRONG> (Thumb, 12 bytes, Stack size 0 bytes, stm32f1xx_hal_cortex.o(.text))
<BR><BR>[Called By]<UL><LI><a href="#[38d9a88]">&gt;&gt;</a>&nbsp;&nbsp;&nbsp;HAL_NVIC_GetPriorityGrouping
<LI><a href="#[38df44c]">&gt;&gt;</a>&nbsp;&nbsp;&nbsp;HAL_NVIC_SetPriority
</UL>

<P><STRONG><a name="[38d9614]"></a>TIM_CCxNChannelCmd</STRONG> (Thumb, 28 bytes, Stack size 12 bytes, stm32f1xx_hal_tim_ex.o(.text), UNUSED)
<BR><BR>[Called By]<UL><LI><a href="#[38d8f84]">&gt;&gt;</a>&nbsp;&nbsp;&nbsp;HAL_TIMEx_OnePulseN_Stop_IT
<LI><a href="#[38d8fc0]">&gt;&gt;</a>&nbsp;&nbsp;&nbsp;HAL_TIMEx_OnePulseN_Start_IT
<LI><a href="#[38d8ffc]">&gt;&gt;</a>&nbsp;&nbsp;&nbsp;HAL_TIMEx_OnePulseN_Stop
<LI><a href="#[38d9038]">&gt;&gt;</a>&nbsp;&nbsp;&nbsp;HAL_TIMEx_OnePulseN_Start
<LI><a href="#[38d9074]">&gt;&gt;</a>&nbsp;&nbsp;&nbsp;HAL_TIMEx_PWMN_Stop_DMA
<LI><a href="#[38d90b0]">&gt;&gt;</a>&nbsp;&nbsp;&nbsp;HAL_TIMEx_PWMN_Start_DMA
<LI><a href="#[38d90ec]">&gt;&gt;</a>&nbsp;&nbsp;&nbsp;HAL_TIMEx_PWMN_Stop_IT
<LI><a href="#[38d9128]">&gt;&gt;</a>&nbsp;&nbsp;&nbsp;HAL_TIMEx_PWMN_Start_IT
<LI><a href="#[38d9164]">&gt;&gt;</a>&nbsp;&nbsp;&nbsp;HAL_TIMEx_PWMN_Stop
<LI><a href="#[38d91a0]">&gt;&gt;</a>&nbsp;&nbsp;&nbsp;HAL_TIMEx_PWMN_Start
<LI><a href="#[38d91dc]">&gt;&gt;</a>&nbsp;&nbsp;&nbsp;HAL_TIMEx_OCN_Stop_DMA
<LI><a href="#[38d9218]">&gt;&gt;</a>&nbsp;&nbsp;&nbsp;HAL_TIMEx_OCN_Start_DMA
<LI><a href="#[38d9254]">&gt;&gt;</a>&nbsp;&nbsp;&nbsp;HAL_TIMEx_OCN_Stop_IT
<LI><a href="#[38d9290]">&gt;&gt;</a>&nbsp;&nbsp;&nbsp;HAL_TIMEx_OCN_Start_IT
<LI><a href="#[38d92cc]">&gt;&gt;</a>&nbsp;&nbsp;&nbsp;HAL_TIMEx_OCN_Stop
<LI><a href="#[38d9308]">&gt;&gt;</a>&nbsp;&nbsp;&nbsp;HAL_TIMEx_OCN_Start
</UL>

<P><STRONG><a name="[38d530c]"></a>_tm_carry</STRONG> (Thumb, 54 bytes, Stack size 12 bytes, mktime.o(.text))
<BR><BR>[Stack]<UL><LI>Max Depth = 12<LI>Call Chain = _tm_carry
</UL>
<BR>[Called By]<UL><LI><a href="#[38d52d0]">&gt;&gt;</a>&nbsp;&nbsp;&nbsp;mktime
</UL>

<P><STRONG><a name="[38d4a60]"></a>_dadd1</STRONG> (Thumb, 0 bytes, Stack size unknown bytes, daddsub_clz.o(x$fpl$dadd), UNUSED)
<BR><BR>[Called By]<UL><LI><a href="#[38d4880]">&gt;&gt;</a>&nbsp;&nbsp;&nbsp;_dsub
</UL>

<P><STRONG><a name="[38d4a24]"></a>_dsub1</STRONG> (Thumb, 0 bytes, Stack size unknown bytes, daddsub_clz.o(x$fpl$dsub), UNUSED)
<BR><BR>[Called By]<UL><LI><a href="#[38d49ac]">&gt;&gt;</a>&nbsp;&nbsp;&nbsp;_dadd
</UL>

<P><STRONG><a name="[38d3b24]"></a>_fadd1</STRONG> (Thumb, 0 bytes, Stack size unknown bytes, faddsub_clz.o(x$fpl$fadd), UNUSED)
<BR><BR>[Called By]<UL><LI><a href="#[38d3944]">&gt;&gt;</a>&nbsp;&nbsp;&nbsp;_fsub
<LI><a href="#[38d39bc]">&gt;&gt;</a>&nbsp;&nbsp;&nbsp;_frsb
</UL>

<P><STRONG><a name="[38d3ae8]"></a>_fsub1</STRONG> (Thumb, 0 bytes, Stack size unknown bytes, faddsub_clz.o(x$fpl$fsub), UNUSED)
<BR><BR>[Called By]<UL><LI><a href="#[38d39bc]">&gt;&gt;</a>&nbsp;&nbsp;&nbsp;_frsb
<LI><a href="#[38d3a70]">&gt;&gt;</a>&nbsp;&nbsp;&nbsp;_fadd
</UL>

<P><STRONG><a name="[39a634c]"></a>_printf_input_char</STRONG> (Thumb, 10 bytes, Stack size 0 bytes, _printf_char_common.o(.text))
<BR>[Address Reference Count : 1]<UL><LI> _printf_char_common.o(.text)
</UL><P>
<H3>
Undefined Global Symbols
</H3><HR></body></html>
